Archive member included because of file (symbol)

cpu/arm920t/libarm920t.a(interrupts.o)
                              cpu/arm920t/start.o (do_undefined_instruction)
cpu/arm920t/s3c24x0/libs3c24x0.a(interrupts.o)
                              cpu/arm920t/libarm920t.a(interrupts.o) (reset_cpu)
cpu/arm920t/s3c24x0/libs3c24x0.a(speed.o)
                              cpu/arm920t/s3c24x0/libs3c24x0.a(interrupts.o) (get_PCLK)
lib_arm/libarm.a(_udivsi3.o)  cpu/arm920t/s3c24x0/libs3c24x0.a(interrupts.o) (__udivsi3)
lib_arm/libarm.a(board.o)     cpu/arm920t/s3c24x0/libs3c24x0.a(speed.o) (hang)
lib_arm/libarm.a(boot_zImage.o)
                              (__u_boot_cmd_boot_noos)
lib_arm/libarm.a(div0.o)      lib_arm/libarm.a(_udivsi3.o) (__div0)
net/libnet.a(net.o)           lib_arm/libarm.a(board.o) (copy_filename)
net/libnet.a(tftp.o)          net/libnet.a(net.o) (TftpStart)
net/libnet.a(bootp.o)         net/libnet.a(net.o) (BootpRequest)
net/libnet.a(rarp.o)          net/libnet.a(net.o) (RarpRequest)
net/libnet.a(eth.o)           lib_arm/libarm.a(board.o) (eth_initialize)
drivers/libdrivers.a(dm9000x.o)
                              net/libnet.a(net.o) (eth_init)
drivers/nand/libnand.a(nand.o)
                              lib_arm/libarm.a(board.o) (nand_init)
drivers/nand/libnand.a(nand_base.o)
                              drivers/nand/libnand.a(nand.o) (nand_scan)
drivers/nand/libnand.a(nand_ids.o)
                              drivers/nand/libnand.a(nand_base.o) (nand_manuf_ids)
drivers/nand/libnand.a(nand_ecc.o)
                              drivers/nand/libnand.a(nand_base.o) (nand_calculate_ecc)
drivers/nand/libnand.a(nand_bbt.o)
                              drivers/nand/libnand.a(nand_base.o) (nand_update_bbt)
drivers/lcd/liblcd.a(embedsky_lcd.o)
                              lib_arm/libarm.a(boot_zImage.o) (nand_read_ll_lcd)
modules/usb.module(usbmain.o)
                              cpu/arm920t/s3c24x0/libs3c24x0.a(interrupts.o) (IsrUsbd)
modules/usb.module(usbout.o)  modules/usb.module(usbmain.o) (Ep3Handler)
modules/usb.module(usbsetup.o)
                              modules/usb.module(usbmain.o) (Ep0Handler)
modules/usb.module(usbinit.o)
                              modules/usb.module(usbout.o) (download_run)
modules/usb.module(usbin.o)   modules/usb.module(usbmain.o) (PrepareEp1Fifo)
modules/usb.module(usblib.o)  modules/usb.module(usbmain.o) (ReconfigUsbd)
modules/wince.module(wince_cmds.o)
                              (__u_boot_cmd_wince)
modules/wince.module(ebootloader.o)
                              modules/wince.module(wince_cmds.o) (TOC_Read)
modules/wince.module(extract_wince_image.o)
                              modules/wince.module(wince_cmds.o) (GetLauchAddrFrmRam)
common/libcommon.a(main.o)    lib_arm/libarm.a(boot_zImage.o) (run_command)
common/libcommon.a(cmd_autoscript.o)
                              (__u_boot_cmd_autoscr)
common/libcommon.a(cmd_bdinfo.o)
                              (__u_boot_cmd_bdinfo)
common/libcommon.a(cmd_boot.o)
                              (__u_boot_cmd_reset)
common/libcommon.a(cmd_bootm.o)
                              (__u_boot_cmd_iminfo)
common/libcommon.a(cmd_cache.o)
                              (__u_boot_cmd_dcache)
common/libcommon.a(cmd_console.o)
                              (__u_boot_cmd_coninfo)
common/libcommon.a(cmd_date.o)
                              (__u_boot_cmd_date)
common/libcommon.a(cmd_elf.o)
                              (__u_boot_cmd_bootvx)
common/libcommon.a(cmd_flash.o)
                              (__u_boot_cmd_protect)
common/libcommon.a(cmd_itest.o)
                              (__u_boot_cmd_itest)
common/libcommon.a(cmd_jffs2.o)
                              (__u_boot_cmd_mtdparts)
common/libcommon.a(cmd_load.o)
                              (__u_boot_cmd_loady)
common/libcommon.a(cmd_mem.o)
                              (__u_boot_cmd_mtest)
common/libcommon.a(cmd_misc.o)
                              (__u_boot_cmd_sleep)
common/libcommon.a(cmd_nand.o)
                              (__u_boot_cmd_nboot)
common/libcommon.a(cmd_net.o)
                              (__u_boot_cmd_ping)
common/libcommon.a(cmd_nvedit.o)
                              (__u_boot_cmd_run)
common/libcommon.a(cmd_usbslave.o)
                              (__u_boot_cmd_usbslave)
common/libcommon.a(cmd_menu.o)
                              (__u_boot_cmd_menu)
common/libcommon.a(command.o)
                              (__u_boot_cmd_question_mark)
common/libcommon.a(console.o)
                              cpu/arm920t/libarm920t.a(interrupts.o) (printf)
common/libcommon.a(devices.o)
                              common/libcommon.a(cmd_console.o) (stdio_names)
common/libcommon.a(dlmalloc.o)
                              drivers/nand/libnand.a(nand_base.o) (free)
common/libcommon.a(env_common.o)
                              common/libcommon.a(cmd_nvedit.o) (env_get_char)
common/libcommon.a(env_nand.o)
[...]
Memory Configuration

Name             Origin             Length             Attributes
*default*        0x00000000         0xffffffff

Linker script and memory map

                0x00000000                . = 0x0
                0x00000000                . = ALIGN (0x4)

.text           0x33d00000    0x24d24
 cpu/arm920t/start.o(.text)
 .text          0x33d00000      0x480 cpu/arm920t/start.o
                0x33d00000                _start
                0x33d00320                Launch
                0x33d00044                _armboot_start
                0x33d00048                _bss_start
                0x33d00054                FREE_RAM_SIZE
                0x33d00050                FREE_RAM_END
                0x33d00058                IRQ_STACK_START
                0x33d0004c                _bss_end
                0x33d0005c                FIQ_STACK_START
 board/EmbedSky/boot_init.o(.text)
 .text          0x33d00480      0x564 board/EmbedSky/boot_init.o
                0x33d00524                nand_init_ll
                0x33d008fc                CopyCode2Ram
                0x33d00554                NF_ReadID
                0x33d008d0                bBootFrmNORFlash
                0x33d00990                clock_init
                0x33d005bc                nand_read_ll
                0x33d00714                nand_read_ll_lp
 board/EmbedSky/lowlevel_init.o(.text)
 .text          0x33d009e4       0x64 board/EmbedSky/lowlevel_init.o
                0x33d009e8                lowlevel_init
 *(.text)
 .text          0x33d00a48      0x280 cpu/arm920t/libarm920t.a(interrupts.o)
                0x33d00ca4                do_irq
                0x33d00bcc                do_undefined_instruction
                0x33d00c80                do_fiq
                0x33d00a74                bad_mode
                0x33d00a48                enable_interrupts
                0x33d00a90                show_regs
                0x33d00a58                disable_interrupts
                0x33d00c14                do_prefetch_abort
                0x33d00bf0                do_software_interrupt
                0x33d00c38                do_data_abort
                0x33d00c5c                do_not_used
 .text          0x33d00cc8      0x50c cpu/arm920t/s3c24x0/libs3c24x0.a(interrupts.o)
                0x33d00e68                udelay_masked
                0x33d00d48                reset_timer_masked
                0x33d010f0                Isr_Init
                0x33d01184                IRQ_Handle
                0x33d00f04                reset_cpu
                0x33d00ef8                get_tbclk
                0x33d00f94                Timer_StartEx
                0x33d00ee4                get_ticks
                0x33d01070                IsrWatchdog
                0x33d00ff0                Timer_StopEx
                0x33d00cc8                interrupt_init
                0x33d00f24                ClearPending
                0x33d00d78                reset_timer
                0x33d00e0c                udelay
                0x33d00dfc                set_timer
                0x33d00d7c                get_timer_masked
                0x33d00f40                Timer_InitEx
                0x33d010a8                IsrTimer4
                0x33d00de8                get_timer
                0x33d010c8                Dummy_isr
 .text          0x33d011d4      0x20c cpu/arm920t/s3c24x0/libs3c24x0.a(speed.o)
                0x33d01324                get_PCLK
                0x33d013d8                get_UCLK
                0x33d01278                get_HCLK
                0x33d01270                get_FCLK
 .text          0x33d013e0       0x98 lib_arm/libarm.a(_udivsi3.o)
                0x33d013e0                __udivsi3
 .text          0x33d01478      0x3f4 lib_arm/libarm.a(board.o)
                0x33d01478                sbrk
                0x33d015d4                start_armboot
                0x33d015c4                hang
 .text          0x33d0186c      0x338 lib_arm/libarm.a(boot_zImage.o)
                0x33d01ae8                boot_noos
                0x33d018a8                call_linux
                0x33d01a54                do_boot_zImage
                0x33d01a6c                test_zImage
                0x33d0196c                boot_zImage
                0x33d01b8c                do_boot_noos
                0x33d01ad8                do_test_zImage
                0x33d01898                tlb_invalidate
                0x33d0186c                cache_clean_invalidate
 .text          0x33d01ba4        0x4 lib_arm/libarm.a(div0.o)
                0x33d01ba4                __div0
 .text          0x33d01ba8     0x1608 net/libnet.a(net.o)
                0x33d02cd4                getenv_VLAN
                0x33d01dfc                NetSetHandler
                0x33d01f18                NetCksum
                0x33d0220c                PingSend
                0x33d02c20                VLAN_to_string
                0x33d02530                NetReceive
                0x33d020a4                NetSendUDPPacket
                0x33d01f64                NetSetIP
                0x33d02460                copy_filename
                0x33d01ba8                NetSetEther
                0x33d01c68                ArpRequest
                0x33d02cec                NetLoop
                0x33d01e8c                ArpTimeoutCheck
                0x33d01f14                NetSendPacket
                0x33d0250c                print_IPaddr
                0x33d02c7c                string_to_VLAN
                0x33d023f8                NetCksumOk
                0x33d024b4                ip_to_string
                0x33d02b90                string_to_ip
                0x33d0241c                NetEthHdrSize
                0x33d01e0c                NetStartAgain
                0x33d02c10                getenv_IPaddr
                0x33d01dc0                NetSetTimeout
 .text          0x33d031b0      0x75c net/libnet.a(tftp.o)
                0x33d036d8                TftpStart
 .text          0x33d0390c      0x6b4 net/libnet.a(bootp.o)
                0x33d03d14                BootpRequest
 .text          0x33d03fc0      0x190 net/libnet.a(rarp.o)
                0x33d04008                RarpRequest
 .text          0x33d04150        0x8 net/libnet.a(eth.o)
                0x33d04150                eth_initialize
 .text          0x33d04158      0x768 drivers/libdrivers.a(dm9000x.o)
                0x33d04258                eth_init
                0x33d04680                eth_send
                0x33d04758                eth_halt
                0x33d04790                eth_rx
 .text          0x33d048c0       0x7c drivers/nand/libnand.a(nand.o)
                0x33d048c0                nand_init
 .text          0x33d0493c     0x2d20 drivers/nand/libnand.a(nand_base.o)
                0x33d065e0                nand_write_calmecc
                0x33d06c0c                nand_scan
                0x33d05d0c                nand_read_raw
                0x33d07620                nand_release
                0x33d0697c                nand_erase_nand
 .text          0x33d0765c      0x298 drivers/nand/libnand.a(nand_ecc.o)
                0x33d0765c                nand_calculate_ecc
                0x33d07770                nand_correct_data
 .text          0x33d078f4     0x15ec drivers/nand/libnand.a(nand_bbt.o)
                0x33d08e78                nand_isbad_bbt
                0x33d08da4                nand_default_bbt
                0x33d0894c                nand_scan_bbt
                0x33d08658                nand_update_bbt
 .text          0x33d08ee0      0xa44 drivers/lcd/liblcd.a(embedsky_lcd.o)
                0x33d08ee0                embedsky_lcd_ClearScr
                0x33d09180                embedsky_lcd_PowerEnable
                0x33d094dc                embedsky_user_logo
                0x33d09464                embedsky_tq_logo
                0x33d08f2c                embedsky_lcd_ClearScr_Rectangle
                0x33d09024                putPixel
                0x33d09048                drawProcessBar
                0x33d095c8                nand_read_ll_lcd
                0x33d08f98                embedsky_paint_Bmp
                0x33d09748                nand_read_ll_lp_lcd
                0x33d091d0                embedsky_lcd_EnvidOnOff
                0x33d091f4                embedsky_lcd_Init
 .text          0x33d09924      0x11c modules/usb.module(usbmain.o)
                0x33d09a0c                _WrDbgStrFifo
                0x33d09924                UsbdMain
                0x33d09938                DbgPrintf
                0x33d09944                IsrUsbd
 .text          0x33d09a40      0x3c4 modules/usb.module(usbout.o)
                0x33d09c40                IsrDma2
                0x33d09ddc                ClearEp3OutPktReady
                0x33d09a90                Ep3Handler
 .text          0x33d09e04      0xc58 modules/usb.module(usbsetup.o)
                0x33d09e48                Ep0Handler
                0x33d09e04                PrintEp0Pkt
                0x33d0a910                InitDescriptorTable
 .text          0x33d0aa5c      0x5f8 modules/usb.module(usbinit.o)
                0x33d0ab44                Clk1_Disable
                0x33d0afd8                HaltDabort
                0x33d0b020                Clk1_Enable
                0x33d0ab28                Clk0_Disable
                0x33d0aa5c                awaitkey
                0x33d0af9c                HaltUndef
                0x33d0afc4                HaltPabort
                0x33d0aacc                Port_Init
                0x33d0ab60                usb_init
                0x33d0afb0                HaltSwi
                0x33d0afec                Clk0_Enable
                0x33d0acd4                usb_receive
 .text          0x33d0b054       0xd8 modules/usb.module(usbin.o)
                0x33d0b0c0                Ep1Handler
                0x33d0b054                PrepareEp1Fifo
 .text          0x33d0b12c      0x3f4 modules/usb.module(usblib.o)
                0x33d0b12c                ReconfigUsbd
                0x33d0b4c0                ConfigEp3IntMode
                0x33d0b338                WrPktEp2
                0x33d0b2a8                RdPktEp0
                0x33d0b398                RdPktEp4
                0x33d0b284                ConfigUsbd
                0x33d0b308                WrPktEp1
                0x33d0b3c8                ConfigEp3DmaMode
                0x33d0b2d8                WrPktEp0
                0x33d0b368                RdPktEp3
 .text          0x33d0b520      0x5cc modules/wince.module(wince_cmds.o)
                0x33d0b620                MarkReservedBlocksUnused
                0x33d0b760                download_nkbin_to_flash
                0x33d0b834                Load_nknb0_to_flash
                0x33d0b5a0                do_wince
                0x33d0b54c                do_eboot
                0x33d0b520                ClearFreeMem
 .text          0x33d0baec      0x7b4 modules/wince.module(ebootloader.o)
                0x33d0bc20                TOC_Write
                0x33d0bed8                ID_Print
                0x33d0bf74                ReadImageFromNand
                0x33d0baec                TOC_Read
                0x33d0bbb8                TOC_Erase
                0x33d0bd38                TOC_Init
                0x33d0bf14                TOC_Print
 .text          0x33d0c2a0      0x7b4 modules/wince.module(extract_wince_image.o)
                0x33d0c2a0                GetLauchAddrFrmRam
                0x33d0c5c4                ExtractImgFrmUSBBuf
                0x33d0c520                OEMMultiBINNotify
                0x33d0c430                OEMMapMemAddr
                0x33d0c48c                OEMVerifyMemory
                0x33d0c2cc                OEMReadData
 .text          0x33d0ca54      0x9c8 common/libcommon.a(main.o)
                0x33d0cd0c                run_command
                0x33d0d3a0                do_run
                0x33d0cb30                readline
                0x33d0d15c                main_loop
 .text          0x33d0d41c      0x284 common/libcommon.a(cmd_autoscript.o)
                0x33d0d41c                autoscript
                0x33d0d660                do_autoscript
 .text          0x33d0d6a0       0xe4 common/libcommon.a(cmd_bdinfo.o)
                0x33d0d6b4                do_bdinfo
 .text          0x33d0d784       0x88 common/libcommon.a(cmd_boot.o)
                0x33d0d784                do_go
 .text          0x33d0d80c      0xe98 common/libcommon.a(cmd_bootm.o)
                0x33d0ddc8                do_iminfo
                0x33d0dfa0                do_bootm
                0x33d0d80c                do_bootd
                0x33d0de44                gunzip
                0x33d0d830                print_image_hdr
 .text          0x33d0e6a4      0x154 common/libcommon.a(cmd_cache.o)
                0x33d0e770                do_icache
                0x33d0e6e8                do_dcache
 .text          0x33d0e7f8       0xd8 common/libcommon.a(cmd_console.o)
                0x33d0e7f8                do_coninfo
 .text          0x33d0e8d0      0x33c common/libcommon.a(cmd_date.o)
                0x33d0eb00                do_date
                0x33d0e918                mk_date
 .text          0x33d0ec0c      0x394 common/libcommon.a(cmd_elf.o)
                0x33d0ed7c                do_bootvx
                0x33d0eef8                do_bootelf
                0x33d0ec60                load_elf_image
                0x33d0ec0c                valid_elf_image
 .text          0x33d0efa0      0xdd0 common/libcommon.a(cmd_flash.o)
                0x33d0f50c                flash_sect_erase
                0x33d0f9d0                do_protect
                0x33d0f470                do_flinfo
                0x33d0f638                do_flerase
                0x33d0f8a8                flash_sect_protect
 .text          0x33d0fd70      0x2f0 common/libcommon.a(cmd_itest.o)
                0x33d0fdd8                binary_test
                0x33d0ffb4                do_itest
 .text          0x33d10060     0x21fc common/libcommon.a(cmd_jffs2.o)
                0x33d1114c                find_dev_and_part
                0x33d1195c                do_jffs2_fsload
                0x33d112f0                mtdparts_init
                0x33d11b68                do_jffs2_fsinfo
                0x33d11ae8                do_jffs2_ls
                0x33d10da8                id_parse
                0x33d11cc0                do_jffs2_mtdparts
                0x33d11bfc                do_jffs2_chpart
 .text          0x33d1225c      0xf6c common/libcommon.a(cmd_load.o)
                0x33d12550                send_pad
                0x33d12848                k_data_char
                0x33d12758                k_data_init
                0x33d12678                send_nack
                0x33d12af0                do_load_serial_bin
                0x33d127e4                k_data_restore
                0x33d12780                k_data_save
                0x33d1258c                ktrans
                0x33d1225c                do_load_serial
                0x33d125b8                chk1
                0x33d12614                send_ack
                0x33d128bc                handle_send_packet
                0x33d125e8                s1_sendpacket
 .text          0x33d131c8      0xb28 common/libcommon.a(cmd_mem.o)
                0x33d1351c                do_mem_cmp
                0x33d136d8                do_mem_cp
                0x33d1323c                do_mem_md
                0x33d13c38                do_mem_crc
                0x33d13c10                do_mem_mm
                0x33d1380c                do_mem_base
                0x33d13be8                do_mem_nm
                0x33d13450                do_mem_mw
                0x33d13850                do_mem_loop
                0x33d131c8                cmd_get_data_size
                0x33d13954                do_mem_mtest
 .text          0x33d13cf0       0x9c common/libcommon.a(cmd_misc.o)
                0x33d13cf0                do_sleep
 .text          0x33d13d8c     0x1288 common/libcommon.a(cmd_nand.o)
                0x33d13fc8                do_nand
                0x33d14df0                do_nandboot
 .text          0x33d15014      0x37c common/libcommon.a(cmd_net.o)
                0x33d152d4                do_rarpb
                0x33d152ec                do_bootp
                0x33d152f8                do_ping
                0x33d152e0                do_tftpb
 .text          0x33d15390      0x8b8 common/libcommon.a(cmd_nvedit.o)
                0x33d15adc                getenv
                0x33d15a64                setenv
                0x33d155c0                _do_setenv
                0x33d15404                do_printenv
                0x33d15a9c                do_setenv
                0x33d15c1c                do_saveenv
                0x33d15b58                getenv_r
 .text          0x33d15c48      0x1d4 common/libcommon.a(cmd_usbslave.o)
                0x33d15c48                do_usbslave
 .text          0x33d15e1c      0xef0 common/libcommon.a(cmd_menu.o)
                0x33d16134                lcd_menu_usage
                0x33d15e90                param_menu_shell
                0x33d16a08                menu_shell
                0x33d163a8                main_menu_usage
                0x33d1654c                tftp_menu_shell
                0x33d161c0                lcd_menu_shell
                0x33d15e1c                param_menu_usage
                0x33d16cfc                do_menu
 .text          0x33d16d0c      0x308 common/libcommon.a(command.o)
                0x33d16dac                find_cmd
                0x33d16d2c                do_echo
                0x33d16d0c                do_version
                0x33d16e54                do_help
 .text          0x33d17014      0x4d0 common/libcommon.a(console.o)
                0x33d173e8                console_init_f
                0x33d170bc                serial_printf
                0x33d17328                had_ctrlc
                0x33d172b8                ctrlc
                0x33d173f8                console_init_r
                0x33d17338                clear_ctrlc
                0x33d170f4                fgetc
                0x33d1728c                vprintf
                0x33d17144                fputc
                0x33d17310                disable_ctrlc
                0x33d17174                fputs
                0x33d171a0                fprintf
                0x33d1734c                dbg
                0x33d17358                console_assign
                0x33d171f8                tstc
                0x33d171e0                getc
                0x33d17254                printf
                0x33d17238                puts
                0x33d17210                putc
                0x33d1711c                ftstc
 .text          0x33d174e4       0xf0 common/libcommon.a(devices.o)
                0x33d174e4                device_register
                0x33d17508                devices_init
                0x33d175b8                devices_done
 .text          0x33d175d4     0x109c common/libcommon.a(dlmalloc.o)
                0x33d185b8                malloc_usable_size
                0x33d17618                malloc_trim
                0x33d184e4                calloc
                0x33d17f48                realloc
                0x33d17904                malloc
                0x33d175d4                malloc_bin_reloc
                0x33d183b0                memalign
                0x33d185f8                mallopt
                0x33d185b4                cfree
                0x33d184cc                pvalloc
                0x33d176f0                free
                0x33d184c0                valloc
 .text          0x33d18670      0x124 common/libcommon.a(env_common.o)
                0x33d186c4                env_get_char_memory
                0x33d18704                env_relocate
                0x33d186e4                env_get_addr
                0x33d18670                env_crc_update
 .text          0x33d18794      0x204 common/libcommon.a(env_nand.o)
                0x33d187bc                saveenv
                0x33d18910                env_relocate_spec
                0x33d18794                env_get_char_spec
                0x33d187a0                env_init
 .text          0x33d18998       0xc0 common/libcommon.a(exports.o)
                0x33d189a4                jumptable_init
                0x33d1899c                get_version
 .text          0x33d18a58      0x430 common/libcommon.a(flash.o)
                0x33d18da8                flash_perror
                0x33d18bd8                addr2info
                0x33d18a58                flash_protect
                0x33d18c20                flash_write
 .text          0x33d18e88      0x3c8 common/libcommon.a(lists.o)
                0x33d18fe0                ListSetAllocationPolicy
                0x33d18ff8                ListInsertItems
                0x33d18ee8                DisposeHandle
                0x33d18f10                SetHandleSize
                0x33d1922c                ListGetDataPtr
                0x33d191b4                ListGetItems
                0x33d19238                ListGetItemSize
                0x33d18f80                ListCreate
                0x33d191fc                ListGetPtrToItem
                0x33d18ff4                ListDispose
                0x33d19244                ListNumItems
                0x33d191ac                ListInsertItem
                0x33d18f08                GetHandleSize
                0x33d18e88                NewHandle
 .text          0x33d19250      0x2f8 common/libcommon.a(s_record.o)
                0x33d192c4                srec_decode
 .text          0x33d19548      0xcd0 common/libcommon.a(xyzModem.o)
                0x33d1a17c                xyzModem_error
                0x33d195b0                parse_num
                0x33d19cfc                xyzModem_stream_read
                0x33d19b70                xyzModem_stream_open
                0x33d19548                CYGACC_COMM_IF_GETC_TIMEOUT
                0x33d195a4                CYGACC_COMM_IF_PUTC
                0x33d1a068                xyzModem_stream_terminate
                0x33d1a00c                xyzModem_stream_close
 .text          0x33d1a218       0x4c common/libcommon.a(crc16.o)
                0x33d1a218                cyg_crc16
 .text          0x33d1a264      0x1f0 lib_generic/libgeneric.a(crc32.o)
                0x33d1a360                crc32_no_comp
                0x33d1a264                crc32
 .text          0x33d1a454       0xb4 lib_generic/libgeneric.a(display_options.o)
                0x33d1a474                print_size
                0x33d1a454                display_options
 .text          0x33d1a508      0x5a0 lib_generic/libgeneric.a(string.o)
                0x33d1a930                memcpy
                0x33d1a904                bcopy
                0x33d1a728                strspn
                0x33d1a548                strcat
                0x33d1a680                strrchr
                0x33d1a5e4                strncmp
                0x33d1a65c                strlen
                0x33d1a958                memmove
                0x33d1a84c                strsep
                0x33d1a574                strncat
                0x33d1a7c8                strtok
                0x33d1a524                strncpy
                0x33d1a8e0                memset
                0x33d1a9b8                memcmp
                0x33d1a6b8                strnlen
                0x33d1aa78                memchr
                0x33d1aa10                strstr
                0x33d1a5b4                strcmp
                0x33d1a884                strswab
                0x33d1a788                strpbrk
                0x33d1a62c                strchr
                0x33d1a9ec                memscan
                0x33d1a6f0                strdup
                0x33d1a508                strcpy
 .text          0x33d1aaa8      0x800 lib_generic/libgeneric.a(vsprintf.o)
                0x33d1b1e4                printk
                0x33d1ab5c                simple_strtol
                0x33d1adfc                vsprintf
                0x33d1b240                sprintf
                0x33d1aaa8                simple_strtoul
                0x33d1b260                panic
 .text          0x33d1b2a8     0x2be8 lib_generic/libgeneric.a(zlib.o)
                0x33d1b478                inflateReset
                0x33d1b3d8                inflateEnd
                0x33d1b74c                inflateInit
                0x33d1c074                inflate
                0x33d1b7a4                inflateIncomp
                0x33d1b4e0                inflateSync
                0x33d1b5ec                inflateInit2
                0x33d1dd1c                adler32
 .text          0x33d1de90       0xfc board/EmbedSky/libEmbedSky.a(EmbedSky.o)
                0x33d1df6c                dram_init
                0x33d1de90                board_init
 .text          0x33d1df8c      0x71c board/EmbedSky/libEmbedSky.a(flash.o)
                0x33d1df8c                flash_init
                0x33d1e51c                write_buff
                0x33d1e1f8                flash_erase
                0x33d1e0e4                flash_print_info
 .text          0x33d1e6a8      0x168 cpu/arm920t/libarm920t.a(cpu.o)
                0x33d1e7b0                icache_status
                0x33d1e778                icache_enable
                0x33d1e794                icache_disable
                0x33d1e7c4                dcache_enable
                0x33d1e738                cleanup_before_linux
                0x33d1e760                do_reset
                0x33d1e6e0                cpu_init
                0x33d1e7e0                dcache_disable
                0x33d1e7fc                dcache_status
 .text          0x33d1e810      0x178 cpu/arm920t/s3c24x0/libs3c24x0.a(serial.o)
                0x33d1e978                awaitkey2
                0x33d1e8b4                serial_tstc
                0x33d1e8c4                serial_puts
                0x33d1e8ec                do_getc
                0x33d1e864                serial_init
                0x33d1e88c                serial_putc
                0x33d1e874                serial_getc
                0x33d1e810                serial_setbrg
 .text          0x33d1e988      0x1ec cpu/arm920t/s3c24x0/libs3c24x0.a(nand_flash.o)
                0x33d1eab0                board_nand_init
 .text          0x33d1eb74       0x1c lib_arm/libarm.a(_ashldi3.o)
                0x33d1eb74                __ashldi3
 .text          0x33d1eb90       0x1c lib_arm/libarm.a(_ashrdi3.o)
                0x33d1eb90                __ashrdi3
 *fill*         0x33d1ebac       0x14 00
 .text          0x33d1ebc0      0x140 lib_arm/libarm.a(_divsi3.o)
                0x33d1ebc0                __divsi3
 .text          0x33d1ed00      0x100 lib_arm/libarm.a(_modsi3.o)
                0x33d1ed00                __modsi3
 .text          0x33d1ee00       0xb4 lib_arm/libarm.a(_umodsi3.o)
                0x33d1ee00                __umodsi3
 .text          0x33d1eeb4      0x40c lib_arm/libarm.a(armlinux.o)
                0x33d1eeb4                do_bootm_linux
 .text          0x33d1f2c0        0x4 lib_arm/libarm.a(cache.o)
                0x33d1f2c0                flush_cache
 .text          0x33d1f2c4      0x7d8 fs/cramfs/libcramfs.a(cramfs.o)
                0x33d1f800                cramfs_ls
                0x33d1fa30                cramfs_check
                0x33d1f5cc                cramfs_load
                0x33d1f968                cramfs_info
 .text          0x33d1fa9c       0xdc fs/cramfs/libcramfs.a(uncompress.o)
                0x33d1fb60                cramfs_uncompress_exit
                0x33d1fab4                cramfs_uncompress_block
                0x33d1fb00                cramfs_uncompress_init
 .text          0x33d1fb78     0x1f64 fs/jffs2/libjffs2.a(jffs2_1pass.o)
                0x33d2067c                jffs2_1pass_rescan_needed
                0x33d21544                jffs2_1pass_load
                0x33d20414                mkmodestr
                0x33d1fec0                jffs2_free_cache
                0x33d20ca0                jffs2_1pass_ls
                0x33d21934                jffs2_1pass_info
 .text          0x33d21adc       0xd0 fs/jffs2/libjffs2.a(compr_rtime.o)
                0x33d21adc                rtime_decompress
 .text          0x33d21bac      0x128 fs/jffs2/libjffs2.a(compr_rubin.o)
                0x33d21bac                rubin_do_decompress
                0x33d21c8c                dynrubin_decompress
 .text          0x33d21cd4       0x18 fs/jffs2/libjffs2.a(compr_zlib.o)
                0x33d21cd4                zlib_decompress
 .text          0x33d21cec      0xdd0 fs/jffs2/libjffs2.a(mini_inflate.o)
                0x33d221cc                decompress_block
                0x33d21cec                cramfs_memset
                0x33d21d68                pull_bit
                0x33d21d00                pull_bits
 .text          0x33d22abc      0x2b8 rtc/librtc.a(date.o)
                0x33d22abc                GregorianDay
                0x33d22cd4                mktime
                0x33d22bac                to_tm
 .text          0x33d22d74      0x214 rtc/librtc.a(s3c24x0_rtc.o)
                0x33d22eac                rtc_set
                0x33d22dc0                rtc_get
                0x33d22f64                rtc_reset
 .text          0x33d22f88      0xed0 drivers/nand/libnand.a(nand_util.o)
                0x33d2384c                nand_read_opts
                0x33d23d28                nand_unlock
                0x33d23c9c                nand_get_lock_status
                0x33d22f90                nand_erase_opts
                0x33d23320                nand_write_opts
                0x33d23c28                nand_lock
 .text          0x33d23e58      0x388 /opt/EmbedSky/crosstools_3.4.5_softfloat/gcc-3.4.5-glibc-2.3.6/arm-linux/lib/gcc/arm-linux/3.4.5/libgcc.a(_addsubdf3.oS)
                0x33d24168                __floatsidf
                0x33d24140                __floatunsidf
                0x33d23e58                __subdf3
                0x33d23e5c                __adddf3
                0x33d24194                __extendsfdf2
 .text          0x33d241e0      0x580 /opt/EmbedSky/crosstools_3.4.5_softfloat/gcc-3.4.5-glibc-2.3.6/arm-linux/lib/gcc/arm-linux/3.4.5/libgcc.a(_muldivdf3.oS)
                0x33d241e0                __muldf3
                0x33d244f4                __divdf3
 .text          0x33d24760       0x80 /opt/EmbedSky/crosstools_3.4.5_softfloat/gcc-3.4.5-glibc-2.3.6/arm-linux/lib/gcc/arm-linux/3.4.5/libgcc.a(_fixdfsi.oS)
                0x33d24760                __fixdfsi
 .text          0x33d247e0      0x544 /opt/EmbedSky/crosstools_3.4.5_softfloat/gcc-3.4.5-glibc-2.3.6/arm-linux/lib/gcc/arm-linux/3.4.5/libgcc.a(_udivdi3.oS)
                0x33d247e0                __udivdi3

.glue_7         0x33d24d24        0x0

.glue_7t        0x33d24d24        0x0
                0x33d24d24                . = ALIGN (0x4)

.rodata         0x33d24d24      0xa70
 *(.rodata)
 .rodata        0x33d24d24       0x80 cpu/arm920t/libarm920t.a(interrupts.o)
 .rodata        0x33d24da4       0x28 lib_arm/libarm.a(board.o)
                0x33d24da4                version_string
 .rodata        0x33d24dcc        0x8 net/libnet.a(net.o)
 .rodata        0x33d24dd4        0x8 drivers/nand/libnand.a(nand.o)
 .rodata        0x33d24ddc       0x14 drivers/nand/libnand.a(nand_base.o)
 .rodata        0x33d24df0      0x100 drivers/nand/libnand.a(nand_ecc.o)
 .rodata        0x33d24ef0       0x46 modules/usb.module(usbsetup.o)
 *fill*         0x33d24f36        0x2 00
 .rodata        0x33d24f38       0x30 modules/wince.module(wince_cmds.o)
 .rodata        0x33d24f68       0x14 modules/wince.module(ebootloader.o)
 .rodata        0x33d24f7c       0x14 common/libcommon.a(cmd_nvedit.o)
 .rodata        0x33d24f90      0x200 common/libcommon.a(crc16.o)
 .rodata        0x33d25190      0x400 lib_generic/libgeneric.a(crc32.o)
 .rodata        0x33d25590       0x30 cpu/arm920t/s3c24x0/libs3c24x0.a(nand_flash.o)
 .rodata        0x33d255c0       0xa4 fs/jffs2/libjffs2.a(jffs2_1pass.o)
 .rodata        0x33d25664       0x30 rtc/librtc.a(date.o)
 .rodata        0x33d25694      0x100 /opt/EmbedSky/crosstools_3.4.5_softfloat/gcc-3.4.5-glibc-2.3.6/arm-linux/lib/gcc/arm-linux/3.4.5/libgcc.a(_clz.oS)
                0x33d25694                __clz_tab

.rodata.str1.4  0x33d25794     0x8f8f
 .rodata.str1.4
                0x33d25794      0x293 cpu/arm920t/libarm920t.a(interrupts.o)
                                0x29c (size before relaxing)
 *fill*         0x33d25a27        0x1 00
 .rodata.str1.4
                0x33d25a28       0x36 cpu/arm920t/s3c24x0/libs3c24x0.a(interrupts.o)
                                 0x38 (size before relaxing)
 *fill*         0x33d25a5e        0x2 00
 .rodata.str1.4
                0x33d25a60       0xf9 lib_arm/libarm.a(board.o)
                                0x100 (size before relaxing)
 *fill*         0x33d25b59        0x3 00
 .rodata.str1.4
                0x33d25b5c      0x252 lib_arm/libarm.a(boot_zImage.o)
                                0x268 (size before relaxing)
 *fill*         0x33d25dae        0x2 00
 .rodata.str1.4
                0x33d25db0      0x1f9 net/libnet.a(net.o)
                                0x1fc (size before relaxing)
 *fill*         0x33d25fa9        0x3 00
 .rodata.str1.4
                0x33d25fac      0x1df net/libnet.a(tftp.o)
                                0x1ec (size before relaxing)
 *fill*         0x33d2618b        0x1 00
 .rodata.str1.4
                0x33d2618c       0xec net/libnet.a(bootp.o)
                                0x120 (size before relaxing)
 .rodata.str1.4
                0x33d26278       0x23 net/libnet.a(rarp.o)
                                 0x58 (size before relaxing)
 *fill*         0x33d2629b        0x1 00
 .rodata.str1.4
                0x33d2629c       0xcb drivers/libdrivers.a(dm9000x.o)
                                 0xd4 (size before relaxing)
 *fill*         0x33d26367        0x1 00
 .rodata.str1.4
                0x33d26368      0x316 drivers/nand/libnand.a(nand_base.o)
                                0x31c (size before relaxing)
 *fill*         0x33d2667e        0x2 00
 .rodata.str1.4
                0x33d26680      0x43a drivers/nand/libnand.a(nand_ids.o)
                                0x43c (size before relaxing)
 *fill*         0x33d26aba        0x2 00
 .rodata.str1.4
                0x33d26abc      0x308 drivers/nand/libnand.a(nand_bbt.o)
 .rodata.str1.4
                0x33d26dc4       0x62 drivers/lcd/liblcd.a(embedsky_lcd.o)
                                 0x64 (size before relaxing)
 *fill*         0x33d26e26        0x2 00
 .rodata.str1.4
                0x33d26e28       0x18 modules/usb.module(usbout.o)
 .rodata.str1.4
                0x33d26e40      0x12b modules/usb.module(usbsetup.o)
                                0x138 (size before relaxing)
 *fill*         0x33d26f6b        0x1 00
 .rodata.str1.4
                0x33d26f6c      0x15d modules/usb.module(usbinit.o)
                                0x160 (size before relaxing)
 *fill*         0x33d270c9        0x3 00
 .rodata.str1.4
                0x33d270cc      0x25f modules/wince.module(wince_cmds.o)
                                0x260 (size before relaxing)
 *fill*         0x33d2732b        0x1 00
 .rodata.str1.4
                0x33d2732c       0xfc modules/wince.module(ebootloader.o)
 .rodata.str1.4
                0x33d27428      0x22d modules/wince.module(extract_wince_image.o)
                                0x230 (size before relaxing)
 *fill*         0x33d27655        0x3 00
 .rodata.str1.4
                0x33d27658      0x18c common/libcommon.a(main.o)
                                0x19c (size before relaxing)
 .rodata.str1.4
                0x33d277e4      0x11e common/libcommon.a(cmd_autoscript.o)
                                0x120 (size before relaxing)
 *fill*         0x33d27902        0x2 00
 .rodata.str1.4
                0x33d27904       0xbf common/libcommon.a(cmd_bdinfo.o)
                                 0xc0 (size before relaxing)
 *fill*         0x33d279c3        0x1 00
 .rodata.str1.4
                0x33d279c4      0x10b common/libcommon.a(cmd_boot.o)
                                0x118 (size before relaxing)
 *fill*         0x33d27acf        0x1 00
 .rodata.str1.4
                0x33d27ad0      0x84a common/libcommon.a(cmd_bootm.o)
                                0x898 (size before relaxing)
 *fill*         0x33d2831a        0x2 00
 .rodata.str1.4
                0x33d2831c      0x125 common/libcommon.a(cmd_cache.o)
                                0x13c (size before relaxing)
 *fill*         0x33d28441        0x3 00
 .rodata.str1.4
                0x33d28444       0x70 common/libcommon.a(cmd_console.o)
                                 0x74 (size before relaxing)
 .rodata.str1.4
                0x33d284b4      0x16c common/libcommon.a(cmd_date.o)
                                0x180 (size before relaxing)
 .rodata.str1.4
                0x33d28620      0x2d7 common/libcommon.a(cmd_elf.o)
                                0x2f0 (size before relaxing)
 *fill*         0x33d288f7        0x1 00
 .rodata.str1.4
                0x33d288f8      0x90b common/libcommon.a(cmd_flash.o)
                                0x924 (size before relaxing)
 *fill*         0x33d29203        0x1 00
 .rodata.str1.4
                0x33d29204       0xce common/libcommon.a(cmd_itest.o)
                                 0xdc (size before relaxing)
 *fill*         0x33d292d2        0x2 00
 .rodata.str1.4
                0x33d292d4      0xfc4 common/libcommon.a(cmd_jffs2.o)
                               0x1018 (size before relaxing)
 .rodata.str1.4
                0x33d2a298      0x3fc common/libcommon.a(cmd_load.o)
                                0x41c (size before relaxing)
 .rodata.str1.4
                0x33d2a694      0x629 common/libcommon.a(cmd_mem.o)
                                0x648 (size before relaxing)
 *fill*         0x33d2acbd        0x3 00
 .rodata.str1.4
                0x33d2acc0       0x70 common/libcommon.a(cmd_misc.o)
                                 0x7c (size before relaxing)
 .rodata.str1.4
                0x33d2ad30      0xbb9 common/libcommon.a(cmd_nand.o)
                                0xc00 (size before relaxing)
 *fill*         0x33d2b8e9        0x3 00
 .rodata.str1.4
                0x33d2b8ec      0x1c6 common/libcommon.a(cmd_net.o)
                                0x218 (size before relaxing)
 *fill*         0x33d2bab2        0x2 00
 .rodata.str1.4
                0x33d2bab4      0x31d common/libcommon.a(cmd_nvedit.o)
                                0x3b0 (size before relaxing)
 *fill*         0x33d2bdd1        0x3 00
 .rodata.str1.4
                0x33d2bdd4       0xa1 common/libcommon.a(cmd_usbslave.o)
                                 0xdc (size before relaxing)
 *fill*         0x33d2be75        0x3 00
 .rodata.str1.4
                0x33d2be78     0x11e3 common/libcommon.a(cmd_menu.o)
                               0x122c (size before relaxing)
 *fill*         0x33d2d05b        0x1 00
 .rodata.str1.4
                0x33d2d05c      0x27e common/libcommon.a(command.o)
                                0x280 (size before relaxing)
 *fill*         0x33d2d2da        0x2 00
 .rodata.str1.4
                0x33d2d2dc       0x2f common/libcommon.a(devices.o)
                                 0x48 (size before relaxing)
 *fill*         0x33d2d30b        0x1 00
 .rodata.str1.4
                0x33d2d30c       0x33 common/libcommon.a(env_common.o)
                                 0x34 (size before relaxing)
 *fill*         0x33d2d33f        0x1 00
 .rodata.str1.4
                0x33d2d340       0x97 common/libcommon.a(env_nand.o)
                                 0xa0 (size before relaxing)
 *fill*         0x33d2d3d7        0x1 00
 .rodata.str1.4
                0x33d2d3d8      0x16d common/libcommon.a(flash.o)
                                0x178 (size before relaxing)
 *fill*         0x33d2d545        0x3 00
 .rodata.str1.4
                0x33d2d548      0x242 common/libcommon.a(xyzModem.o)
                                0x24c (size before relaxing)
 *fill*         0x33d2d78a        0x2 00
 .rodata.str1.4
                0x33d2d78c       0x1f lib_generic/libgeneric.a(display_options.o)
                                 0x20 (size before relaxing)
 *fill*         0x33d2d7ab        0x1 00
 .rodata.str1.4
                0x33d2d7ac       0x57 lib_generic/libgeneric.a(vsprintf.o)
                                 0x58 (size before relaxing)
 *fill*         0x33d2d803        0x1 00
 .rodata.str1.4
                0x33d2d804      0x20d lib_generic/libgeneric.a(zlib.o)
                                0x214 (size before relaxing)
 *fill*         0x33d2da11        0x3 00
 .rodata.str1.4
                0x33d2da14      0x125 board/EmbedSky/libEmbedSky.a(flash.o)
                                0x12c (size before relaxing)
 *fill*         0x33d2db39        0x3 00
 .rodata.str1.4
                0x33d2db3c       0x14 cpu/arm920t/s3c24x0/libs3c24x0.a(nand_flash.o)
 .rodata.str1.4
                0x33d2db50       0xa3 lib_arm/libarm.a(armlinux.o)
                                0x10c (size before relaxing)
 *fill*         0x33d2dbf3        0x1 00
 .rodata.str1.4
                0x33d2dbf4      0x1ac fs/cramfs/libcramfs.a(cramfs.o)
                                0x1b4 (size before relaxing)
 .rodata.str1.4
                0x33d2dda0      0x42b fs/jffs2/libjffs2.a(jffs2_1pass.o)
                                0x450 (size before relaxing)
 *fill*         0x33d2e1cb        0x1 00
 .rodata.str1.4
                0x33d2e1cc      0x557 drivers/nand/libnand.a(nand_util.o)
                                0x55c (size before relaxing)
                0x33d2e724                . = ALIGN (0x4)

.data           0x33d2e724     0x8e6c
 *(.data)
 .data          0x33d2e724       0x2c lib_arm/libarm.a(board.o)
                0x33d2e724                init_sequence
 .data          0x33d2e750        0xa net/libnet.a(net.o)
                0x33d2e752                NetOurVLAN
                0x33d2e750                NetOurNativeVLAN
                0x33d2e754                NetBcastAddr
 .data          0x33d2e75a        0x4 net/libnet.a(tftp.o)
 *fill*         0x33d2e75e        0x2 00
 .data          0x33d2e760        0x4 drivers/libdrivers.a(dm9000x.o)
 .data          0x33d2e764        0x4 drivers/nand/libnand.a(nand.o)
                0x33d2e764                nand_curr_device
 .data          0x33d2e768      0x298 drivers/nand/libnand.a(nand_base.o)
 .data          0x33d2ea00      0x548 drivers/nand/libnand.a(nand_ids.o)
                0x33d2ea00                nand_manuf_ids
                0x33d2ea38                nand_flash_ids
 .data          0x33d2ef48      0x110 drivers/nand/libnand.a(nand_bbt.o)
 .data          0x33d2f058     0x791f drivers/lcd/liblcd.a(embedsky_lcd.o)
                0x33d2f05f                down_mode
                0x33d2f05c                vspw
                0x33d2f05b                hbpd
                0x33d2f05a                hfpd
                0x33d34c3f                logo_net
                0x33d30c7f                logo_tqkj
                0x33d2f05e                vbpd
                0x33d2f059                hspw
                0x33d2f058                clkval_tft
                0x33d2f05d                vfpd
 .data          0x33d36977        0x2 modules/usb.module(usbsetup.o)
                0x33d36977                Selfpwr
                0x33d36978                Configuration
 *fill*         0x33d36979        0x3 00
 .data          0x33d3697c        0x4 modules/wince.module(ebootloader.o)
                0x33d3697c                pbUUID
 .data          0x33d36980        0x4 modules/wince.module(extract_wince_image.o)
 .data          0x33d36984       0x10 common/libcommon.a(main.o)
 .data          0x33d36994        0x4 common/libcommon.a(cmd_bootm.o)
                0x33d36994                load_addr
 .data          0x33d36998       0x1c common/libcommon.a(cmd_date.o)
                0x33d36998                weekdays
 .data          0x33d369b4       0x68 common/libcommon.a(cmd_itest.o)
                0x33d369b4                op_table
 .data          0x33d36a1c        0x4 common/libcommon.a(cmd_load.o)
 .data          0x33d36a20        0x4 common/libcommon.a(cmd_mem.o)
                0x33d36a20                dp_last_length
 .data          0x33d36a24        0x4 common/libcommon.a(cmd_usbslave.o)
                0x33d36a24                g_bUSBWait
 .data          0x33d36a28        0xc common/libcommon.a(devices.o)
                0x33d36a28                stdio_names
 .data          0x33d36a34      0x414 common/libcommon.a(dlmalloc.o)
 .data          0x33d36e48       0xd8 common/libcommon.a(env_common.o)
                0x33d36e4c                default_environment
                0x33d36f1c                env_get_char
                0x33d36e48                default_environment_size
 .data          0x33d36f20        0x4 common/libcommon.a(env_nand.o)
                0x33d36f20                env_name_spec
 .data          0x33d36f24        0x8 common/libcommon.a(xyzModem.o)
 .data          0x33d36f2c      0x100 lib_generic/libgeneric.a(ctype.o)
                0x33d36f2c                _ctype
 .data          0x33d3702c      0x2a0 lib_generic/libgeneric.a(zlib.o)
                0x33d3702c                z_errmsg
                0x33d3704c                zlib_version
 .data          0x33d372cc       0x28 fs/jffs2/libjffs2.a(jffs2_1pass.o)
 .data          0x33d372f4       0x13 fs/jffs2/libjffs2.a(mini_inflate.o)
 *fill*         0x33d37307        0x1 00
 .data          0x33d37308       0x30 rtc/librtc.a(date.o)
 .data          0x33d37338      0x258 drivers/nand/libnand.a(nand_util.o)

.got.plt        0x33d37590        0xc
 .got.plt       0x33d37590        0xc /opt/EmbedSky/crosstools_3.4.5_softfloat/gcc-3.4.5-glibc-2.3.6/arm-linux/lib/gcc/arm-linux/3.4.5/libgcc.a(_udivdi3.oS)
                0x33d37590                _GLOBAL_OFFSET_TABLE_
                0x33d3759c                . = ALIGN (0x4)

.got            0x33d3759c        0x4
 *(.got)
 .got           0x33d3759c        0x4 /opt/EmbedSky/crosstools_3.4.5_softfloat/gcc-3.4.5-glibc-2.3.6/arm-linux/lib/gcc/arm-linux/3.4.5/libgcc.a(_udivdi3.oS)
                0x33d375a0                . = .
                0x33d375a0                __u_boot_cmd_start = .

.u_boot_cmd     0x33d375a0      0x588
 *(.u_boot_cmd)
 .u_boot_cmd    0x33d375a0       0x48 lib_arm/libarm.a(boot_zImage.o)
                0x33d375a0                __u_boot_cmd_boot_noos
                0x33d375b8                __u_boot_cmd_test_zImage
                0x33d375d0                __u_boot_cmd_boot_zImage
 .u_boot_cmd    0x33d375e8       0x30 modules/wince.module(wince_cmds.o)
                0x33d37600                __u_boot_cmd_eboot
                0x33d375e8                __u_boot_cmd_wince
 .u_boot_cmd    0x33d37618       0x18 common/libcommon.a(cmd_autoscript.o)
                0x33d37618                __u_boot_cmd_autoscr
 .u_boot_cmd    0x33d37630       0x18 common/libcommon.a(cmd_bdinfo.o)
                0x33d37630                __u_boot_cmd_bdinfo
 .u_boot_cmd    0x33d37648       0x30 common/libcommon.a(cmd_boot.o)
                0x33d37648                __u_boot_cmd_reset
                0x33d37660                __u_boot_cmd_go
 .u_boot_cmd    0x33d37678       0x60 common/libcommon.a(cmd_bootm.o)
                0x33d376c0                __u_boot_cmd_bootm
                0x33d37678                __u_boot_cmd_iminfo
                0x33d37690                __u_boot_cmd_bootd
                0x33d376a8                __u_boot_cmd_boot
 .u_boot_cmd    0x33d376d8       0x30 common/libcommon.a(cmd_cache.o)
                0x33d376d8                __u_boot_cmd_dcache
                0x33d376f0                __u_boot_cmd_icache
 .u_boot_cmd    0x33d37708       0x18 common/libcommon.a(cmd_console.o)
                0x33d37708                __u_boot_cmd_coninfo
 .u_boot_cmd    0x33d37720       0x18 common/libcommon.a(cmd_date.o)
                0x33d37720                __u_boot_cmd_date
 .u_boot_cmd    0x33d37738       0x30 common/libcommon.a(cmd_elf.o)
                0x33d37750                __u_boot_cmd_bootelf
                0x33d37738                __u_boot_cmd_bootvx
 .u_boot_cmd    0x33d37768       0x48 common/libcommon.a(cmd_flash.o)
                0x33d37798                __u_boot_cmd_flinfo
                0x33d37768                __u_boot_cmd_protect
                0x33d37780                __u_boot_cmd_erase
 .u_boot_cmd    0x33d377b0       0x18 common/libcommon.a(cmd_itest.o)
                0x33d377b0                __u_boot_cmd_itest
 .u_boot_cmd    0x33d377c8       0x78 common/libcommon.a(cmd_jffs2.o)
                0x33d377f8                __u_boot_cmd_fsinfo
                0x33d377e0                __u_boot_cmd_chpart
                0x33d377c8                __u_boot_cmd_mtdparts
                0x33d37810                __u_boot_cmd_ls
                0x33d37828                __u_boot_cmd_fsload
 .u_boot_cmd    0x33d37840       0x60 common/libcommon.a(cmd_load.o)
                0x33d37840                __u_boot_cmd_loady
                0x33d37858                __u_boot_cmd_loadx
                0x33d37888                __u_boot_cmd_loads
                0x33d37870                __u_boot_cmd_loadb
 .u_boot_cmd    0x33d378a0       0xf0 common/libcommon.a(cmd_mem.o)
                0x33d37960                __u_boot_cmd_mm
                0x33d37918                __u_boot_cmd_cp
                0x33d378b8                __u_boot_cmd_loop
                0x33d378d0                __u_boot_cmd_base
                0x33d37930                __u_boot_cmd_mw
                0x33d37900                __u_boot_cmd_cmp
                0x33d37948                __u_boot_cmd_nm
                0x33d378a0                __u_boot_cmd_mtest
                0x33d378e8                __u_boot_cmd_crc32
                0x33d37978                __u_boot_cmd_md
 .u_boot_cmd    0x33d37990       0x18 common/libcommon.a(cmd_misc.o)
                0x33d37990                __u_boot_cmd_sleep
 .u_boot_cmd    0x33d379a8       0x30 common/libcommon.a(cmd_nand.o)
                0x33d379c0                __u_boot_cmd_nand
                0x33d379a8                __u_boot_cmd_nboot
 .u_boot_cmd    0x33d379d8       0x60 common/libcommon.a(cmd_net.o)
                0x33d379d8                __u_boot_cmd_ping
                0x33d379f0                __u_boot_cmd_rarpboot
                0x33d37a20                __u_boot_cmd_bootp
                0x33d37a08                __u_boot_cmd_tftpboot
 .u_boot_cmd    0x33d37a38       0x60 common/libcommon.a(cmd_nvedit.o)
                0x33d37a68                __u_boot_cmd_setenv
                0x33d37a80                __u_boot_cmd_printenv
                0x33d37a50                __u_boot_cmd_saveenv
                0x33d37a38                __u_boot_cmd_run
 .u_boot_cmd    0x33d37a98       0x18 common/libcommon.a(cmd_usbslave.o)
                0x33d37a98                __u_boot_cmd_usbslave
 .u_boot_cmd    0x33d37ab0       0x18 common/libcommon.a(cmd_menu.o)
                0x33d37ab0                __u_boot_cmd_menu
 .u_boot_cmd    0x33d37ac8       0x60 common/libcommon.a(command.o)
                0x33d37b10                __u_boot_cmd_version
                0x33d37af8                __u_boot_cmd_echo
                0x33d37ae0                __u_boot_cmd_help
                0x33d37ac8                __u_boot_cmd_question_mark
                0x33d37b28                __u_boot_cmd_end = .
                0x33d37b28                . = ALIGN (0x4)
                0x33d37b28                __bss_start = .

.bss            0x33d37b28    0x2c5e4
 *(.bss)
 .bss           0x33d37b28        0x2 board/EmbedSky/boot_init.o
                0x33d37b28                bLARGEBLOCK
                0x33d37b29                b128MB
 *fill*         0x33d37b2a        0x2 00
 .bss           0x33d37b2c       0xe0 cpu/arm920t/s3c24x0/libs3c24x0.a(interrupts.o)
                0x33d37b30                isr_handle_array
                0x33d37bf8                intregs
                0x33d37bfc                g_TimerIntHappen
                0x33d37b2c                timer_load_val
 .bss           0x33d37c0c       0x10 lib_arm/libarm.a(board.o)
                0x33d37c0c                monitor_flash_len
 .bss           0x33d37c1c     0x25d0 net/libnet.a(net.o)
                0x33d37d74                PktBuf
                0x33d37cb0                NetOurDNSIP
                0x33d37cd0                NetRxPackets
                0x33d37c6e                NetOurHostName
                0x33d37cc8                NetOurIP
                0x33d37cb4                NetOurGatewayIP
                0x33d37cf0                BootFile
                0x33d37c1c                NetTxPacket
                0x33d39ba8                NetArpWaitPacketBuf
                0x33d37c8e                NetOurNISDomain
                0x33d37c2e                NetOurRootPath
                0x33d37c26                NetServerEther
                0x33d37cec                NetState
                0x33d37cb8                NetOurSubnetMask
                0x33d39b94                NetArpWaitPacketIP
                0x33d3a1c8                NetArpWaitTimerStart
                0x33d37ccc                NetServerIP
                0x33d37c20                NetEtherNullAddr
                0x33d39b98                NetArpWaitReplyIP
                0x33d39b9c                NetArpWaitPacketMAC
                0x33d37cc0                NetOurEther
                0x33d37ce8                NetIPID
                0x33d39ba4                NetArpWaitTxPacketSize
                0x33d39ba0                NetArpWaitTxPacket
                0x33d37c2c                NetBootFileSize
                0x33d3a1cc                NetArpWaitTry
                0x33d37d70                NetPingIP
                0x33d37ce4                NetRxPktLen
                0x33d37cbc                NetBootFileXferSize
                0x33d37ce0                NetRxPkt
 .bss           0x33d3a1ec       0x34 net/libnet.a(tftp.o)
 .bss           0x33d3a220        0x8 net/libnet.a(bootp.o)
                0x33d3a224                BootpTry
                0x33d3a220                BootpID
 .bss           0x33d3a228        0x4 net/libnet.a(rarp.o)
                0x33d3a228                RarpTry
 .bss           0x33d3a22c       0xa4 drivers/libdrivers.a(dm9000x.o)
                0x33d3a22c                dmfe_info
 .bss           0x33d3a2d0      0x208 drivers/nand/libnand.a(nand.o)
                0x33d3a2d0                nand_info
 .bss           0x33d3a4d8    0x25804 drivers/lcd/liblcd.a(embedsky_lcd.o)
                0x33d3a4d8                currWidth
                0x33d3a4dc                embedsky_LCD_BUFFER
 .bss           0x33d5fcdc     0x1008 modules/usb.module(usbmain.o)
                0x33d5fcdc                dbgStrWrPt
                0x33d5fce0                dbgStrRdPt
                0x33d5fce4                dbgStrFifo
 .bss           0x33d60ce4       0x61 modules/usb.module(usbout.o)
                0x33d60ce4                ep3Buf
 *fill*         0x33d60d45        0x3 00
 .bss           0x33d60d48       0x68 modules/usb.module(usbsetup.o)
                0x33d60d74                descConf
                0x33d60d58                descSetup
                0x33d60d4c                ep0SubState
                0x33d60d56                endpoint3_status
                0x33d60d8c                descEndpt0
                0x33d60d51                AlterSetting
                0x33d60da0                InterfaceGet
                0x33d60d53                interface_status
                0x33d60d80                descIf
                0x33d60d60                descDev
                0x33d60d55                endpoint1_status
                0x33d60d48                ep0State
                0x33d60d50                Rwuen
                0x33d60da4                StatusGet
                0x33d60d52                device_status
                0x33d60d54                endpoint0_status
                0x33d60d94                descEndpt1
                0x33d60d9c                ConfigSet
 .bss           0x33d60db0       0x5c modules/usb.module(usbinit.o)
                0x33d60dd8                downPt
                0x33d60dd0                downloadAddress
                0x33d60dc0                usbdevregs
                0x33d60de4                totalDmaCount
                0x33d60db4                download_run
                0x33d60dec                tempDownloadAddress
                0x33d60dbc                restart
                0x33d60dcc                gpioregs
                0x33d60e08                consoleNum
                0x33d60dc4                dmaregs
                0x33d60de8                isUsbdSetConfiguration
                0x33d60db8                err
                0x33d60de0                checkSum
                0x33d60ddc                downloadFileSize
                0x33d60dd4                run
                0x33d60e04                dwUSBBufSize
                0x33d60df4                dwUSBBufWritePtr
                0x33d60dc8                clk_powerregs
                0x33d60df8                dwWillDMACnt
                0x33d60df0                dwUSBBufReadPtr
                0x33d60e00                dwUSBBufBase
                0x33d60dfc                bDMAPending
                0x33d60db0                menuUsed
 .bss           0x33d60e0c       0x24 modules/usb.module(usbin.o)
                0x33d60e0c                transferIndex
                0x33d60e10                ep1Buf
 .bss           0x33d60e30      0x204 modules/wince.module(ebootloader.o)
                0x33d60e34                toc
                0x33d60e30                JumpAddr
 .bss           0x33d61034        0x4 modules/wince.module(extract_wince_image.o)
                0x33d61034                g_dwCntReadFrmUSB
 .bss           0x33d61038      0x200 common/libcommon.a(main.o)
                0x33d61038                console_buffer
 .bss           0x33d61238       0x40 common/libcommon.a(cmd_bootm.o)
                0x33d61238                header
 .bss           0x33d61278      0x2ac common/libcommon.a(cmd_jffs2.o)
                0x33d61278                mtdids
                0x33d61280                devices
 .bss           0x33d61524       0x88 common/libcommon.a(cmd_load.o)
                0x33d61548                his_eol
                0x33d61554                os_data_init
                0x33d61524                os_data_count
                0x33d61550                his_pad_char
                0x33d61570                send_ptr
                0x33d61551                his_quote
                0x33d6155c                send_parms
                0x33d61558                os_data_char
                0x33d6154c                his_pad_count
                0x33d61528                os_data_header
 .bss           0x33d615ac       0x14 common/libcommon.a(cmd_mem.o)
                0x33d615b0                dp_last_size
                0x33d615b8                mm_last_size
                0x33d615b4                mm_last_addr
                0x33d615ac                dp_last_addr
 .bss           0x33d615c0        0x4 common/libcommon.a(cmd_usbslave.o)
                0x33d615c0                g_dwDownloadLen
 .bss           0x33d615c4        0x8 common/libcommon.a(console.o)
 .bss           0x33d615cc       0x10 common/libcommon.a(devices.o)
                0x33d615cc                stdio_devices
                0x33d615d8                devlist
 .bss           0x33d615dc       0x3c common/libcommon.a(dlmalloc.o)
 .bss           0x33d61618        0x4 common/libcommon.a(env_nand.o)
                0x33d61618                env_ptr
 .bss           0x33d6161c      0xc40 common/libcommon.a(xyzModem.o)
 .bss           0x33d6225c        0x4 lib_generic/libgeneric.a(string.o)
                0x33d6225c                ___strtok
 .bss           0x33d62260      0x400 lib_generic/libgeneric.a(vsprintf.o)
 .bss           0x33d62660     0x10a8 lib_generic/libgeneric.a(zlib.o)
 .bss           0x33d63708       0x6c board/EmbedSky/libEmbedSky.a(flash.o)
                0x33d63708                flash_info
 .bss           0x33d63774        0x4 cpu/arm920t/s3c24x0/libs3c24x0.a(serial.o)
                0x33d63774                getc_errno
 .bss           0x33d63778        0x4 lib_arm/libarm.a(armlinux.o)
 .bss           0x33d6377c       0x4c fs/cramfs/libcramfs.a(cramfs.o)
                0x33d6377c                super
 .bss           0x33d637c8       0x34 fs/cramfs/libcramfs.a(uncompress.o)
 .bss           0x33d637fc        0x8 fs/jffs2/libjffs2.a(jffs2_1pass.o)
 .bss           0x33d63804      0x908 drivers/nand/libnand.a(nand_util.o)

.rel.dyn
                0x33d6410c                _end = .
Address of section .text set to 0x33d00000
LOAD cpu/arm920t/start.o
START GROUP
LOAD lib_generic/libgeneric.a
LOAD board/EmbedSky/libEmbedSky.a
LOAD cpu/arm920t/libarm920t.a
LOAD cpu/arm920t/s3c24x0/libs3c24x0.a
LOAD lib_arm/libarm.a
LOAD fs/cramfs/libcramfs.a
LOAD fs/jffs2/libjffs2.a
LOAD net/libnet.a
LOAD rtc/librtc.a
LOAD drivers/libdrivers.a
LOAD drivers/nand/libnand.a
LOAD drivers/nand_legacy/libnand_legacy.a
LOAD drivers/lcd/liblcd.a
LOAD modules/usb.module
LOAD modules/wince.module
LOAD common/libcommon.a
END GROUP
LOAD /opt/EmbedSky/crosstools_3.4.5_softfloat/gcc-3.4.5-glibc-2.3.6/arm-linux/lib/gcc/arm-linux/3.4.5/libgcc.a
OUTPUT(u-boot elf32-littlearm)

.debug_line     0x00000000     0xada0
 .debug_line    0x00000000       0xcd cpu/arm920t/start.o
 .debug_line    0x000000cd      0x150 board/EmbedSky/boot_init.o
 .debug_line    0x0000021d       0x46 board/EmbedSky/lowlevel_init.o
 .debug_line    0x00000263       0xbd cpu/arm920t/libarm920t.a(interrupts.o)
 .debug_line    0x00000320      0x1b0 cpu/arm920t/s3c24x0/libs3c24x0.a(interrupts.o)
 .debug_line    0x000004d0      0x177 cpu/arm920t/s3c24x0/libs3c24x0.a(speed.o)
 .debug_line    0x00000647       0x5c lib_arm/libarm.a(_udivsi3.o)
 .debug_line    0x000006a3      0x1df lib_arm/libarm.a(board.o)
 .debug_line    0x00000882      0x17f lib_arm/libarm.a(boot_zImage.o)
 .debug_line    0x00000a01       0x33 lib_arm/libarm.a(div0.o)
 .debug_line    0x00000a34      0x703 net/libnet.a(net.o)
 .debug_line    0x00001137      0x2a4 net/libnet.a(tftp.o)
 .debug_line    0x000013db      0x2d2 net/libnet.a(bootp.o)
 .debug_line    0x000016ad       0xea net/libnet.a(rarp.o)
 .debug_line    0x00001797       0xaf net/libnet.a(eth.o)
 .debug_line    0x00001846      0x21e drivers/libdrivers.a(dm9000x.o)
 .debug_line    0x00001a64      0x163 drivers/nand/libnand.a(nand.o)
 .debug_line    0x00001bc7      0x83d drivers/nand/libnand.a(nand_base.o)
 .debug_line    0x00002404       0x69 drivers/nand/libnand.a(nand_ids.o)
 .debug_line    0x0000246d      0x1af drivers/nand/libnand.a(nand_ecc.o)
 .debug_line    0x0000261c      0x46c drivers/nand/libnand.a(nand_bbt.o)
 .debug_line    0x00002a88      0x2e5 drivers/lcd/liblcd.a(embedsky_lcd.o)
 .debug_line    0x00002d6d       0x99 modules/usb.module(usbmain.o)
 .debug_line    0x00002e06       0xf2 modules/usb.module(usbout.o)
 .debug_line    0x00002ef8      0x1f1 modules/usb.module(usbsetup.o)
 .debug_line    0x000030e9      0x224 modules/usb.module(usbinit.o)
 .debug_line    0x0000330d       0x7d modules/usb.module(usbin.o)
 .debug_line    0x0000338a       0xea modules/usb.module(usblib.o)
 .debug_line    0x00003474      0x2a6 modules/wince.module(wince_cmds.o)
 .debug_line    0x0000371a      0x27d modules/wince.module(ebootloader.o)
 .debug_line    0x00003997      0x1a4 modules/wince.module(extract_wince_image.o)
 .debug_line    0x00003b3b      0x207 common/libcommon.a(main.o)
 .debug_line    0x00003d42      0x1ee common/libcommon.a(cmd_autoscript.o)
 .debug_line    0x00003f30      0x116 common/libcommon.a(cmd_bdinfo.o)
 .debug_line    0x00004046       0xc9 common/libcommon.a(cmd_boot.o)
 .debug_line    0x0000410f      0x45d common/libcommon.a(cmd_bootm.o)
 .debug_line    0x0000456c       0xa6 common/libcommon.a(cmd_cache.o)
 .debug_line    0x00004612       0xa1 common/libcommon.a(cmd_console.o)
 .debug_line    0x000046b3      0x157 common/libcommon.a(cmd_date.o)
 .debug_line    0x0000480a      0x19f common/libcommon.a(cmd_elf.o)
 .debug_line    0x000049a9      0x2f9 common/libcommon.a(cmd_flash.o)
 .debug_line    0x00004ca2      0x10e common/libcommon.a(cmd_itest.o)
 .debug_line    0x00004db0      0x936 common/libcommon.a(cmd_jffs2.o)
 .debug_line    0x000056e6      0x3d5 common/libcommon.a(cmd_load.o)
 .debug_line    0x00005abb      0x292 common/libcommon.a(cmd_mem.o)
 .debug_line    0x00005d4d       0xc2 common/libcommon.a(cmd_misc.o)
 .debug_line    0x00005e0f      0x431 common/libcommon.a(cmd_nand.o)
 .debug_line    0x00006240      0x12c common/libcommon.a(cmd_net.o)
 .debug_line    0x0000636c      0x297 common/libcommon.a(cmd_nvedit.o)
 .debug_line    0x00006603      0x14e common/libcommon.a(cmd_usbslave.o)
 .debug_line    0x00006751      0x1c3 common/libcommon.a(cmd_menu.o)
 .debug_line    0x00006914      0x10b common/libcommon.a(command.o)
 .debug_line    0x00006a1f      0x25e common/libcommon.a(console.o)
 .debug_line    0x00006c7d      0x13b common/libcommon.a(devices.o)
 .debug_line    0x00006db8      0x39e common/libcommon.a(dlmalloc.o)
 .debug_line    0x00007156      0x13a common/libcommon.a(env_common.o)
 .debug_line    0x00007290      0x20e common/libcommon.a(env_nand.o)
 .debug_line    0x0000749e       0xcf common/libcommon.a(exports.o)
 .debug_line    0x0000756d      0x13f common/libcommon.a(flash.o)
 .debug_line    0x000076ac       0xff common/libcommon.a(lists.o)
 .debug_line    0x000077ab      0x101 common/libcommon.a(s_record.o)
 .debug_line    0x000078ac      0x2f2 common/libcommon.a(xyzModem.o)
 .debug_line    0x00007b9e       0xb7 common/libcommon.a(crc16.o)
 .debug_line    0x00007c55       0x92 lib_generic/libgeneric.a(crc32.o)
 .debug_line    0x00007ce7       0x25 lib_generic/libgeneric.a(ctype.o)
 .debug_line    0x00007d0c       0x99 lib_generic/libgeneric.a(display_options.o)
 .debug_line    0x00007da5      0x1ae lib_generic/libgeneric.a(string.o)
 .debug_line    0x00007f53      0x204 lib_generic/libgeneric.a(vsprintf.o)
 .debug_line    0x00008157      0x5cd lib_generic/libgeneric.a(zlib.o)
 .debug_line    0x00008724      0x13b board/EmbedSky/libEmbedSky.a(EmbedSky.o)
 .debug_line    0x0000885f      0x202 board/EmbedSky/libEmbedSky.a(flash.o)
 .debug_line    0x00008a61      0x13f cpu/arm920t/libarm920t.a(cpu.o)
 .debug_line    0x00008ba0      0x181 cpu/arm920t/s3c24x0/libs3c24x0.a(serial.o)
 .debug_line    0x00008d21      0x1ea cpu/arm920t/s3c24x0/libs3c24x0.a(nand_flash.o)
 .debug_line    0x00008f0b       0x3d lib_arm/libarm.a(_ashldi3.o)
 .debug_line    0x00008f48       0x3d lib_arm/libarm.a(_ashrdi3.o)
 .debug_line    0x00008f85       0x63 lib_arm/libarm.a(_divsi3.o)
 .debug_line    0x00008fe8       0x51 lib_arm/libarm.a(_modsi3.o)
 .debug_line    0x00009039       0x63 lib_arm/libarm.a(_umodsi3.o)
 .debug_line    0x0000909c      0x264 lib_arm/libarm.a(armlinux.o)
 .debug_line    0x00009300       0x34 lib_arm/libarm.a(cache.o)
 .debug_line    0x00009334      0x25a fs/cramfs/libcramfs.a(cramfs.o)
 .debug_line    0x0000958e       0x9c fs/cramfs/libcramfs.a(uncompress.o)
 .debug_line    0x0000962a      0x6d0 fs/jffs2/libjffs2.a(jffs2_1pass.o)
 .debug_line    0x00009cfa       0x97 fs/jffs2/libjffs2.a(compr_rtime.o)
 .debug_line    0x00009d91       0xc2 fs/jffs2/libjffs2.a(compr_rubin.o)
 .debug_line    0x00009e53       0x76 fs/jffs2/libjffs2.a(compr_zlib.o)
 .debug_line    0x00009ec9      0x3bb fs/jffs2/libjffs2.a(mini_inflate.o)
 .debug_line    0x0000a284       0xbe rtc/librtc.a(date.o)
 .debug_line    0x0000a342      0x12f rtc/librtc.a(s3c24x0_rtc.o)
 .debug_line    0x0000a471      0x3b5 drivers/nand/libnand.a(nand_util.o)
 .debug_line    0x0000a826      0x1ef /opt/EmbedSky/crosstools_3.4.5_softfloat/gcc-3.4.5-glibc-2.3.6/arm-linux/lib/gcc/arm-linux/3.4.5/libgcc.a(_addsubdf3.oS)
 .debug_line    0x0000aa15      0x287 /opt/EmbedSky/crosstools_3.4.5_softfloat/gcc-3.4.5-glibc-2.3.6/arm-linux/lib/gcc/arm-linux/3.4.5/libgcc.a(_muldivdf3.oS)
 .debug_line    0x0000ac9c       0xd0 /opt/EmbedSky/crosstools_3.4.5_softfloat/gcc-3.4.5-glibc-2.3.6/arm-linux/lib/gcc/arm-linux/3.4.5/libgcc.a(_fixdfsi.oS)
 .debug_line    0x0000ad6c       0x1a /opt/EmbedSky/crosstools_3.4.5_softfloat/gcc-3.4.5-glibc-2.3.6/arm-linux/lib/gcc/arm-linux/3.4.5/libgcc.a(_udivdi3.oS)
 .debug_line    0x0000ad86       0x1a /opt/EmbedSky/crosstools_3.4.5_softfloat/gcc-3.4.5-glibc-2.3.6/arm-linux/lib/gcc/arm-linux/3.4.5/libgcc.a(_clz.oS)

.debug_info     0x00000000    0x2aa20
 .debug_info    0x00000000       0x5f cpu/arm920t/start.o
 .debug_info    0x0000005f      0x81e board/EmbedSky/boot_init.o
 .debug_info    0x0000087d       0x6a board/EmbedSky/lowlevel_init.o
 .debug_info    0x000008e7      0x273 cpu/arm920t/libarm920t.a(interrupts.o)
 .debug_info    0x00000b5a      0x9c1 cpu/arm920t/s3c24x0/libs3c24x0.a(interrupts.o)
 .debug_info    0x0000151b      0x3ec cpu/arm920t/s3c24x0/libs3c24x0.a(speed.o)
 .debug_info    0x00001907       0x5e lib_arm/libarm.a(_udivsi3.o)
 .debug_info    0x00001965      0x506 lib_arm/libarm.a(board.o)
 .debug_info    0x00001e6b      0x741 lib_arm/libarm.a(boot_zImage.o)
 .debug_info    0x000025ac       0x44 lib_arm/libarm.a(div0.o)
 .debug_info    0x000025f0     0x16c6 net/libnet.a(net.o)
 .debug_info    0x00003cb6      0x447 net/libnet.a(tftp.o)
 .debug_info    0x000040fd      0x8c4 net/libnet.a(bootp.o)
 .debug_info    0x000049c1      0x245 net/libnet.a(rarp.o)
 .debug_info    0x00004c06      0x17d net/libnet.a(eth.o)
 .debug_info    0x00004d83      0x6ad drivers/libdrivers.a(dm9000x.o)
 .debug_info    0x00005430      0xc61 drivers/nand/libnand.a(nand.o)
 .debug_info    0x00006091     0x2346 drivers/nand/libnand.a(nand_base.o)
 .debug_info    0x000083d7      0x156 drivers/nand/libnand.a(nand_ids.o)
 .debug_info    0x0000852d      0x7e4 drivers/nand/libnand.a(nand_ecc.o)
 .debug_info    0x00008d11     0x1794 drivers/nand/libnand.a(nand_bbt.o)
 .debug_info    0x0000a4a5      0xe00 drivers/lcd/liblcd.a(embedsky_lcd.o)
 .debug_info    0x0000b2a5      0x611 modules/usb.module(usbmain.o)
 .debug_info    0x0000b8b6      0x769 modules/usb.module(usbout.o)
 .debug_info    0x0000c01f      0xb09 modules/usb.module(usbsetup.o)
 .debug_info    0x0000cb28      0xe64 modules/usb.module(usbinit.o)
 .debug_info    0x0000d98c      0x589 modules/usb.module(usbin.o)
 .debug_info    0x0000df15      0x882 modules/usb.module(usblib.o)
 .debug_info    0x0000e797      0xbec modules/wince.module(wince_cmds.o)
 .debug_info    0x0000f383     0x1244 modules/wince.module(ebootloader.o)
 .debug_info    0x000105c7      0x7fb modules/wince.module(extract_wince_image.o)
 .debug_info    0x00010dc2      0x6e7 common/libcommon.a(main.o)
 .debug_info    0x000114a9      0x3fc common/libcommon.a(cmd_autoscript.o)
 .debug_info    0x000118a5      0x368 common/libcommon.a(cmd_bdinfo.o)
 .debug_info    0x00011c0d      0x1c8 common/libcommon.a(cmd_boot.o)
 .debug_info    0x00011dd5     0x1180 common/libcommon.a(cmd_bootm.o)
 .debug_info    0x00012f55      0x218 common/libcommon.a(cmd_cache.o)
 .debug_info    0x0001316d      0x37d common/libcommon.a(cmd_console.o)
 .debug_info    0x000134ea      0x4fb common/libcommon.a(cmd_date.o)
 .debug_info    0x000139e5      0x506 common/libcommon.a(cmd_elf.o)
 .debug_info    0x00013eeb      0x9bb common/libcommon.a(cmd_flash.o)
 .debug_info    0x000148a6      0x42a common/libcommon.a(cmd_itest.o)
 .debug_info    0x00014cd0     0x201d common/libcommon.a(cmd_jffs2.o)
 .debug_info    0x00016ced      0xe3d common/libcommon.a(cmd_load.o)
 .debug_info    0x00017b2a      0xa16 common/libcommon.a(cmd_mem.o)
 .debug_info    0x00018540      0x1aa common/libcommon.a(cmd_misc.o)
 .debug_info    0x000186ea     0x1861 common/libcommon.a(cmd_nand.o)
 .debug_info    0x00019f4b      0x4d1 common/libcommon.a(cmd_net.o)
 .debug_info    0x0001a41c      0x827 common/libcommon.a(cmd_nvedit.o)
 .debug_info    0x0001ac43      0x24b common/libcommon.a(cmd_usbslave.o)
 .debug_info    0x0001ae8e      0x4aa common/libcommon.a(cmd_menu.o)
 .debug_info    0x0001b338      0x3f4 common/libcommon.a(command.o)
 .debug_info    0x0001b72c      0x855 common/libcommon.a(console.o)
 .debug_info    0x0001bf81      0x485 common/libcommon.a(devices.o)
 .debug_info    0x0001c406      0xc0c common/libcommon.a(dlmalloc.o)
 .debug_info    0x0001d012      0x378 common/libcommon.a(env_common.o)
 .debug_info    0x0001d38a      0xa33 common/libcommon.a(env_nand.o)
 .debug_info    0x0001ddbd      0x255 common/libcommon.a(exports.o)
 .debug_info    0x0001e012      0x2f4 common/libcommon.a(flash.o)
 .debug_info    0x0001e306      0x4df common/libcommon.a(lists.o)
 .debug_info    0x0001e7e5      0x17a common/libcommon.a(s_record.o)
 .debug_info    0x0001e95f      0x787 common/libcommon.a(xyzModem.o)
 .debug_info    0x0001f0e6      0x10f common/libcommon.a(crc16.o)
 .debug_info    0x0001f1f5      0x16d lib_generic/libgeneric.a(crc32.o)
 .debug_info    0x0001f362       0x56 lib_generic/libgeneric.a(ctype.o)
 .debug_info    0x0001f3b8      0x120 lib_generic/libgeneric.a(display_options.o)
 .debug_info    0x0001f4d8      0x828 lib_generic/libgeneric.a(string.o)
 .debug_info    0x0001fd00      0x477 lib_generic/libgeneric.a(vsprintf.o)
 .debug_info    0x00020177     0x16ca lib_generic/libgeneric.a(zlib.o)
 .debug_info    0x00021841      0x5c2 board/EmbedSky/libEmbedSky.a(EmbedSky.o)
 .debug_info    0x00021e03      0x3e4 board/EmbedSky/libEmbedSky.a(flash.o)
 .debug_info    0x000221e7      0x4b5 cpu/arm920t/libarm920t.a(cpu.o)
 .debug_info    0x0002269c      0x555 cpu/arm920t/s3c24x0/libs3c24x0.a(serial.o)
 .debug_info    0x00022bf1     0x10b1 cpu/arm920t/s3c24x0/libs3c24x0.a(nand_flash.o)
 .debug_info    0x00023ca2       0x5e lib_arm/libarm.a(_ashldi3.o)
 .debug_info    0x00023d00       0x5e lib_arm/libarm.a(_ashrdi3.o)
 .debug_info    0x00023d5e       0x5d lib_arm/libarm.a(_divsi3.o)
 .debug_info    0x00023dbb       0x5d lib_arm/libarm.a(_modsi3.o)
 .debug_info    0x00023e18       0x5e lib_arm/libarm.a(_umodsi3.o)
 .debug_info    0x00023e76      0xab6 lib_arm/libarm.a(armlinux.o)
 .debug_info    0x0002492c       0xa8 lib_arm/libarm.a(cache.o)
 .debug_info    0x000249d4      0x770 fs/cramfs/libcramfs.a(cramfs.o)
 .debug_info    0x00025144      0x35c fs/cramfs/libcramfs.a(uncompress.o)
 .debug_info    0x000254a0     0x260f fs/jffs2/libjffs2.a(jffs2_1pass.o)
 .debug_info    0x00027aaf      0x139 fs/jffs2/libjffs2.a(compr_rtime.o)
 .debug_info    0x00027be8      0x1e8 fs/jffs2/libjffs2.a(compr_rubin.o)
 .debug_info    0x00027dd0       0xd7 fs/jffs2/libjffs2.a(compr_zlib.o)
 .debug_info    0x00027ea7      0xc25 fs/jffs2/libjffs2.a(mini_inflate.o)
 .debug_info    0x00028acc      0x253 rtc/librtc.a(date.o)
 .debug_info    0x00028d1f      0x6ac rtc/librtc.a(s3c24x0_rtc.o)
 .debug_info    0x000293cb     0x13af drivers/nand/libnand.a(nand_util.o)
 .debug_info    0x0002a77a       0xe2 /opt/EmbedSky/crosstools_3.4.5_softfloat/gcc-3.4.5-glibc-2.3.6/arm-linux/lib/gcc/arm-linux/3.4.5/libgcc.a(_addsubdf3.oS)
 .debug_info    0x0002a85c       0xe2 /opt/EmbedSky/crosstools_3.4.5_softfloat/gcc-3.4.5-glibc-2.3.6/arm-linux/lib/gcc/arm-linux/3.4.5/libgcc.a(_muldivdf3.oS)
 .debug_info    0x0002a93e       0xe2 /opt/EmbedSky/crosstools_3.4.5_softfloat/gcc-3.4.5-glibc-2.3.6/arm-linux/lib/gcc/arm-linux/3.4.5/libgcc.a(_fixdfsi.oS)

.debug_abbrev   0x00000000     0x85f8
 .debug_abbrev  0x00000000       0x14 cpu/arm920t/start.o
 .debug_abbrev  0x00000014      0x274 board/EmbedSky/boot_init.o
 .debug_abbrev  0x00000288       0x14 board/EmbedSky/lowlevel_init.o
 .debug_abbrev  0x0000029c       0xf1 cpu/arm920t/libarm920t.a(interrupts.o)
 .debug_abbrev  0x0000038d      0x250 cpu/arm920t/s3c24x0/libs3c24x0.a(interrupts.o)
 .debug_abbrev  0x000005dd      0x147 cpu/arm920t/s3c24x0/libs3c24x0.a(speed.o)
 .debug_abbrev  0x00000724       0x14 lib_arm/libarm.a(_udivsi3.o)
 .debug_abbrev  0x00000738      0x1f5 lib_arm/libarm.a(board.o)
 .debug_abbrev  0x0000092d      0x25b lib_arm/libarm.a(boot_zImage.o)
 .debug_abbrev  0x00000b88       0x3a lib_arm/libarm.a(div0.o)
 .debug_abbrev  0x00000bc2      0x2fc net/libnet.a(net.o)
 .debug_abbrev  0x00000ebe      0x19e net/libnet.a(tftp.o)
 .debug_abbrev  0x0000105c      0x261 net/libnet.a(bootp.o)
 .debug_abbrev  0x000012bd      0x108 net/libnet.a(rarp.o)
 .debug_abbrev  0x000013c5       0xac net/libnet.a(eth.o)
 .debug_abbrev  0x00001471      0x21d drivers/libdrivers.a(dm9000x.o)
 .debug_abbrev  0x0000168e      0x18a drivers/nand/libnand.a(nand.o)
 .debug_abbrev  0x00001818      0x32a drivers/nand/libnand.a(nand_base.o)
 .debug_abbrev  0x00001b42       0x83 drivers/nand/libnand.a(nand_ids.o)
 .debug_abbrev  0x00001bc5      0x171 drivers/nand/libnand.a(nand_ecc.o)
 .debug_abbrev  0x00001d36      0x2b1 drivers/nand/libnand.a(nand_bbt.o)
 .debug_abbrev  0x00001fe7      0x27c drivers/lcd/liblcd.a(embedsky_lcd.o)
 .debug_abbrev  0x00002263      0x159 modules/usb.module(usbmain.o)
 .debug_abbrev  0x000023bc      0x167 modules/usb.module(usbout.o)
 .debug_abbrev  0x00002523      0x17e modules/usb.module(usbsetup.o)
 .debug_abbrev  0x000026a1      0x1e6 modules/usb.module(usbinit.o)
 .debug_abbrev  0x00002887      0x13a modules/usb.module(usbin.o)
 .debug_abbrev  0x000029c1      0x140 modules/usb.module(usblib.o)
 .debug_abbrev  0x00002b01      0x239 modules/wince.module(wince_cmds.o)
 .debug_abbrev  0x00002d3a      0x24b modules/wince.module(ebootloader.o)
 .debug_abbrev  0x00002f85      0x21a modules/wince.module(extract_wince_image.o)
 .debug_abbrev  0x0000319f      0x24b common/libcommon.a(main.o)
 .debug_abbrev  0x000033ea      0x141 common/libcommon.a(cmd_autoscript.o)
 .debug_abbrev  0x0000352b      0x119 common/libcommon.a(cmd_bdinfo.o)
 .debug_abbrev  0x00003644       0xd6 common/libcommon.a(cmd_boot.o)
 .debug_abbrev  0x0000371a      0x29f common/libcommon.a(cmd_bootm.o)
 .debug_abbrev  0x000039b9       0xe5 common/libcommon.a(cmd_cache.o)
 .debug_abbrev  0x00003a9e      0x134 common/libcommon.a(cmd_console.o)
 .debug_abbrev  0x00003bd2      0x15a common/libcommon.a(cmd_date.o)
 .debug_abbrev  0x00003d2c      0x178 common/libcommon.a(cmd_elf.o)
 .debug_abbrev  0x00003ea4      0x1b8 common/libcommon.a(cmd_flash.o)
 .debug_abbrev  0x0000405c      0x17f common/libcommon.a(cmd_itest.o)
 .debug_abbrev  0x000041db      0x342 common/libcommon.a(cmd_jffs2.o)
 .debug_abbrev  0x0000451d      0x30a common/libcommon.a(cmd_load.o)
 .debug_abbrev  0x00004827      0x1c0 common/libcommon.a(cmd_mem.o)
 .debug_abbrev  0x000049e7       0xc7 common/libcommon.a(cmd_misc.o)
 .debug_abbrev  0x00004aae      0x2d3 common/libcommon.a(cmd_nand.o)
 .debug_abbrev  0x00004d81      0x17b common/libcommon.a(cmd_net.o)
 .debug_abbrev  0x00004efc      0x22e common/libcommon.a(cmd_nvedit.o)
 .debug_abbrev  0x0000512a       0xfe common/libcommon.a(cmd_usbslave.o)
 .debug_abbrev  0x00005228      0x1a1 common/libcommon.a(cmd_menu.o)
 .debug_abbrev  0x000053c9      0x18b common/libcommon.a(command.o)
 .debug_abbrev  0x00005554      0x23a common/libcommon.a(console.o)
 .debug_abbrev  0x0000578e      0x15b common/libcommon.a(devices.o)
 .debug_abbrev  0x000058e9      0x1eb common/libcommon.a(dlmalloc.o)
 .debug_abbrev  0x00005ad4      0x149 common/libcommon.a(env_common.o)
 .debug_abbrev  0x00005c1d      0x22a common/libcommon.a(env_nand.o)
 .debug_abbrev  0x00005e47       0xf3 common/libcommon.a(exports.o)
 .debug_abbrev  0x00005f3a      0x116 common/libcommon.a(flash.o)
 .debug_abbrev  0x00006050      0x18e common/libcommon.a(lists.o)
 .debug_abbrev  0x000061de       0xac common/libcommon.a(s_record.o)
 .debug_abbrev  0x0000628a      0x25a common/libcommon.a(xyzModem.o)
 .debug_abbrev  0x000064e4       0x9f common/libcommon.a(crc16.o)
 .debug_abbrev  0x00006583       0x90 lib_generic/libgeneric.a(crc32.o)
 .debug_abbrev  0x00006613       0x42 lib_generic/libgeneric.a(ctype.o)
 .debug_abbrev  0x00006655       0xc3 lib_generic/libgeneric.a(display_options.o)
 .debug_abbrev  0x00006718      0x136 lib_generic/libgeneric.a(string.o)
 .debug_abbrev  0x0000684e      0x1c5 lib_generic/libgeneric.a(vsprintf.o)
 .debug_abbrev  0x00006a13      0x271 lib_generic/libgeneric.a(zlib.o)
 .debug_abbrev  0x00006c84      0x13b board/EmbedSky/libEmbedSky.a(EmbedSky.o)
 .debug_abbrev  0x00006dbf      0x18e board/EmbedSky/libEmbedSky.a(flash.o)
 .debug_abbrev  0x00006f4d      0x164 cpu/arm920t/libarm920t.a(cpu.o)
 .debug_abbrev  0x000070b1      0x19c cpu/arm920t/s3c24x0/libs3c24x0.a(serial.o)
 .debug_abbrev  0x0000724d      0x1ef cpu/arm920t/s3c24x0/libs3c24x0.a(nand_flash.o)
 .debug_abbrev  0x0000743c       0x14 lib_arm/libarm.a(_ashldi3.o)
 .debug_abbrev  0x00007450       0x14 lib_arm/libarm.a(_ashrdi3.o)
 .debug_abbrev  0x00007464       0x14 lib_arm/libarm.a(_divsi3.o)
 .debug_abbrev  0x00007478       0x14 lib_arm/libarm.a(_modsi3.o)
 .debug_abbrev  0x0000748c       0x14 lib_arm/libarm.a(_umodsi3.o)
 .debug_abbrev  0x000074a0      0x1fc lib_arm/libarm.a(armlinux.o)
 .debug_abbrev  0x0000769c       0x4e lib_arm/libarm.a(cache.o)
 .debug_abbrev  0x000076ea      0x1ac fs/cramfs/libcramfs.a(cramfs.o)
 .debug_abbrev  0x00007896      0x150 fs/cramfs/libcramfs.a(uncompress.o)
 .debug_abbrev  0x000079e6      0x31a fs/jffs2/libjffs2.a(jffs2_1pass.o)
 .debug_abbrev  0x00007d00       0x9d fs/jffs2/libjffs2.a(compr_rtime.o)
 .debug_abbrev  0x00007d9d       0xc4 fs/jffs2/libjffs2.a(compr_rubin.o)
 .debug_abbrev  0x00007e61       0x66 fs/jffs2/libjffs2.a(compr_zlib.o)
 .debug_abbrev  0x00007ec7      0x253 fs/jffs2/libjffs2.a(mini_inflate.o)
 .debug_abbrev  0x0000811a       0xdc rtc/librtc.a(date.o)
 .debug_abbrev  0x000081f6      0x1c0 rtc/librtc.a(s3c24x0_rtc.o)
 .debug_abbrev  0x000083b6      0x206 drivers/nand/libnand.a(nand_util.o)
 .debug_abbrev  0x000085bc       0x14 /opt/EmbedSky/crosstools_3.4.5_softfloat/gcc-3.4.5-glibc-2.3.6/arm-linux/lib/gcc/arm-linux/3.4.5/libgcc.a(_addsubdf3.oS)
 .debug_abbrev  0x000085d0       0x14 /opt/EmbedSky/crosstools_3.4.5_softfloat/gcc-3.4.5-glibc-2.3.6/arm-linux/lib/gcc/arm-linux/3.4.5/libgcc.a(_muldivdf3.oS)
 .debug_abbrev  0x000085e4       0x14 /opt/EmbedSky/crosstools_3.4.5_softfloat/gcc-3.4.5-glibc-2.3.6/arm-linux/lib/gcc/arm-linux/3.4.5/libgcc.a(_fixdfsi.oS)

.debug_aranges  0x00000000      0xb80
 .debug_aranges
                0x00000000       0x20 cpu/arm920t/start.o
 .debug_aranges
                0x00000020       0x20 board/EmbedSky/boot_init.o
 .debug_aranges
                0x00000040       0x20 board/EmbedSky/lowlevel_init.o
 .debug_aranges
                0x00000060       0x20 cpu/arm920t/libarm920t.a(interrupts.o)
 .debug_aranges
                0x00000080       0x20 cpu/arm920t/s3c24x0/libs3c24x0.a(interrupts.o)
 .debug_aranges
                0x000000a0       0x20 cpu/arm920t/s3c24x0/libs3c24x0.a(speed.o)
 .debug_aranges
                0x000000c0       0x20 lib_arm/libarm.a(_udivsi3.o)
 .debug_aranges
                0x000000e0       0x20 lib_arm/libarm.a(board.o)
 .debug_aranges
                0x00000100       0x20 lib_arm/libarm.a(boot_zImage.o)
 .debug_aranges
                0x00000120       0x20 lib_arm/libarm.a(div0.o)
 .debug_aranges
                0x00000140       0x20 net/libnet.a(net.o)
 .debug_aranges
                0x00000160       0x20 net/libnet.a(tftp.o)
 .debug_aranges
                0x00000180       0x20 net/libnet.a(bootp.o)
 .debug_aranges
                0x000001a0       0x20 net/libnet.a(rarp.o)
 .debug_aranges
                0x000001c0       0x20 net/libnet.a(eth.o)
 .debug_aranges
                0x000001e0       0x20 drivers/libdrivers.a(dm9000x.o)
 .debug_aranges
                0x00000200       0x20 drivers/nand/libnand.a(nand.o)
 .debug_aranges
                0x00000220       0x20 drivers/nand/libnand.a(nand_base.o)
 .debug_aranges
                0x00000240       0x20 drivers/nand/libnand.a(nand_ecc.o)
 .debug_aranges
                0x00000260       0x20 drivers/nand/libnand.a(nand_bbt.o)
 .debug_aranges
                0x00000280       0x20 drivers/lcd/liblcd.a(embedsky_lcd.o)
 .debug_aranges
                0x000002a0       0x20 modules/usb.module(usbmain.o)
 .debug_aranges
                0x000002c0       0x20 modules/usb.module(usbout.o)
 .debug_aranges
                0x000002e0       0x20 modules/usb.module(usbsetup.o)
 .debug_aranges
                0x00000300       0x20 modules/usb.module(usbinit.o)
 .debug_aranges
                0x00000320       0x20 modules/usb.module(usbin.o)
 .debug_aranges
                0x00000340       0x20 modules/usb.module(usblib.o)
 .debug_aranges
                0x00000360       0x20 modules/wince.module(wince_cmds.o)
 .debug_aranges
                0x00000380       0x20 modules/wince.module(ebootloader.o)
 .debug_aranges
                0x000003a0       0x20 modules/wince.module(extract_wince_image.o)
 .debug_aranges
                0x000003c0       0x20 common/libcommon.a(main.o)
 .debug_aranges
                0x000003e0       0x20 common/libcommon.a(cmd_autoscript.o)
 .debug_aranges
                0x00000400       0x20 common/libcommon.a(cmd_bdinfo.o)
 .debug_aranges
                0x00000420       0x20 common/libcommon.a(cmd_boot.o)
 .debug_aranges
                0x00000440       0x20 common/libcommon.a(cmd_bootm.o)
 .debug_aranges
                0x00000460       0x20 common/libcommon.a(cmd_cache.o)
 .debug_aranges
                0x00000480       0x20 common/libcommon.a(cmd_console.o)
 .debug_aranges
                0x000004a0       0x20 common/libcommon.a(cmd_date.o)
 .debug_aranges
                0x000004c0       0x20 common/libcommon.a(cmd_elf.o)
 .debug_aranges
                0x000004e0       0x20 common/libcommon.a(cmd_flash.o)
 .debug_aranges
                0x00000500       0x20 common/libcommon.a(cmd_itest.o)
 .debug_aranges
                0x00000520       0x20 common/libcommon.a(cmd_jffs2.o)
 .debug_aranges
                0x00000540       0x20 common/libcommon.a(cmd_load.o)
 .debug_aranges
                0x00000560       0x20 common/libcommon.a(cmd_mem.o)
 .debug_aranges
                0x00000580       0x20 common/libcommon.a(cmd_misc.o)
 .debug_aranges
                0x000005a0       0x20 common/libcommon.a(cmd_nand.o)
 .debug_aranges
                0x000005c0       0x20 common/libcommon.a(cmd_net.o)
 .debug_aranges
                0x000005e0       0x20 common/libcommon.a(cmd_nvedit.o)
 .debug_aranges
                0x00000600       0x20 common/libcommon.a(cmd_usbslave.o)
 .debug_aranges
                0x00000620       0x20 common/libcommon.a(cmd_menu.o)
 .debug_aranges
                0x00000640       0x20 common/libcommon.a(command.o)
 .debug_aranges
                0x00000660       0x20 common/libcommon.a(console.o)
 .debug_aranges
                0x00000680       0x20 common/libcommon.a(devices.o)
 .debug_aranges
                0x000006a0       0x20 common/libcommon.a(dlmalloc.o)
 .debug_aranges
                0x000006c0       0x20 common/libcommon.a(env_common.o)
 .debug_aranges
                0x000006e0       0x20 common/libcommon.a(env_nand.o)
 .debug_aranges
                0x00000700       0x20 common/libcommon.a(exports.o)
 .debug_aranges
                0x00000720       0x20 common/libcommon.a(flash.o)
 .debug_aranges
                0x00000740       0x20 common/libcommon.a(lists.o)
 .debug_aranges
                0x00000760       0x20 common/libcommon.a(s_record.o)
 .debug_aranges
                0x00000780       0x20 common/libcommon.a(xyzModem.o)
 .debug_aranges
                0x000007a0       0x20 common/libcommon.a(crc16.o)
 .debug_aranges
                0x000007c0       0x20 lib_generic/libgeneric.a(crc32.o)
 .debug_aranges
                0x000007e0       0x20 lib_generic/libgeneric.a(display_options.o)
 .debug_aranges
                0x00000800       0x20 lib_generic/libgeneric.a(string.o)
 .debug_aranges
                0x00000820       0x20 lib_generic/libgeneric.a(vsprintf.o)
 .debug_aranges
                0x00000840       0x20 lib_generic/libgeneric.a(zlib.o)
 .debug_aranges
                0x00000860       0x20 board/EmbedSky/libEmbedSky.a(EmbedSky.o)
 .debug_aranges
                0x00000880       0x20 board/EmbedSky/libEmbedSky.a(flash.o)
 .debug_aranges
                0x000008a0       0x20 cpu/arm920t/libarm920t.a(cpu.o)
 .debug_aranges
                0x000008c0       0x20 cpu/arm920t/s3c24x0/libs3c24x0.a(serial.o)
 .debug_aranges
                0x000008e0       0x20 cpu/arm920t/s3c24x0/libs3c24x0.a(nand_flash.o)
 .debug_aranges
                0x00000900       0x20 lib_arm/libarm.a(_ashldi3.o)
 .debug_aranges
                0x00000920       0x20 lib_arm/libarm.a(_ashrdi3.o)
 .debug_aranges
                0x00000940       0x20 lib_arm/libarm.a(_divsi3.o)
 .debug_aranges
                0x00000960       0x20 lib_arm/libarm.a(_modsi3.o)
 .debug_aranges
                0x00000980       0x20 lib_arm/libarm.a(_umodsi3.o)
 .debug_aranges
                0x000009a0       0x20 lib_arm/libarm.a(armlinux.o)
 .debug_aranges
                0x000009c0       0x20 lib_arm/libarm.a(cache.o)
 .debug_aranges
                0x000009e0       0x20 fs/cramfs/libcramfs.a(cramfs.o)
 .debug_aranges
                0x00000a00       0x20 fs/cramfs/libcramfs.a(uncompress.o)
 .debug_aranges
                0x00000a20       0x20 fs/jffs2/libjffs2.a(jffs2_1pass.o)
 .debug_aranges
                0x00000a40       0x20 fs/jffs2/libjffs2.a(compr_rtime.o)
 .debug_aranges
                0x00000a60       0x20 fs/jffs2/libjffs2.a(compr_rubin.o)
 .debug_aranges
                0x00000a80       0x20 fs/jffs2/libjffs2.a(compr_zlib.o)
 .debug_aranges
                0x00000aa0       0x20 fs/jffs2/libjffs2.a(mini_inflate.o)
 .debug_aranges
                0x00000ac0       0x20 rtc/librtc.a(date.o)
 .debug_aranges
                0x00000ae0       0x20 rtc/librtc.a(s3c24x0_rtc.o)
 .debug_aranges
                0x00000b00       0x20 drivers/nand/libnand.a(nand_util.o)
 .debug_aranges
                0x00000b20       0x20 /opt/EmbedSky/crosstools_3.4.5_softfloat/gcc-3.4.5-glibc-2.3.6/arm-linux/lib/gcc/arm-linux/3.4.5/libgcc.a(_addsubdf3.oS)
 .debug_aranges
                0x00000b40       0x20 /opt/EmbedSky/crosstools_3.4.5_softfloat/gcc-3.4.5-glibc-2.3.6/arm-linux/lib/gcc/arm-linux/3.4.5/libgcc.a(_muldivdf3.oS)
 .debug_aranges
                0x00000b60       0x20 /opt/EmbedSky/crosstools_3.4.5_softfloat/gcc-3.4.5-glibc-2.3.6/arm-linux/lib/gcc/arm-linux/3.4.5/libgcc.a(_fixdfsi.oS)

.debug_frame    0x00000000     0x4258
 .debug_frame   0x00000000      0x15c board/EmbedSky/boot_init.o
 .debug_frame   0x0000015c      0x110 cpu/arm920t/libarm920t.a(interrupts.o)
 .debug_frame   0x0000026c      0x1cc cpu/arm920t/s3c24x0/libs3c24x0.a(interrupts.o)
 .debug_frame   0x00000438       0x7c cpu/arm920t/s3c24x0/libs3c24x0.a(speed.o)
 .debug_frame   0x000004b4       0x9c lib_arm/libarm.a(board.o)
 .debug_frame   0x00000550      0x100 lib_arm/libarm.a(boot_zImage.o)
 .debug_frame   0x00000650       0x20 lib_arm/libarm.a(div0.o)
 .debug_frame   0x00000670      0x2c0 net/libnet.a(net.o)
 .debug_frame   0x00000930       0x8c net/libnet.a(tftp.o)
 .debug_frame   0x000009bc       0x8c net/libnet.a(bootp.o)
 .debug_frame   0x00000a48       0x60 net/libnet.a(rarp.o)
 .debug_frame   0x00000aa8       0x20 net/libnet.a(eth.o)
 .debug_frame   0x00000ac8       0xf4 drivers/libdrivers.a(dm9000x.o)
 .debug_frame   0x00000bbc       0x28 drivers/nand/libnand.a(nand.o)
 .debug_frame   0x00000be4      0x460 drivers/nand/libnand.a(nand_base.o)
 .debug_frame   0x00001044       0x54 drivers/nand/libnand.a(nand_ecc.o)
 .debug_frame   0x00001098      0x1a0 drivers/nand/libnand.a(nand_bbt.o)
 .debug_frame   0x00001238      0x1ac drivers/lcd/liblcd.a(embedsky_lcd.o)
 .debug_frame   0x000013e4       0x70 modules/usb.module(usbmain.o)
 .debug_frame   0x00001454       0x80 modules/usb.module(usbout.o)
 .debug_frame   0x000014d4       0x70 modules/usb.module(usbsetup.o)
 .debug_frame   0x00001544      0x128 modules/usb.module(usbinit.o)
 .debug_frame   0x0000166c       0x48 modules/usb.module(usbin.o)
 .debug_frame   0x000016b4       0xd0 modules/usb.module(usblib.o)
 .debug_frame   0x00001784       0xb4 modules/wince.module(wince_cmds.o)
 .debug_frame   0x00001838       0xe8 modules/wince.module(ebootloader.o)
 .debug_frame   0x00001920       0xbc modules/wince.module(extract_wince_image.o)
 .debug_frame   0x000019dc       0xb8 common/libcommon.a(main.o)
 .debug_frame   0x00001a94       0x4c common/libcommon.a(cmd_autoscript.o)
 .debug_frame   0x00001ae0       0x3c common/libcommon.a(cmd_bdinfo.o)
 .debug_frame   0x00001b1c       0x2c common/libcommon.a(cmd_boot.o)
 .debug_frame   0x00001b48       0xf8 common/libcommon.a(cmd_bootm.o)
 .debug_frame   0x00001c40       0x58 common/libcommon.a(cmd_cache.o)
 .debug_frame   0x00001c98       0x30 common/libcommon.a(cmd_console.o)
 .debug_frame   0x00001cc8       0x64 common/libcommon.a(cmd_date.o)
 .debug_frame   0x00001d2c       0x88 common/libcommon.a(cmd_elf.o)
 .debug_frame   0x00001db4      0x12c common/libcommon.a(cmd_flash.o)
 .debug_frame   0x00001ee0       0x74 common/libcommon.a(cmd_itest.o)
 .debug_frame   0x00001f54      0x2ac common/libcommon.a(cmd_jffs2.o)
 .debug_frame   0x00002200      0x198 common/libcommon.a(cmd_load.o)
 .debug_frame   0x00002398      0x184 common/libcommon.a(cmd_mem.o)
 .debug_frame   0x0000251c       0x30 common/libcommon.a(cmd_misc.o)
 .debug_frame   0x0000254c       0xac common/libcommon.a(cmd_nand.o)