Archive member included because of file (symbol)

cpu/arm920t/libarm920t.a(interrupts.o)
                              cpu/arm920t/start.o (do_undefined_instruction)
cpu/arm920t/s3c24x0/libs3c24x0.a(interrupts.o)
                              cpu/arm920t/libarm920t.a(interrupts.o) (reset_cpu)
cpu/arm920t/s3c24x0/libs3c24x0.a(speed.o)
                              cpu/arm920t/s3c24x0/libs3c24x0.a(interrupts.o) (get_PCLK)
lib_arm/libarm.a(_udivsi3.o)  cpu/arm920t/s3c24x0/libs3c24x0.a(interrupts.o) (__udivsi3)
lib_arm/libarm.a(board.o)     cpu/arm920t/s3c24x0/libs3c24x0.a(speed.o) (hang)
lib_arm/libarm.a(boot_zImage.o)
                              (__u_boot_cmd_boot_noos)
lib_arm/libarm.a(div0.o)      lib_arm/libarm.a(_udivsi3.o) (__div0)
net/libnet.a(net.o)           lib_arm/libarm.a(board.o) (copy_filename)
net/libnet.a(tftp.o)          net/libnet.a(net.o) (TftpStart)
net/libnet.a(bootp.o)         net/libnet.a(net.o) (BootpRequest)
net/libnet.a(rarp.o)          net/libnet.a(net.o) (RarpRequest)
net/libnet.a(eth.o)           lib_arm/libarm.a(board.o) (eth_initialize)
drivers/libdrivers.a(dm9000x.o)
                              net/libnet.a(net.o) (eth_init)
drivers/nand/libnand.a(nand.o)
                              lib_arm/libarm.a(board.o) (nand_init)
drivers/nand/libnand.a(nand_base.o)
                              drivers/nand/libnand.a(nand.o) (nand_scan)
drivers/nand/libnand.a(nand_ids.o)
                              drivers/nand/libnand.a(nand_base.o) (nand_manuf_ids)
drivers/nand/libnand.a(nand_ecc.o)
                              drivers/nand/libnand.a(nand_base.o) (nand_calculate_ecc)
drivers/nand/libnand.a(nand_bbt.o)
                              drivers/nand/libnand.a(nand_base.o) (nand_update_bbt)
drivers/lcd/liblcd.a(embedsky_lcd.o)
                              lib_arm/libarm.a(boot_zImage.o) (nand_read_ll_lcd)
modules/usb.module(usbmain.o)
                              cpu/arm920t/s3c24x0/libs3c24x0.a(interrupts.o) (IsrUsbd)
modules/usb.module(usbout.o)  modules/usb.module(usbmain.o) (Ep3Handler)
modules/usb.module(usbsetup.o)
                              modules/usb.module(usbmain.o) (Ep0Handler)
modules/usb.module(usbinit.o)
                              modules/usb.module(usbout.o) (download_run)
modules/usb.module(usbin.o)   modules/usb.module(usbmain.o) (PrepareEp1Fifo)
modules/usb.module(usblib.o)  modules/usb.module(usbmain.o) (ReconfigUsbd)
modules/wince.module(wince_cmds.o)
                              (__u_boot_cmd_wince)
modules/wince.module(ebootloader.o)
                              modules/wince.module(wince_cmds.o) (TOC_Read)
modules/wince.module(extract_wince_image.o)
                              modules/wince.module(wince_cmds.o) (GetLauchAddrFrmRam)
common/libcommon.a(main.o)    lib_arm/libarm.a(boot_zImage.o) (run_command)
common/libcommon.a(cmd_autoscript.o)
                              (__u_boot_cmd_autoscr)
common/libcommon.a(cmd_bdinfo.o)
                              (__u_boot_cmd_bdinfo)
common/libcommon.a(cmd_boot.o)
                              (__u_boot_cmd_reset)
common/libcommon.a(cmd_bootm.o)
                              (__u_boot_cmd_iminfo)
common/libcommon.a(cmd_cache.o)
                              (__u_boot_cmd_dcache)
common/libcommon.a(cmd_console.o)
                              (__u_boot_cmd_coninfo)
common/libcommon.a(cmd_date.o)
                              (__u_boot_cmd_date)
common/libcommon.a(cmd_elf.o)
                              (__u_boot_cmd_bootvx)
common/libcommon.a(cmd_flash.o)
                              (__u_boot_cmd_protect)
common/libcommon.a(cmd_itest.o)
                              (__u_boot_cmd_itest)
common/libcommon.a(cmd_jffs2.o)
                              (__u_boot_cmd_mtdparts)
common/libcommon.a(cmd_load.o)
                              (__u_boot_cmd_loady)
common/libcommon.a(cmd_mem.o)
                              (__u_boot_cmd_mtest)
common/libcommon.a(cmd_misc.o)
                              (__u_boot_cmd_sleep)
common/libcommon.a(cmd_nand.o)
                              (__u_boot_cmd_nboot)
common/libcommon.a(cmd_net.o)
                              (__u_boot_cmd_ping)
common/libcommon.a(cmd_nvedit.o)
                              (__u_boot_cmd_run)
common/libcommon.a(cmd_usbslave.o)
                              (__u_boot_cmd_usbslave)
common/libcommon.a(cmd_menu.o)
                              (__u_boot_cmd_menu)
common/libcommon.a(command.o)
                              (__u_boot_cmd_question_mark)
common/libcommon.a(console.o)
                              cpu/arm920t/libarm920t.a(interrupts.o) (printf)
common/libcommon.a(devices.o)
                              common/libcommon.a(cmd_console.o) (stdio_names)
common/libcommon.a(dlmalloc.o)
                              drivers/nand/libnand.a(nand_base.o) (free)
common/libcommon.a(env_common.o)
                              common/libcommon.a(cmd_nvedit.o) (env_get_char)
common/libcommon.a(env_nand.o)
[...]
Memory Configuration

Name             Origin             Length             Attributes
*default*        0x00000000         0xffffffff

Linker script and memory map

                0x00000000                . = 0x0
                0x00000000                . = ALIGN (0x4)

.text           0x33d00000    0x24810
 cpu/arm920t/start.o(.text)
 .text          0x33d00000      0x480 cpu/arm920t/start.o
                0x33d00000                _start
                0x33d00320                Launch
                0x33d00044                _armboot_start
                0x33d00048                _bss_start
                0x33d00054                FREE_RAM_SIZE
                0x33d00050                FREE_RAM_END
                0x33d00058                IRQ_STACK_START
                0x33d0004c                _bss_end
                0x33d0005c                FIQ_STACK_START
 board/EmbedSky/boot_init.o(.text)
 .text          0x33d00480      0x564 board/EmbedSky/boot_init.o
                0x33d00524                nand_init_ll
                0x33d008fc                CopyCode2Ram
                0x33d00554                NF_ReadID
                0x33d008d0                bBootFrmNORFlash
                0x33d00990                clock_init
                0x33d005bc                nand_read_ll
                0x33d00714                nand_read_ll_lp
 board/EmbedSky/lowlevel_init.o(.text)
 .text          0x33d009e4       0x64 board/EmbedSky/lowlevel_init.o
                0x33d009e8                lowlevel_init
 *(.text)
 .text          0x33d00a48      0x280 cpu/arm920t/libarm920t.a(interrupts.o)
                0x33d00ca4                do_irq
                0x33d00bcc                do_undefined_instruction
                0x33d00c80                do_fiq
                0x33d00a74                bad_mode
                0x33d00a48                enable_interrupts
                0x33d00a90                show_regs
                0x33d00a58                disable_interrupts
                0x33d00c14                do_prefetch_abort
                0x33d00bf0                do_software_interrupt
                0x33d00c38                do_data_abort
                0x33d00c5c                do_not_used
 .text          0x33d00cc8      0x50c cpu/arm920t/s3c24x0/libs3c24x0.a(interrupts.o)
                0x33d00e68                udelay_masked
                0x33d00d48                reset_timer_masked
                0x33d010f0                Isr_Init
                0x33d01184                IRQ_Handle
                0x33d00f04                reset_cpu
                0x33d00ef8                get_tbclk
                0x33d00f94                Timer_StartEx
                0x33d00ee4                get_ticks
                0x33d01070                IsrWatchdog
                0x33d00ff0                Timer_StopEx
                0x33d00cc8                interrupt_init
                0x33d00f24                ClearPending
                0x33d00d78                reset_timer
                0x33d00e0c                udelay
                0x33d00dfc                set_timer
                0x33d00d7c                get_timer_masked
                0x33d00f40                Timer_InitEx
                0x33d010a8                IsrTimer4
                0x33d00de8                get_timer
                0x33d010c8                Dummy_isr
 .text          0x33d011d4      0x20c cpu/arm920t/s3c24x0/libs3c24x0.a(speed.o)
                0x33d01324                get_PCLK
                0x33d013d8                get_UCLK
                0x33d01278                get_HCLK
                0x33d01270                get_FCLK
 .text          0x33d013e0       0x98 lib_arm/libarm.a(_udivsi3.o)
                0x33d013e0                __udivsi3
 .text          0x33d01478      0x354 lib_arm/libarm.a(board.o)
                0x33d01478                sbrk
                0x33d01534                start_armboot
                0x33d01524                hang
 .text          0x33d017cc      0x338 lib_arm/libarm.a(boot_zImage.o)
                0x33d01a48                boot_noos
                0x33d01808                call_linux
                0x33d019b4                do_boot_zImage
                0x33d019cc                test_zImage
                0x33d018cc                boot_zImage
                0x33d01aec                do_boot_noos
                0x33d01a38                do_test_zImage
                0x33d017f8                tlb_invalidate
                0x33d017cc                cache_clean_invalidate
 .text          0x33d01b04        0x4 lib_arm/libarm.a(div0.o)
                0x33d01b04                __div0
 .text          0x33d01b08     0x15fc net/libnet.a(net.o)
                0x33d02c28                getenv_VLAN
                0x33d01d5c                NetSetHandler
                0x33d01e78                NetCksum
                0x33d0216c                PingSend
                0x33d02b74                VLAN_to_string
                0x33d02490                NetReceive
                0x33d02004                NetSendUDPPacket
                0x33d01ec4                NetSetIP
                0x33d023c0                copy_filename
                0x33d01b08                NetSetEther
                0x33d01bc8                ArpRequest
                0x33d02c40                NetLoop
                0x33d01dec                ArpTimeoutCheck
                0x33d01e74                NetSendPacket
                0x33d0246c                print_IPaddr
                0x33d02bd0                string_to_VLAN
                0x33d02358                NetCksumOk
                0x33d02414                ip_to_string
                0x33d02ae4                string_to_ip
                0x33d0237c                NetEthHdrSize
                0x33d01d6c                NetStartAgain
                0x33d02b64                getenv_IPaddr
                0x33d01d20                NetSetTimeout
 .text          0x33d03104      0x75c net/libnet.a(tftp.o)
                0x33d0362c                TftpStart
 .text          0x33d03860      0x640 net/libnet.a(bootp.o)
                0x33d03bf4                BootpRequest
 .text          0x33d03ea0      0x184 net/libnet.a(rarp.o)
                0x33d03edc                RarpRequest
 .text          0x33d04024        0x8 net/libnet.a(eth.o)
                0x33d04024                eth_initialize
 .text          0x33d0402c      0x768 drivers/libdrivers.a(dm9000x.o)
                0x33d0412c                eth_init
                0x33d04554                eth_send
                0x33d0462c                eth_halt
                0x33d04664                eth_rx
 .text          0x33d04794       0x7c drivers/nand/libnand.a(nand.o)
                0x33d04794                nand_init
 .text          0x33d04810     0x2d20 drivers/nand/libnand.a(nand_base.o)
                0x33d064b4                nand_write_calmecc
                0x33d06ae0                nand_scan
                0x33d05be0                nand_read_raw
                0x33d074f4                nand_release
                0x33d06850                nand_erase_nand
 .text          0x33d07530      0x298 drivers/nand/libnand.a(nand_ecc.o)
                0x33d07530                nand_calculate_ecc
                0x33d07644                nand_correct_data
 .text          0x33d077c8     0x15ec drivers/nand/libnand.a(nand_bbt.o)
                0x33d08d4c                nand_isbad_bbt
                0x33d08c78                nand_default_bbt
                0x33d08820                nand_scan_bbt
                0x33d0852c                nand_update_bbt
 .text          0x33d08db4      0xa44 drivers/lcd/liblcd.a(embedsky_lcd.o)
                0x33d08db4                embedsky_lcd_ClearScr
                0x33d09054                embedsky_lcd_PowerEnable
                0x33d093b0                embedsky_user_logo
                0x33d09338                embedsky_tq_logo
                0x33d08e00                embedsky_lcd_ClearScr_Rectangle
                0x33d08ef8                putPixel
                0x33d08f1c                drawProcessBar
                0x33d0949c                nand_read_ll_lcd
                0x33d08e6c                embedsky_paint_Bmp
                0x33d0961c                nand_read_ll_lp_lcd
                0x33d090a4                embedsky_lcd_EnvidOnOff
                0x33d090c8                embedsky_lcd_Init
 .text          0x33d097f8      0x11c modules/usb.module(usbmain.o)
                0x33d098e0                _WrDbgStrFifo
                0x33d097f8                UsbdMain
                0x33d0980c                DbgPrintf
                0x33d09818                IsrUsbd
 .text          0x33d09914      0x3c4 modules/usb.module(usbout.o)
                0x33d09b14                IsrDma2
                0x33d09cb0                ClearEp3OutPktReady
                0x33d09964                Ep3Handler
 .text          0x33d09cd8      0xc58 modules/usb.module(usbsetup.o)
                0x33d09d1c                Ep0Handler
                0x33d09cd8                PrintEp0Pkt
                0x33d0a7e4                InitDescriptorTable
 .text          0x33d0a930      0x5f8 modules/usb.module(usbinit.o)
                0x33d0aa18                Clk1_Disable
                0x33d0aeac                HaltDabort
                0x33d0aef4                Clk1_Enable
                0x33d0a9fc                Clk0_Disable
                0x33d0a930                awaitkey
                0x33d0ae70                HaltUndef
                0x33d0ae98                HaltPabort
                0x33d0a9a0                Port_Init
                0x33d0aa34                usb_init
                0x33d0ae84                HaltSwi
                0x33d0aec0                Clk0_Enable
                0x33d0aba8                usb_receive
 .text          0x33d0af28       0xd8 modules/usb.module(usbin.o)
                0x33d0af94                Ep1Handler
                0x33d0af28                PrepareEp1Fifo
 .text          0x33d0b000      0x3f4 modules/usb.module(usblib.o)
                0x33d0b000                ReconfigUsbd
                0x33d0b394                ConfigEp3IntMode
                0x33d0b20c                WrPktEp2
                0x33d0b17c                RdPktEp0
                0x33d0b26c                RdPktEp4
                0x33d0b158                ConfigUsbd
                0x33d0b1dc                WrPktEp1
                0x33d0b29c                ConfigEp3DmaMode
                0x33d0b1ac                WrPktEp0
                0x33d0b23c                RdPktEp3
 .text          0x33d0b3f4      0x5cc modules/wince.module(wince_cmds.o)
                0x33d0b4f4                MarkReservedBlocksUnused
                0x33d0b634                download_nkbin_to_flash
                0x33d0b708                Load_nknb0_to_flash
                0x33d0b474                do_wince
                0x33d0b420                do_eboot
                0x33d0b3f4                ClearFreeMem
 .text          0x33d0b9c0      0x7b4 modules/wince.module(ebootloader.o)
                0x33d0baf4                TOC_Write
                0x33d0bdac                ID_Print
                0x33d0be48                ReadImageFromNand
                0x33d0b9c0                TOC_Read
                0x33d0ba8c                TOC_Erase
                0x33d0bc0c                TOC_Init
                0x33d0bde8                TOC_Print
 .text          0x33d0c174      0x7b4 modules/wince.module(extract_wince_image.o)
                0x33d0c174                GetLauchAddrFrmRam
                0x33d0c498                ExtractImgFrmUSBBuf
                0x33d0c3f4                OEMMultiBINNotify
                0x33d0c304                OEMMapMemAddr
                0x33d0c360                OEMVerifyMemory
                0x33d0c1a0                OEMReadData
 .text          0x33d0c928      0x9cc common/libcommon.a(main.o)
                0x33d0cbe0                run_command
                0x33d0d278                do_run
                0x33d0ca04                readline
                0x33d0d030                main_loop
 .text          0x33d0d2f4      0x260 common/libcommon.a(cmd_autoscript.o)
                0x33d0d2f4                autoscript
                0x33d0d514                do_autoscript
 .text          0x33d0d554       0xe4 common/libcommon.a(cmd_bdinfo.o)
                0x33d0d568                do_bdinfo
 .text          0x33d0d638       0x88 common/libcommon.a(cmd_boot.o)
                0x33d0d638                do_go
 .text          0x33d0d6c0      0xe78 common/libcommon.a(cmd_bootm.o)
                0x33d0dc7c                do_iminfo
                0x33d0de54                do_bootm
                0x33d0d6c0                do_bootd
                0x33d0dcf8                gunzip
                0x33d0d6e4                print_image_hdr
 .text          0x33d0e538      0x154 common/libcommon.a(cmd_cache.o)
                0x33d0e604                do_icache
                0x33d0e57c                do_dcache
 .text          0x33d0e68c       0xd8 common/libcommon.a(cmd_console.o)
                0x33d0e68c                do_coninfo
 .text          0x33d0e764      0x33c common/libcommon.a(cmd_date.o)
                0x33d0e994                do_date
                0x33d0e7ac                mk_date
 .text          0x33d0eaa0      0x394 common/libcommon.a(cmd_elf.o)
                0x33d0ec10                do_bootvx
                0x33d0ed8c                do_bootelf
                0x33d0eaf4                load_elf_image
                0x33d0eaa0                valid_elf_image
 .text          0x33d0ee34      0xd50 common/libcommon.a(cmd_flash.o)
                0x33d0f3a0                flash_sect_erase
                0x33d0f7e4                do_protect
                0x33d0f304                do_flinfo
                0x33d0f484                do_flerase
                0x33d0f6f4                flash_sect_protect
 .text          0x33d0fb84      0x2f0 common/libcommon.a(cmd_itest.o)
                0x33d0fbec                binary_test
                0x33d0fdc8                do_itest
 .text          0x33d0fe74     0x21fc common/libcommon.a(cmd_jffs2.o)
                0x33d10f60                find_dev_and_part
                0x33d11770                do_jffs2_fsload
                0x33d11104                mtdparts_init
                0x33d1197c                do_jffs2_fsinfo
                0x33d118fc                do_jffs2_ls
                0x33d10bbc                id_parse
                0x33d11ad4                do_jffs2_mtdparts
                0x33d11a10                do_jffs2_chpart
 .text          0x33d12070      0xf6c common/libcommon.a(cmd_load.o)
                0x33d12364                send_pad
                0x33d1265c                k_data_char
                0x33d1256c                k_data_init
                0x33d1248c                send_nack
                0x33d12904                do_load_serial_bin
                0x33d125f8                k_data_restore
                0x33d12594                k_data_save
                0x33d123a0                ktrans
                0x33d12070                do_load_serial
                0x33d123cc                chk1
                0x33d12428                send_ack
                0x33d126d0                handle_send_packet
                0x33d123fc                s1_sendpacket
 .text          0x33d12fdc      0xb28 common/libcommon.a(cmd_mem.o)
                0x33d13330                do_mem_cmp
                0x33d134ec                do_mem_cp
                0x33d13050                do_mem_md
                0x33d13a4c                do_mem_crc
                0x33d13a24                do_mem_mm
                0x33d13620                do_mem_base
                0x33d139fc                do_mem_nm
                0x33d13264                do_mem_mw
                0x33d13664                do_mem_loop
                0x33d12fdc                cmd_get_data_size
                0x33d13768                do_mem_mtest
 .text          0x33d13b04       0x9c common/libcommon.a(cmd_misc.o)
                0x33d13b04                do_sleep
 .text          0x33d13ba0     0x1288 common/libcommon.a(cmd_nand.o)
                0x33d13ddc                do_nand
                0x33d14c04                do_nandboot
 .text          0x33d14e28      0x37c common/libcommon.a(cmd_net.o)
                0x33d150e8                do_rarpb
                0x33d15100                do_bootp
                0x33d1510c                do_ping
                0x33d150f4                do_tftpb
 .text          0x33d151a4      0x8b8 common/libcommon.a(cmd_nvedit.o)
                0x33d158f0                getenv
                0x33d15878                setenv
                0x33d153d4                _do_setenv
                0x33d15218                do_printenv
                0x33d158b0                do_setenv
                0x33d15a30                do_saveenv
                0x33d1596c                getenv_r
 .text          0x33d15a5c      0x1d4 common/libcommon.a(cmd_usbslave.o)
                0x33d15a5c                do_usbslave
 .text          0x33d15c30      0xef0 common/libcommon.a(cmd_menu.o)
                0x33d15f48                lcd_menu_usage
                0x33d15ca4                param_menu_shell
                0x33d1681c                menu_shell
                0x33d161bc                main_menu_usage
                0x33d16360                tftp_menu_shell
                0x33d15fd4                lcd_menu_shell
                0x33d15c30                param_menu_usage
                0x33d16b10                do_menu
 .text          0x33d16b20      0x308 common/libcommon.a(command.o)
                0x33d16bc0                find_cmd
                0x33d16b40                do_echo
                0x33d16b20                do_version
                0x33d16c68                do_help
 .text          0x33d16e28      0x4d0 common/libcommon.a(console.o)
                0x33d171fc                console_init_f
                0x33d16ed0                serial_printf
                0x33d1713c                had_ctrlc
                0x33d170cc                ctrlc
                0x33d1720c                console_init_r
                0x33d1714c                clear_ctrlc
                0x33d16f08                fgetc
                0x33d170a0                vprintf
                0x33d16f58                fputc
                0x33d17124                disable_ctrlc
                0x33d16f88                fputs
                0x33d16fb4                fprintf
                0x33d17160                dbg
                0x33d1716c                console_assign
                0x33d1700c                tstc
                0x33d16ff4                getc
                0x33d17068                printf
                0x33d1704c                puts
                0x33d17024                putc
                0x33d16f30                ftstc
 .text          0x33d172f8       0xf0 common/libcommon.a(devices.o)
                0x33d172f8                device_register
                0x33d1731c                devices_init
                0x33d173cc                devices_done
 .text          0x33d173e8     0x108c common/libcommon.a(dlmalloc.o)
                0x33d183bc                malloc_usable_size
                0x33d1741c                malloc_trim
                0x33d182e8                calloc
                0x33d17d4c                realloc
                0x33d17708                malloc
                0x33d173e8                malloc_bin_reloc
                0x33d181b4                memalign
                0x33d183fc                mallopt
                0x33d183b8                cfree
                0x33d182d0                pvalloc
                0x33d174f4                free
                0x33d182c4                valloc
 .text          0x33d18474      0x124 common/libcommon.a(env_common.o)
                0x33d184c8                env_get_char_memory
                0x33d18508                env_relocate
                0x33d184e8                env_get_addr
                0x33d18474                env_crc_update
 .text          0x33d18598      0x204 common/libcommon.a(env_nand.o)
                0x33d185c0                saveenv
                0x33d18714                env_relocate_spec
                0x33d18598                env_get_char_spec
                0x33d185a4                env_init
 .text          0x33d1879c       0xc0 common/libcommon.a(exports.o)
                0x33d187a8                jumptable_init
                0x33d187a0                get_version
 .text          0x33d1885c      0x3b8 common/libcommon.a(flash.o)
                0x33d18b34                flash_perror
                0x33d18964                addr2info
                0x33d1885c                flash_protect
                0x33d189ac                flash_write
 .text          0x33d18c14      0x3c8 common/libcommon.a(lists.o)
                0x33d18d6c                ListSetAllocationPolicy
                0x33d18d84                ListInsertItems
                0x33d18c74                DisposeHandle
                0x33d18c9c                SetHandleSize
                0x33d18fb8                ListGetDataPtr
                0x33d18f40                ListGetItems
                0x33d18fc4                ListGetItemSize
                0x33d18d0c                ListCreate
                0x33d18f88                ListGetPtrToItem
                0x33d18d80                ListDispose
                0x33d18fd0                ListNumItems
                0x33d18f38                ListInsertItem
                0x33d18c94                GetHandleSize
                0x33d18c14                NewHandle
 .text          0x33d18fdc      0x2f8 common/libcommon.a(s_record.o)
                0x33d19050                srec_decode
 .text          0x33d192d4      0xa98 common/libcommon.a(xyzModem.o)
                0x33d19cd0                xyzModem_error
                0x33d1933c                parse_num
                0x33d198f8                xyzModem_stream_read
                0x33d19784                xyzModem_stream_open
                0x33d192d4                CYGACC_COMM_IF_GETC_TIMEOUT
                0x33d19330                CYGACC_COMM_IF_PUTC
                0x33d19bf8                xyzModem_stream_terminate
                0x33d19ba0                xyzModem_stream_close
 .text          0x33d19d6c       0x4c common/libcommon.a(crc16.o)
                0x33d19d6c                cyg_crc16
 .text          0x33d19db8      0x1f0 lib_generic/libgeneric.a(crc32.o)
                0x33d19eb4                crc32_no_comp
                0x33d19db8                crc32
 .text          0x33d19fa8       0xb4 lib_generic/libgeneric.a(display_options.o)
                0x33d19fc8                print_size
                0x33d19fa8                display_options
 .text          0x33d1a05c      0x5a0 lib_generic/libgeneric.a(string.o)
                0x33d1a484                memcpy
                0x33d1a458                bcopy
                0x33d1a27c                strspn
                0x33d1a09c                strcat
                0x33d1a1d4                strrchr
                0x33d1a138                strncmp
                0x33d1a1b0                strlen
                0x33d1a4ac                memmove
                0x33d1a3a0                strsep
                0x33d1a0c8                strncat
                0x33d1a31c                strtok
                0x33d1a078                strncpy
                0x33d1a434                memset
                0x33d1a50c                memcmp
                0x33d1a20c                strnlen
                0x33d1a5cc                memchr
                0x33d1a564                strstr
                0x33d1a108                strcmp
                0x33d1a3d8                strswab
                0x33d1a2dc                strpbrk
                0x33d1a180                strchr
                0x33d1a540                memscan
                0x33d1a244                strdup
                0x33d1a05c                strcpy
 .text          0x33d1a5fc      0x800 lib_generic/libgeneric.a(vsprintf.o)
                0x33d1ad38                printk
                0x33d1a6b0                simple_strtol
                0x33d1a950                vsprintf
                0x33d1ad94                sprintf
                0x33d1a5fc                simple_strtoul
                0x33d1adb4                panic
 .text          0x33d1adfc     0x2be8 lib_generic/libgeneric.a(zlib.o)
                0x33d1afcc                inflateReset
                0x33d1af2c                inflateEnd
                0x33d1b2a0                inflateInit
                0x33d1bbc8                inflate
                0x33d1b2f8                inflateIncomp
                0x33d1b034                inflateSync
                0x33d1b140                inflateInit2
                0x33d1d870                adler32
 .text          0x33d1d9e4       0xfc board/EmbedSky/libEmbedSky.a(EmbedSky.o)
                0x33d1dac0                dram_init
                0x33d1d9e4                board_init
 .text          0x33d1dae0      0x71c board/EmbedSky/libEmbedSky.a(flash.o)
                0x33d1dae0                flash_init
                0x33d1e070                write_buff
                0x33d1dd4c                flash_erase
                0x33d1dc38                flash_print_info
 .text          0x33d1e1fc      0x168 cpu/arm920t/libarm920t.a(cpu.o)
                0x33d1e304                icache_status
                0x33d1e2cc                icache_enable
                0x33d1e2e8                icache_disable
                0x33d1e318                dcache_enable
                0x33d1e28c                cleanup_before_linux
                0x33d1e2b4                do_reset
                0x33d1e234                cpu_init
                0x33d1e334                dcache_disable
                0x33d1e350                dcache_status
 .text          0x33d1e364      0x178 cpu/arm920t/s3c24x0/libs3c24x0.a(serial.o)
                0x33d1e4cc                awaitkey2
                0x33d1e408                serial_tstc
                0x33d1e418                serial_puts
                0x33d1e440                do_getc
                0x33d1e3b8                serial_init
                0x33d1e3e0                serial_putc
                0x33d1e3c8                serial_getc
                0x33d1e364                serial_setbrg
 .text          0x33d1e4dc      0x1ec cpu/arm920t/s3c24x0/libs3c24x0.a(nand_flash.o)
                0x33d1e604                board_nand_init
 .text          0x33d1e6c8       0x1c lib_arm/libarm.a(_ashldi3.o)
                0x33d1e6c8                __ashldi3
 .text          0x33d1e6e4       0x1c lib_arm/libarm.a(_ashrdi3.o)
                0x33d1e6e4                __ashrdi3
 .text          0x33d1e700      0x140 lib_arm/libarm.a(_divsi3.o)
                0x33d1e700                __divsi3
 .text          0x33d1e840      0x100 lib_arm/libarm.a(_modsi3.o)
                0x33d1e840                __modsi3
 .text          0x33d1e940       0xb4 lib_arm/libarm.a(_umodsi3.o)
                0x33d1e940                __umodsi3
 .text          0x33d1e9f4      0x3b8 lib_arm/libarm.a(armlinux.o)
                0x33d1e9f4                do_bootm_linux
 .text          0x33d1edac        0x4 lib_arm/libarm.a(cache.o)
                0x33d1edac                flush_cache
 .text          0x33d1edb0      0x7d8 fs/cramfs/libcramfs.a(cramfs.o)
                0x33d1f2ec                cramfs_ls
                0x33d1f51c                cramfs_check
                0x33d1f0b8                cramfs_load
                0x33d1f454                cramfs_info
 .text          0x33d1f588       0xdc fs/cramfs/libcramfs.a(uncompress.o)
                0x33d1f64c                cramfs_uncompress_exit
                0x33d1f5a0                cramfs_uncompress_block
                0x33d1f5ec                cramfs_uncompress_init
 .text          0x33d1f664     0x1f64 fs/jffs2/libjffs2.a(jffs2_1pass.o)
                0x33d20168                jffs2_1pass_rescan_needed
                0x33d21030                jffs2_1pass_load
                0x33d1ff00                mkmodestr
                0x33d1f9ac                jffs2_free_cache
                0x33d2078c                jffs2_1pass_ls
                0x33d21420                jffs2_1pass_info
 .text          0x33d215c8       0xd0 fs/jffs2/libjffs2.a(compr_rtime.o)
                0x33d215c8                rtime_decompress
 .text          0x33d21698      0x128 fs/jffs2/libjffs2.a(compr_rubin.o)
                0x33d21698                rubin_do_decompress
                0x33d21778                dynrubin_decompress
 .text          0x33d217c0       0x18 fs/jffs2/libjffs2.a(compr_zlib.o)
                0x33d217c0                zlib_decompress
 .text          0x33d217d8      0xdd0 fs/jffs2/libjffs2.a(mini_inflate.o)
                0x33d21cb8                decompress_block
                0x33d217d8                cramfs_memset
                0x33d21854                pull_bit
                0x33d217ec                pull_bits
 .text          0x33d225a8      0x2b8 rtc/librtc.a(date.o)
                0x33d225a8                GregorianDay
                0x33d227c0                mktime
                0x33d22698                to_tm
 .text          0x33d22860      0x214 rtc/librtc.a(s3c24x0_rtc.o)
                0x33d22998                rtc_set
                0x33d228ac                rtc_get
                0x33d22a50                rtc_reset
 .text          0x33d22a74      0xed0 drivers/nand/libnand.a(nand_util.o)
                0x33d23338                nand_read_opts
                0x33d23814                nand_unlock
                0x33d23788                nand_get_lock_status
                0x33d22a7c                nand_erase_opts
                0x33d22e0c                nand_write_opts
                0x33d23714                nand_lock
 .text          0x33d23944      0x388 /opt/EmbedSky/crosstools_3.4.5_softfloat/gcc-3.4.5-glibc-2.3.6/arm-linux/lib/gcc/arm-linux/3.4.5/libgcc.a(_addsubdf3.oS)
                0x33d23c54                __floatsidf
                0x33d23c2c                __floatunsidf
                0x33d23944                __subdf3
                0x33d23948                __adddf3
                0x33d23c80                __extendsfdf2
 .text          0x33d23ccc      0x580 /opt/EmbedSky/crosstools_3.4.5_softfloat/gcc-3.4.5-glibc-2.3.6/arm-linux/lib/gcc/arm-linux/3.4.5/libgcc.a(_muldivdf3.oS)
                0x33d23ccc                __muldf3
                0x33d23fe0                __divdf3
 .text          0x33d2424c       0x80 /opt/EmbedSky/crosstools_3.4.5_softfloat/gcc-3.4.5-glibc-2.3.6/arm-linux/lib/gcc/arm-linux/3.4.5/libgcc.a(_fixdfsi.oS)
                0x33d2424c                __fixdfsi
 .text          0x33d242cc      0x544 /opt/EmbedSky/crosstools_3.4.5_softfloat/gcc-3.4.5-glibc-2.3.6/arm-linux/lib/gcc/arm-linux/3.4.5/libgcc.a(_udivdi3.oS)
                0x33d242cc                __udivdi3

.glue_7         0x33d24810        0x0

.glue_7t        0x33d24810        0x0
                0x33d24810                . = ALIGN (0x4)

.rodata         0x33d24810      0xa80
 *(.rodata)
 .rodata        0x33d24810       0x80 cpu/arm920t/libarm920t.a(interrupts.o)
 .rodata        0x33d24890       0x38 lib_arm/libarm.a(board.o)
                0x33d24890                version_string
 .rodata        0x33d248c8        0x8 net/libnet.a(net.o)
 .rodata        0x33d248d0        0x8 drivers/nand/libnand.a(nand.o)
 .rodata        0x33d248d8       0x14 drivers/nand/libnand.a(nand_base.o)
 .rodata        0x33d248ec      0x100 drivers/nand/libnand.a(nand_ecc.o)
 .rodata        0x33d249ec       0x46 modules/usb.module(usbsetup.o)
 *fill*         0x33d24a32        0x2 00
 .rodata        0x33d24a34       0x30 modules/wince.module(wince_cmds.o)
 .rodata        0x33d24a64       0x14 modules/wince.module(ebootloader.o)
 .rodata        0x33d24a78       0x14 common/libcommon.a(cmd_nvedit.o)
 .rodata        0x33d24a8c      0x200 common/libcommon.a(crc16.o)
 .rodata        0x33d24c8c      0x400 lib_generic/libgeneric.a(crc32.o)
 .rodata        0x33d2508c       0x30 cpu/arm920t/s3c24x0/libs3c24x0.a(nand_flash.o)
 .rodata        0x33d250bc       0xa4 fs/jffs2/libjffs2.a(jffs2_1pass.o)
 .rodata        0x33d25160       0x30 rtc/librtc.a(date.o)
 .rodata        0x33d25190      0x100 /opt/EmbedSky/crosstools_3.4.5_softfloat/gcc-3.4.5-glibc-2.3.6/arm-linux/lib/gcc/arm-linux/3.4.5/libgcc.a(_clz.oS)
                0x33d25190                __clz_tab

.rodata.str1.4  0x33d25290     0x8ba3
 .rodata.str1.4
                0x33d25290      0x293 cpu/arm920t/libarm920t.a(interrupts.o)
                                0x29c (size before relaxing)
 *fill*         0x33d25523        0x1 00
 .rodata.str1.4
                0x33d25524       0x36 cpu/arm920t/s3c24x0/libs3c24x0.a(interrupts.o)
                                 0x38 (size before relaxing)
 *fill*         0x33d2555a        0x2 00
 .rodata.str1.4
                0x33d2555c       0x7d lib_arm/libarm.a(board.o)
                                 0x80 (size before relaxing)
 *fill*         0x33d255d9        0x3 00
 .rodata.str1.4
                0x33d255dc      0x252 lib_arm/libarm.a(boot_zImage.o)
                                0x268 (size before relaxing)
 *fill*         0x33d2582e        0x2 00
 .rodata.str1.4
                0x33d25830      0x1f9 net/libnet.a(net.o)
                                0x1fc (size before relaxing)
 *fill*         0x33d25a29        0x3 00
 .rodata.str1.4
                0x33d25a2c      0x1df net/libnet.a(tftp.o)
                                0x1ec (size before relaxing)
 *fill*         0x33d25c0b        0x1 00
 .rodata.str1.4
                0x33d25c0c       0x80 net/libnet.a(bootp.o)
                                 0xb4 (size before relaxing)
 .rodata.str1.4
                0x33d25c8c       0x13 net/libnet.a(rarp.o)
                                 0x48 (size before relaxing)
 *fill*         0x33d25c9f        0x1 00
 .rodata.str1.4
                0x33d25ca0       0xcb drivers/libdrivers.a(dm9000x.o)
                                 0xd4 (size before relaxing)
 *fill*         0x33d25d6b        0x1 00
 .rodata.str1.4
                0x33d25d6c      0x316 drivers/nand/libnand.a(nand_base.o)
                                0x31c (size before relaxing)
 *fill*         0x33d26082        0x2 00
 .rodata.str1.4
                0x33d26084      0x43a drivers/nand/libnand.a(nand_ids.o)
                                0x43c (size before relaxing)
 *fill*         0x33d264be        0x2 00
 .rodata.str1.4
                0x33d264c0      0x308 drivers/nand/libnand.a(nand_bbt.o)
 .rodata.str1.4
                0x33d267c8       0x62 drivers/lcd/liblcd.a(embedsky_lcd.o)
                                 0x64 (size before relaxing)
 *fill*         0x33d2682a        0x2 00
 .rodata.str1.4
                0x33d2682c       0x18 modules/usb.module(usbout.o)
 .rodata.str1.4
                0x33d26844      0x12b modules/usb.module(usbsetup.o)
                                0x138 (size before relaxing)
 *fill*         0x33d2696f        0x1 00
 .rodata.str1.4
                0x33d26970      0x15d modules/usb.module(usbinit.o)
                                0x160 (size before relaxing)
 *fill*         0x33d26acd        0x3 00
 .rodata.str1.4
                0x33d26ad0      0x25f modules/wince.module(wince_cmds.o)
                                0x260 (size before relaxing)
 *fill*         0x33d26d2f        0x1 00
 .rodata.str1.4
                0x33d26d30       0xfc modules/wince.module(ebootloader.o)
 .rodata.str1.4
                0x33d26e2c      0x22d modules/wince.module(extract_wince_image.o)
                                0x230 (size before relaxing)
 *fill*         0x33d27059        0x3 00
 .rodata.str1.4
                0x33d2705c      0x138 common/libcommon.a(main.o)
                                0x148 (size before relaxing)
 .rodata.str1.4
                0x33d27194       0xf6 common/libcommon.a(cmd_autoscript.o)
                                 0xf8 (size before relaxing)
 *fill*         0x33d2728a        0x2 00
 .rodata.str1.4
                0x33d2728c       0xbf common/libcommon.a(cmd_bdinfo.o)
                                 0xc0 (size before relaxing)
 *fill*         0x33d2734b        0x1 00
 .rodata.str1.4
                0x33d2734c      0x10b common/libcommon.a(cmd_boot.o)
                                0x118 (size before relaxing)
 *fill*         0x33d27457        0x1 00
 .rodata.str1.4
                0x33d27458      0x81a common/libcommon.a(cmd_bootm.o)
                                0x868 (size before relaxing)
 *fill*         0x33d27c72        0x2 00
 .rodata.str1.4
                0x33d27c74      0x125 common/libcommon.a(cmd_cache.o)
                                0x13c (size before relaxing)
 *fill*         0x33d27d99        0x3 00
 .rodata.str1.4
                0x33d27d9c       0x70 common/libcommon.a(cmd_console.o)
                                 0x74 (size before relaxing)
 .rodata.str1.4
                0x33d27e0c      0x16c common/libcommon.a(cmd_date.o)
                                0x180 (size before relaxing)
 .rodata.str1.4
                0x33d27f78      0x2d7 common/libcommon.a(cmd_elf.o)
                                0x2f0 (size before relaxing)
 *fill*         0x33d2824f        0x1 00
 .rodata.str1.4
                0x33d28250      0x8ab common/libcommon.a(cmd_flash.o)
                                0x8c4 (size before relaxing)
 *fill*         0x33d28afb        0x1 00
 .rodata.str1.4
                0x33d28afc       0xce common/libcommon.a(cmd_itest.o)
                                 0xdc (size before relaxing)
 *fill*         0x33d28bca        0x2 00
 .rodata.str1.4
                0x33d28bcc      0xfc4 common/libcommon.a(cmd_jffs2.o)
                               0x1018 (size before relaxing)
 .rodata.str1.4
                0x33d29b90      0x3fc common/libcommon.a(cmd_load.o)
                                0x41c (size before relaxing)
 .rodata.str1.4
                0x33d29f8c      0x629 common/libcommon.a(cmd_mem.o)
                                0x648 (size before relaxing)
 *fill*         0x33d2a5b5        0x3 00
 .rodata.str1.4
                0x33d2a5b8       0x70 common/libcommon.a(cmd_misc.o)
                                 0x7c (size before relaxing)
 .rodata.str1.4
                0x33d2a628      0xbb9 common/libcommon.a(cmd_nand.o)
                                0xc00 (size before relaxing)
 *fill*         0x33d2b1e1        0x3 00
 .rodata.str1.4
                0x33d2b1e4      0x1c6 common/libcommon.a(cmd_net.o)
                                0x218 (size before relaxing)
 *fill*         0x33d2b3aa        0x2 00
 .rodata.str1.4
                0x33d2b3ac      0x31d common/libcommon.a(cmd_nvedit.o)
                                0x3b0 (size before relaxing)
 *fill*         0x33d2b6c9        0x3 00
 .rodata.str1.4
                0x33d2b6cc       0xa1 common/libcommon.a(cmd_usbslave.o)
                                 0xdc (size before relaxing)
 *fill*         0x33d2b76d        0x3 00
 .rodata.str1.4
                0x33d2b770     0x11e3 common/libcommon.a(cmd_menu.o)
                               0x122c (size before relaxing)
 *fill*         0x33d2c953        0x1 00
 .rodata.str1.4
                0x33d2c954      0x27e common/libcommon.a(command.o)
                                0x280 (size before relaxing)
 *fill*         0x33d2cbd2        0x2 00
 .rodata.str1.4
                0x33d2cbd4       0x2f common/libcommon.a(devices.o)
                                 0x48 (size before relaxing)
 *fill*         0x33d2cc03        0x1 00
 .rodata.str1.4
                0x33d2cc04       0x33 common/libcommon.a(env_common.o)
                                 0x34 (size before relaxing)
 *fill*         0x33d2cc37        0x1 00
 .rodata.str1.4
                0x33d2cc38       0x97 common/libcommon.a(env_nand.o)
                                 0xa0 (size before relaxing)
 *fill*         0x33d2cccf        0x1 00
 .rodata.str1.4
                0x33d2ccd0      0x11d common/libcommon.a(flash.o)
                                0x120 (size before relaxing)
 *fill*         0x33d2cded        0x3 00
 .rodata.str1.4
                0x33d2cdf0       0xf2 common/libcommon.a(xyzModem.o)
                                 0xf8 (size before relaxing)
 *fill*         0x33d2cee2        0x2 00
 .rodata.str1.4
                0x33d2cee4       0x1f lib_generic/libgeneric.a(display_options.o)
                                 0x20 (size before relaxing)
 *fill*         0x33d2cf03        0x1 00
 .rodata.str1.4
                0x33d2cf04       0x57 lib_generic/libgeneric.a(vsprintf.o)
                                 0x58 (size before relaxing)
 *fill*         0x33d2cf5b        0x1 00
 .rodata.str1.4
                0x33d2cf5c      0x20d lib_generic/libgeneric.a(zlib.o)
                                0x214 (size before relaxing)
 *fill*         0x33d2d169        0x3 00
 .rodata.str1.4
                0x33d2d16c      0x125 board/EmbedSky/libEmbedSky.a(flash.o)
                                0x12c (size before relaxing)
 *fill*         0x33d2d291        0x3 00
 .rodata.str1.4
                0x33d2d294       0x14 cpu/arm920t/s3c24x0/libs3c24x0.a(nand_flash.o)
 .rodata.str1.4
                0x33d2d2a8       0x5b lib_arm/libarm.a(armlinux.o)
                                 0xc4 (size before relaxing)
 *fill*         0x33d2d303        0x1 00
 .rodata.str1.4
                0x33d2d304      0x1ac fs/cramfs/libcramfs.a(cramfs.o)
                                0x1b4 (size before relaxing)
 .rodata.str1.4
                0x33d2d4b0      0x42b fs/jffs2/libjffs2.a(jffs2_1pass.o)
                                0x450 (size before relaxing)
 *fill*         0x33d2d8db        0x1 00
 .rodata.str1.4
                0x33d2d8dc      0x557 drivers/nand/libnand.a(nand_util.o)
                                0x55c (size before relaxing)
                0x33d2de34                . = ALIGN (0x4)

.data           0x33d2de34     0x8e64
 *(.data)
 .data          0x33d2de34       0x2c lib_arm/libarm.a(board.o)
                0x33d2de34                init_sequence
 .data          0x33d2de60        0xa net/libnet.a(net.o)
                0x33d2de62                NetOurVLAN
                0x33d2de60                NetOurNativeVLAN
                0x33d2de64                NetBcastAddr
 .data          0x33d2de6a        0x4 net/libnet.a(tftp.o)
 *fill*         0x33d2de6e        0x2 00
 .data          0x33d2de70        0x4 drivers/libdrivers.a(dm9000x.o)
 .data          0x33d2de74        0x4 drivers/nand/libnand.a(nand.o)
                0x33d2de74                nand_curr_device
 .data          0x33d2de78      0x298 drivers/nand/libnand.a(nand_base.o)
 .data          0x33d2e110      0x548 drivers/nand/libnand.a(nand_ids.o)
                0x33d2e110                nand_manuf_ids
                0x33d2e148                nand_flash_ids
 .data          0x33d2e658      0x110 drivers/nand/libnand.a(nand_bbt.o)
 .data          0x33d2e768     0x791f drivers/lcd/liblcd.a(embedsky_lcd.o)
                0x33d2e76f                down_mode
                0x33d2e76c                vspw
                0x33d2e76b                hbpd
                0x33d2e76a                hfpd
                0x33d3434f                logo_net
                0x33d3038f                logo_tqkj
                0x33d2e76e                vbpd
                0x33d2e769                hspw
                0x33d2e768                clkval_tft
                0x33d2e76d                vfpd
 .data          0x33d36087        0x2 modules/usb.module(usbsetup.o)
                0x33d36087                Selfpwr
                0x33d36088                Configuration
 *fill*         0x33d36089        0x3 00
 .data          0x33d3608c        0x4 modules/wince.module(ebootloader.o)
                0x33d3608c                pbUUID
 .data          0x33d36090        0x4 modules/wince.module(extract_wince_image.o)
 .data          0x33d36094       0x10 common/libcommon.a(main.o)
 .data          0x33d360a4        0x4 common/libcommon.a(cmd_bootm.o)
                0x33d360a4                load_addr
 .data          0x33d360a8       0x1c common/libcommon.a(cmd_date.o)
                0x33d360a8                weekdays
 .data          0x33d360c4       0x68 common/libcommon.a(cmd_itest.o)
                0x33d360c4                op_table
 .data          0x33d3612c        0x4 common/libcommon.a(cmd_load.o)
 .data          0x33d36130        0x4 common/libcommon.a(cmd_mem.o)
                0x33d36130                dp_last_length
 .data          0x33d36134        0x4 common/libcommon.a(cmd_usbslave.o)
                0x33d36134                g_bUSBWait
 .data          0x33d36138        0xc common/libcommon.a(devices.o)
                0x33d36138                stdio_names
 .data          0x33d36144      0x414 common/libcommon.a(dlmalloc.o)
 .data          0x33d36558       0xd8 common/libcommon.a(env_common.o)
                0x33d3655c                default_environment
                0x33d3662c                env_get_char
                0x33d36558                default_environment_size
 .data          0x33d36630        0x4 common/libcommon.a(env_nand.o)
                0x33d36630                env_name_spec
 .data          0x33d36634      0x100 lib_generic/libgeneric.a(ctype.o)
                0x33d36634                _ctype
 .data          0x33d36734      0x2a0 lib_generic/libgeneric.a(zlib.o)
                0x33d36734                z_errmsg
                0x33d36754                zlib_version
 .data          0x33d369d4       0x28 fs/jffs2/libjffs2.a(jffs2_1pass.o)
 .data          0x33d369fc       0x13 fs/jffs2/libjffs2.a(mini_inflate.o)
 *fill*         0x33d36a0f        0x1 00
 .data          0x33d36a10       0x30 rtc/librtc.a(date.o)
 .data          0x33d36a40      0x258 drivers/nand/libnand.a(nand_util.o)

.got.plt        0x33d36c98        0xc
 .got.plt       0x33d36c98        0xc /opt/EmbedSky/crosstools_3.4.5_softfloat/gcc-3.4.5-glibc-2.3.6/arm-linux/lib/gcc/arm-linux/3.4.5/libgcc.a(_udivdi3.oS)
                0x33d36c98                _GLOBAL_OFFSET_TABLE_
                0x33d36ca4                . = ALIGN (0x4)

.got            0x33d36ca4        0x4
 *(.got)
 .got           0x33d36ca4        0x4 /opt/EmbedSky/crosstools_3.4.5_softfloat/gcc-3.4.5-glibc-2.3.6/arm-linux/lib/gcc/arm-linux/3.4.5/libgcc.a(_udivdi3.oS)
                0x33d36ca8                . = .
                0x33d36ca8                __u_boot_cmd_start = .

.u_boot_cmd     0x33d36ca8      0x588
 *(.u_boot_cmd)
 .u_boot_cmd    0x33d36ca8       0x48 lib_arm/libarm.a(boot_zImage.o)
                0x33d36ca8                __u_boot_cmd_boot_noos
                0x33d36cc0                __u_boot_cmd_test_zImage
                0x33d36cd8                __u_boot_cmd_boot_zImage
 .u_boot_cmd    0x33d36cf0       0x30 modules/wince.module(wince_cmds.o)
                0x33d36d08                __u_boot_cmd_eboot
                0x33d36cf0                __u_boot_cmd_wince
 .u_boot_cmd    0x33d36d20       0x18 common/libcommon.a(cmd_autoscript.o)
                0x33d36d20                __u_boot_cmd_autoscr
 .u_boot_cmd    0x33d36d38       0x18 common/libcommon.a(cmd_bdinfo.o)
                0x33d36d38                __u_boot_cmd_bdinfo
 .u_boot_cmd    0x33d36d50       0x30 common/libcommon.a(cmd_boot.o)
                0x33d36d50                __u_boot_cmd_reset
                0x33d36d68                __u_boot_cmd_go
 .u_boot_cmd    0x33d36d80       0x60 common/libcommon.a(cmd_bootm.o)
                0x33d36dc8                __u_boot_cmd_bootm
                0x33d36d80                __u_boot_cmd_iminfo
                0x33d36d98                __u_boot_cmd_bootd
                0x33d36db0                __u_boot_cmd_boot
 .u_boot_cmd    0x33d36de0       0x30 common/libcommon.a(cmd_cache.o)
                0x33d36de0                __u_boot_cmd_dcache
                0x33d36df8                __u_boot_cmd_icache
 .u_boot_cmd    0x33d36e10       0x18 common/libcommon.a(cmd_console.o)
                0x33d36e10                __u_boot_cmd_coninfo
 .u_boot_cmd    0x33d36e28       0x18 common/libcommon.a(cmd_date.o)
                0x33d36e28                __u_boot_cmd_date
 .u_boot_cmd    0x33d36e40       0x30 common/libcommon.a(cmd_elf.o)
                0x33d36e58                __u_boot_cmd_bootelf
                0x33d36e40                __u_boot_cmd_bootvx
 .u_boot_cmd    0x33d36e70       0x48 common/libcommon.a(cmd_flash.o)
                0x33d36ea0                __u_boot_cmd_flinfo
                0x33d36e70                __u_boot_cmd_protect
                0x33d36e88                __u_boot_cmd_erase
 .u_boot_cmd    0x33d36eb8       0x18 common/libcommon.a(cmd_itest.o)
                0x33d36eb8                __u_boot_cmd_itest
 .u_boot_cmd    0x33d36ed0       0x78 common/libcommon.a(cmd_jffs2.o)
                0x33d36f00                __u_boot_cmd_fsinfo
                0x33d36ee8                __u_boot_cmd_chpart
                0x33d36ed0                __u_boot_cmd_mtdparts
                0x33d36f18                __u_boot_cmd_ls
                0x33d36f30                __u_boot_cmd_fsload
 .u_boot_cmd    0x33d36f48       0x60 common/libcommon.a(cmd_load.o)
                0x33d36f48                __u_boot_cmd_loady
                0x33d36f60                __u_boot_cmd_loadx
                0x33d36f90                __u_boot_cmd_loads
                0x33d36f78                __u_boot_cmd_loadb
 .u_boot_cmd    0x33d36fa8       0xf0 common/libcommon.a(cmd_mem.o)
                0x33d37068                __u_boot_cmd_mm
                0x33d37020                __u_boot_cmd_cp
                0x33d36fc0                __u_boot_cmd_loop
                0x33d36fd8                __u_boot_cmd_base
                0x33d37038                __u_boot_cmd_mw
                0x33d37008                __u_boot_cmd_cmp
                0x33d37050                __u_boot_cmd_nm
                0x33d36fa8                __u_boot_cmd_mtest
                0x33d36ff0                __u_boot_cmd_crc32
                0x33d37080                __u_boot_cmd_md
 .u_boot_cmd    0x33d37098       0x18 common/libcommon.a(cmd_misc.o)
                0x33d37098                __u_boot_cmd_sleep
 .u_boot_cmd    0x33d370b0       0x30 common/libcommon.a(cmd_nand.o)
                0x33d370c8                __u_boot_cmd_nand
                0x33d370b0                __u_boot_cmd_nboot
 .u_boot_cmd    0x33d370e0       0x60 common/libcommon.a(cmd_net.o)
                0x33d370e0                __u_boot_cmd_ping
                0x33d370f8                __u_boot_cmd_rarpboot
                0x33d37128                __u_boot_cmd_bootp
                0x33d37110                __u_boot_cmd_tftpboot
 .u_boot_cmd    0x33d37140       0x60 common/libcommon.a(cmd_nvedit.o)
                0x33d37170                __u_boot_cmd_setenv
                0x33d37188                __u_boot_cmd_printenv
                0x33d37158                __u_boot_cmd_saveenv
                0x33d37140                __u_boot_cmd_run
 .u_boot_cmd    0x33d371a0       0x18 common/libcommon.a(cmd_usbslave.o)
                0x33d371a0                __u_boot_cmd_usbslave
 .u_boot_cmd    0x33d371b8       0x18 common/libcommon.a(cmd_menu.o)
                0x33d371b8                __u_boot_cmd_menu
 .u_boot_cmd    0x33d371d0       0x60 common/libcommon.a(command.o)
                0x33d37218                __u_boot_cmd_version
                0x33d37200                __u_boot_cmd_echo
                0x33d371e8                __u_boot_cmd_help
                0x33d371d0                __u_boot_cmd_question_mark
                0x33d37230                __u_boot_cmd_end = .
                0x33d37230                . = ALIGN (0x4)
                0x33d37230                __bss_start = .

.bss            0x33d37230    0x2bde0
 *(.bss)
 .bss           0x33d37230        0x2 board/EmbedSky/boot_init.o
                0x33d37230                bLARGEBLOCK
                0x33d37231                b128MB
 *fill*         0x33d37232        0x2 00
 .bss           0x33d37234       0xe0 cpu/arm920t/s3c24x0/libs3c24x0.a(interrupts.o)
                0x33d37238                isr_handle_array
                0x33d37300                intregs
                0x33d37304                g_TimerIntHappen
                0x33d37234                timer_load_val
 .bss           0x33d37314       0x10 lib_arm/libarm.a(board.o)
                0x33d37314                monitor_flash_len
 .bss           0x33d37324     0x25d0 net/libnet.a(net.o)
                0x33d3747c                PktBuf
                0x33d373b8                NetOurDNSIP
                0x33d373d8                NetRxPackets
                0x33d37376                NetOurHostName
                0x33d373d0                NetOurIP
                0x33d373bc                NetOurGatewayIP
                0x33d373f8                BootFile
                0x33d37324                NetTxPacket
                0x33d392b0                NetArpWaitPacketBuf
                0x33d37396                NetOurNISDomain
                0x33d37336                NetOurRootPath
                0x33d3732e                NetServerEther
                0x33d373f4                NetState
                0x33d373c0                NetOurSubnetMask
                0x33d3929c                NetArpWaitPacketIP
                0x33d398d0                NetArpWaitTimerStart
                0x33d373d4                NetServerIP
                0x33d37328                NetEtherNullAddr
                0x33d392a0                NetArpWaitReplyIP
                0x33d392a4                NetArpWaitPacketMAC
                0x33d373c8                NetOurEther
                0x33d373f0                NetIPID
                0x33d392ac                NetArpWaitTxPacketSize
                0x33d392a8                NetArpWaitTxPacket
                0x33d37334                NetBootFileSize
                0x33d398d4                NetArpWaitTry
                0x33d37478                NetPingIP
                0x33d373ec                NetRxPktLen
                0x33d373c4                NetBootFileXferSize
                0x33d373e8                NetRxPkt
 .bss           0x33d398f4       0x34 net/libnet.a(tftp.o)
 .bss           0x33d39928        0x8 net/libnet.a(bootp.o)
                0x33d3992c                BootpTry
                0x33d39928                BootpID
 .bss           0x33d39930        0x4 net/libnet.a(rarp.o)
                0x33d39930                RarpTry
 .bss           0x33d39934       0xa4 drivers/libdrivers.a(dm9000x.o)
                0x33d39934                dmfe_info
 .bss           0x33d399d8      0x208 drivers/nand/libnand.a(nand.o)
                0x33d399d8                nand_info
 .bss           0x33d39be0    0x25804 drivers/lcd/liblcd.a(embedsky_lcd.o)
                0x33d39be0                currWidth
                0x33d39be4                embedsky_LCD_BUFFER
 .bss           0x33d5f3e4     0x1008 modules/usb.module(usbmain.o)
                0x33d5f3e4                dbgStrWrPt
                0x33d5f3e8                dbgStrRdPt
                0x33d5f3ec                dbgStrFifo
 .bss           0x33d603ec       0x61 modules/usb.module(usbout.o)
                0x33d603ec                ep3Buf
 *fill*         0x33d6044d        0x3 00
 .bss           0x33d60450       0x68 modules/usb.module(usbsetup.o)
                0x33d6047c                descConf
                0x33d60460                descSetup
                0x33d60454                ep0SubState
                0x33d6045e                endpoint3_status
                0x33d60494                descEndpt0
                0x33d60459                AlterSetting
                0x33d604a8                InterfaceGet
                0x33d6045b                interface_status
                0x33d60488                descIf
                0x33d60468                descDev
                0x33d6045d                endpoint1_status
                0x33d60450                ep0State
                0x33d60458                Rwuen
                0x33d604ac                StatusGet
                0x33d6045a                device_status
                0x33d6045c                endpoint0_status
                0x33d6049c                descEndpt1
                0x33d604a4                ConfigSet
 .bss           0x33d604b8       0x5c modules/usb.module(usbinit.o)
                0x33d604e0                downPt
                0x33d604d8                downloadAddress
                0x33d604c8                usbdevregs
                0x33d604ec                totalDmaCount
                0x33d604bc                download_run
                0x33d604f4                tempDownloadAddress
                0x33d604c4                restart
                0x33d604d4                gpioregs
                0x33d60510                consoleNum
                0x33d604cc                dmaregs
                0x33d604f0                isUsbdSetConfiguration
                0x33d604c0                err
                0x33d604e8                checkSum
                0x33d604e4                downloadFileSize
                0x33d604dc                run
                0x33d6050c                dwUSBBufSize
                0x33d604fc                dwUSBBufWritePtr
                0x33d604d0                clk_powerregs
                0x33d60500                dwWillDMACnt
                0x33d604f8                dwUSBBufReadPtr
                0x33d60508                dwUSBBufBase
                0x33d60504                bDMAPending
                0x33d604b8                menuUsed
 .bss           0x33d60514       0x24 modules/usb.module(usbin.o)
                0x33d60514                transferIndex
                0x33d60518                ep1Buf
 .bss           0x33d60538      0x204 modules/wince.module(ebootloader.o)
                0x33d6053c                toc
                0x33d60538                JumpAddr
 .bss           0x33d6073c        0x4 modules/wince.module(extract_wince_image.o)
                0x33d6073c                g_dwCntReadFrmUSB
 .bss           0x33d60740      0x200 common/libcommon.a(main.o)
                0x33d60740                console_buffer
 .bss           0x33d60940       0x40 common/libcommon.a(cmd_bootm.o)
                0x33d60940                header
 .bss           0x33d60980      0x2ac common/libcommon.a(cmd_jffs2.o)
                0x33d60980                mtdids
                0x33d60988                devices
 .bss           0x33d60c2c       0x88 common/libcommon.a(cmd_load.o)
                0x33d60c50                his_eol
                0x33d60c5c                os_data_init
                0x33d60c2c                os_data_count
                0x33d60c58                his_pad_char
                0x33d60c78                send_ptr
                0x33d60c59                his_quote
                0x33d60c64                send_parms
                0x33d60c60                os_data_char
                0x33d60c54                his_pad_count
                0x33d60c30                os_data_header
 .bss           0x33d60cb4       0x14 common/libcommon.a(cmd_mem.o)
                0x33d60cb8                dp_last_size
                0x33d60cc0                mm_last_size
                0x33d60cbc                mm_last_addr
                0x33d60cb4                dp_last_addr
 .bss           0x33d60cc8        0x4 common/libcommon.a(cmd_usbslave.o)
                0x33d60cc8                g_dwDownloadLen
 .bss           0x33d60ccc        0x8 common/libcommon.a(console.o)
 .bss           0x33d60cd4       0x10 common/libcommon.a(devices.o)
                0x33d60cd4                stdio_devices
                0x33d60ce0                devlist
 .bss           0x33d60ce4       0x3c common/libcommon.a(dlmalloc.o)
 .bss           0x33d60d20        0x4 common/libcommon.a(env_nand.o)
                0x33d60d20                env_ptr
 .bss           0x33d60d24      0x43c common/libcommon.a(xyzModem.o)
 .bss           0x33d61160        0x4 lib_generic/libgeneric.a(string.o)
                0x33d61160                ___strtok
 .bss           0x33d61164      0x400 lib_generic/libgeneric.a(vsprintf.o)
 .bss           0x33d61564     0x10a8 lib_generic/libgeneric.a(zlib.o)
 .bss           0x33d6260c       0x6c board/EmbedSky/libEmbedSky.a(flash.o)
                0x33d6260c                flash_info
 .bss           0x33d62678        0x4 cpu/arm920t/s3c24x0/libs3c24x0.a(serial.o)
                0x33d62678                getc_errno
 .bss           0x33d6267c        0x4 lib_arm/libarm.a(armlinux.o)
 .bss           0x33d62680       0x4c fs/cramfs/libcramfs.a(cramfs.o)
                0x33d62680                super
 .bss           0x33d626cc       0x34 fs/cramfs/libcramfs.a(uncompress.o)
 .bss           0x33d62700        0x8 fs/jffs2/libjffs2.a(jffs2_1pass.o)
 .bss           0x33d62708      0x908 drivers/nand/libnand.a(nand_util.o)

.rel.dyn
                0x33d63010                _end = .
Address of section .text set to 0x33d00000
LOAD cpu/arm920t/start.o
START GROUP
LOAD lib_generic/libgeneric.a
LOAD board/EmbedSky/libEmbedSky.a
LOAD cpu/arm920t/libarm920t.a
LOAD cpu/arm920t/s3c24x0/libs3c24x0.a
LOAD lib_arm/libarm.a
LOAD fs/cramfs/libcramfs.a
LOAD fs/jffs2/libjffs2.a
LOAD net/libnet.a
LOAD rtc/librtc.a
LOAD drivers/libdrivers.a
LOAD drivers/nand/libnand.a
LOAD drivers/nand_legacy/libnand_legacy.a
LOAD drivers/lcd/liblcd.a
LOAD modules/usb.module
LOAD modules/wince.module
LOAD common/libcommon.a
END GROUP
LOAD /opt/EmbedSky/crosstools_3.4.5_softfloat/gcc-3.4.5-glibc-2.3.6/arm-linux/lib/gcc/arm-linux/3.4.5/libgcc.a
OUTPUT(u-boot elf32-littlearm)

.debug_line     0x00000000     0xac59
 .debug_line    0x00000000       0xcd cpu/arm920t/start.o
 .debug_line    0x000000cd      0x150 board/EmbedSky/boot_init.o
 .debug_line    0x0000021d       0x46 board/EmbedSky/lowlevel_init.o
 .debug_line    0x00000263       0xbd cpu/arm920t/libarm920t.a(interrupts.o)
 .debug_line    0x00000320      0x1b0 cpu/arm920t/s3c24x0/libs3c24x0.a(interrupts.o)
 .debug_line    0x000004d0      0x177 cpu/arm920t/s3c24x0/libs3c24x0.a(speed.o)
 .debug_line    0x00000647       0x5c lib_arm/libarm.a(_udivsi3.o)
 .debug_line    0x000006a3      0x1d9 lib_arm/libarm.a(board.o)
 .debug_line    0x0000087c      0x17f lib_arm/libarm.a(boot_zImage.o)
 .debug_line    0x000009fb       0x33 lib_arm/libarm.a(div0.o)
 .debug_line    0x00000a2e      0x702 net/libnet.a(net.o)
 .debug_line    0x00001130      0x2a4 net/libnet.a(tftp.o)
 .debug_line    0x000013d4      0x2bc net/libnet.a(bootp.o)
 .debug_line    0x00001690       0xe9 net/libnet.a(rarp.o)
 .debug_line    0x00001779       0xaf net/libnet.a(eth.o)
 .debug_line    0x00001828      0x21e drivers/libdrivers.a(dm9000x.o)
 .debug_line    0x00001a46      0x163 drivers/nand/libnand.a(nand.o)
 .debug_line    0x00001ba9      0x83d drivers/nand/libnand.a(nand_base.o)
 .debug_line    0x000023e6       0x69 drivers/nand/libnand.a(nand_ids.o)
 .debug_line    0x0000244f      0x1af drivers/nand/libnand.a(nand_ecc.o)
 .debug_line    0x000025fe      0x46c drivers/nand/libnand.a(nand_bbt.o)
 .debug_line    0x00002a6a      0x2e5 drivers/lcd/liblcd.a(embedsky_lcd.o)
 .debug_line    0x00002d4f       0x99 modules/usb.module(usbmain.o)
 .debug_line    0x00002de8       0xf2 modules/usb.module(usbout.o)
 .debug_line    0x00002eda      0x1f1 modules/usb.module(usbsetup.o)
 .debug_line    0x000030cb      0x224 modules/usb.module(usbinit.o)
 .debug_line    0x000032ef       0x7d modules/usb.module(usbin.o)
 .debug_line    0x0000336c       0xea modules/usb.module(usblib.o)
 .debug_line    0x00003456      0x2a6 modules/wince.module(wince_cmds.o)
 .debug_line    0x000036fc      0x27d modules/wince.module(ebootloader.o)
 .debug_line    0x00003979      0x1a4 modules/wince.module(extract_wince_image.o)
 .debug_line    0x00003b1d      0x20b common/libcommon.a(main.o)
 .debug_line    0x00003d28      0x1ea common/libcommon.a(cmd_autoscript.o)
 .debug_line    0x00003f12      0x116 common/libcommon.a(cmd_bdinfo.o)
 .debug_line    0x00004028       0xc9 common/libcommon.a(cmd_boot.o)
 .debug_line    0x000040f1      0x45b common/libcommon.a(cmd_bootm.o)
 .debug_line    0x0000454c       0xa6 common/libcommon.a(cmd_cache.o)
 .debug_line    0x000045f2       0xa1 common/libcommon.a(cmd_console.o)
 .debug_line    0x00004693      0x157 common/libcommon.a(cmd_date.o)
 .debug_line    0x000047ea      0x19f common/libcommon.a(cmd_elf.o)
 .debug_line    0x00004989      0x2f3 common/libcommon.a(cmd_flash.o)
 .debug_line    0x00004c7c      0x10e common/libcommon.a(cmd_itest.o)
 .debug_line    0x00004d8a      0x936 common/libcommon.a(cmd_jffs2.o)
 .debug_line    0x000056c0      0x3d5 common/libcommon.a(cmd_load.o)
 .debug_line    0x00005a95      0x292 common/libcommon.a(cmd_mem.o)
 .debug_line    0x00005d27       0xc2 common/libcommon.a(cmd_misc.o)
 .debug_line    0x00005de9      0x431 common/libcommon.a(cmd_nand.o)
 .debug_line    0x0000621a      0x12c common/libcommon.a(cmd_net.o)
 .debug_line    0x00006346      0x297 common/libcommon.a(cmd_nvedit.o)
 .debug_line    0x000065dd      0x14e common/libcommon.a(cmd_usbslave.o)
 .debug_line    0x0000672b      0x1c3 common/libcommon.a(cmd_menu.o)
 .debug_line    0x000068ee      0x10b common/libcommon.a(command.o)
 .debug_line    0x000069f9      0x25e common/libcommon.a(console.o)
 .debug_line    0x00006c57      0x13b common/libcommon.a(devices.o)
 .debug_line    0x00006d92      0x391 common/libcommon.a(dlmalloc.o)
 .debug_line    0x00007123      0x13a common/libcommon.a(env_common.o)
 .debug_line    0x0000725d      0x20e common/libcommon.a(env_nand.o)
 .debug_line    0x0000746b       0xcf common/libcommon.a(exports.o)
 .debug_line    0x0000753a      0x139 common/libcommon.a(flash.o)
 .debug_line    0x00007673       0xff common/libcommon.a(lists.o)
 .debug_line    0x00007772      0x101 common/libcommon.a(s_record.o)
 .debug_line    0x00007873      0x222 common/libcommon.a(xyzModem.o)
 .debug_line    0x00007a95       0xb7 common/libcommon.a(crc16.o)
 .debug_line    0x00007b4c       0x92 lib_generic/libgeneric.a(crc32.o)
 .debug_line    0x00007bde       0x25 lib_generic/libgeneric.a(ctype.o)
 .debug_line    0x00007c03       0x99 lib_generic/libgeneric.a(display_options.o)
 .debug_line    0x00007c9c      0x1ae lib_generic/libgeneric.a(string.o)
 .debug_line    0x00007e4a      0x204 lib_generic/libgeneric.a(vsprintf.o)
 .debug_line    0x0000804e      0x5cd lib_generic/libgeneric.a(zlib.o)
 .debug_line    0x0000861b      0x13b board/EmbedSky/libEmbedSky.a(EmbedSky.o)
 .debug_line    0x00008756      0x202 board/EmbedSky/libEmbedSky.a(flash.o)
 .debug_line    0x00008958      0x13f cpu/arm920t/libarm920t.a(cpu.o)
 .debug_line    0x00008a97      0x181 cpu/arm920t/s3c24x0/libs3c24x0.a(serial.o)
 .debug_line    0x00008c18      0x1ea cpu/arm920t/s3c24x0/libs3c24x0.a(nand_flash.o)
 .debug_line    0x00008e02       0x3d lib_arm/libarm.a(_ashldi3.o)
 .debug_line    0x00008e3f       0x3d lib_arm/libarm.a(_ashrdi3.o)
 .debug_line    0x00008e7c       0x63 lib_arm/libarm.a(_divsi3.o)
 .debug_line    0x00008edf       0x51 lib_arm/libarm.a(_modsi3.o)
 .debug_line    0x00008f30       0x63 lib_arm/libarm.a(_umodsi3.o)
 .debug_line    0x00008f93      0x226 lib_arm/libarm.a(armlinux.o)
 .debug_line    0x000091b9       0x34 lib_arm/libarm.a(cache.o)
 .debug_line    0x000091ed      0x25a fs/cramfs/libcramfs.a(cramfs.o)
 .debug_line    0x00009447       0x9c fs/cramfs/libcramfs.a(uncompress.o)
 .debug_line    0x000094e3      0x6d0 fs/jffs2/libjffs2.a(jffs2_1pass.o)
 .debug_line    0x00009bb3       0x97 fs/jffs2/libjffs2.a(compr_rtime.o)
 .debug_line    0x00009c4a       0xc2 fs/jffs2/libjffs2.a(compr_rubin.o)
 .debug_line    0x00009d0c       0x76 fs/jffs2/libjffs2.a(compr_zlib.o)
 .debug_line    0x00009d82      0x3bb fs/jffs2/libjffs2.a(mini_inflate.o)
 .debug_line    0x0000a13d       0xbe rtc/librtc.a(date.o)
 .debug_line    0x0000a1fb      0x12f rtc/librtc.a(s3c24x0_rtc.o)
 .debug_line    0x0000a32a      0x3b5 drivers/nand/libnand.a(nand_util.o)
 .debug_line    0x0000a6df      0x1ef /opt/EmbedSky/crosstools_3.4.5_softfloat/gcc-3.4.5-glibc-2.3.6/arm-linux/lib/gcc/arm-linux/3.4.5/libgcc.a(_addsubdf3.oS)
 .debug_line    0x0000a8ce      0x287 /opt/EmbedSky/crosstools_3.4.5_softfloat/gcc-3.4.5-glibc-2.3.6/arm-linux/lib/gcc/arm-linux/3.4.5/libgcc.a(_muldivdf3.oS)
 .debug_line    0x0000ab55       0xd0 /opt/EmbedSky/crosstools_3.4.5_softfloat/gcc-3.4.5-glibc-2.3.6/arm-linux/lib/gcc/arm-linux/3.4.5/libgcc.a(_fixdfsi.oS)
 .debug_line    0x0000ac25       0x1a /opt/EmbedSky/crosstools_3.4.5_softfloat/gcc-3.4.5-glibc-2.3.6/arm-linux/lib/gcc/arm-linux/3.4.5/libgcc.a(_udivdi3.oS)
 .debug_line    0x0000ac3f       0x1a /opt/EmbedSky/crosstools_3.4.5_softfloat/gcc-3.4.5-glibc-2.3.6/arm-linux/lib/gcc/arm-linux/3.4.5/libgcc.a(_clz.oS)

.debug_info     0x00000000    0x2a7c9
 .debug_info    0x00000000       0x5f cpu/arm920t/start.o
 .debug_info    0x0000005f      0x81e board/EmbedSky/boot_init.o
 .debug_info    0x0000087d       0x6a board/EmbedSky/lowlevel_init.o
 .debug_info    0x000008e7      0x273 cpu/arm920t/libarm920t.a(interrupts.o)
 .debug_info    0x00000b5a      0x9c1 cpu/arm920t/s3c24x0/libs3c24x0.a(interrupts.o)
 .debug_info    0x0000151b      0x3ec cpu/arm920t/s3c24x0/libs3c24x0.a(speed.o)
 .debug_info    0x00001907       0x5e lib_arm/libarm.a(_udivsi3.o)
 .debug_info    0x00001965      0x4ea lib_arm/libarm.a(board.o)
 .debug_info    0x00001e4f      0x741 lib_arm/libarm.a(boot_zImage.o)
 .debug_info    0x00002590       0x44 lib_arm/libarm.a(div0.o)
 .debug_info    0x000025d4     0x16c6 net/libnet.a(net.o)
 .debug_info    0x00003c9a      0x447 net/libnet.a(tftp.o)
 .debug_info    0x000040e1      0x8c2 net/libnet.a(bootp.o)
 .debug_info    0x000049a3      0x245 net/libnet.a(rarp.o)
 .debug_info    0x00004be8      0x17d net/libnet.a(eth.o)
 .debug_info    0x00004d65      0x6ad drivers/libdrivers.a(dm9000x.o)
 .debug_info    0x00005412      0xc61 drivers/nand/libnand.a(nand.o)
 .debug_info    0x00006073     0x2346 drivers/nand/libnand.a(nand_base.o)
 .debug_info    0x000083b9      0x156 drivers/nand/libnand.a(nand_ids.o)
 .debug_info    0x0000850f      0x7e4 drivers/nand/libnand.a(nand_ecc.o)
 .debug_info    0x00008cf3     0x1794 drivers/nand/libnand.a(nand_bbt.o)
 .debug_info    0x0000a487      0xe00 drivers/lcd/liblcd.a(embedsky_lcd.o)
 .debug_info    0x0000b287      0x611 modules/usb.module(usbmain.o)
 .debug_info    0x0000b898      0x769 modules/usb.module(usbout.o)
 .debug_info    0x0000c001      0xb09 modules/usb.module(usbsetup.o)
 .debug_info    0x0000cb0a      0xe64 modules/usb.module(usbinit.o)
 .debug_info    0x0000d96e      0x589 modules/usb.module(usbin.o)
 .debug_info    0x0000def7      0x882 modules/usb.module(usblib.o)
 .debug_info    0x0000e779      0xbec modules/wince.module(wince_cmds.o)
 .debug_info    0x0000f365     0x1244 modules/wince.module(ebootloader.o)
 .debug_info    0x000105a9      0x7fb modules/wince.module(extract_wince_image.o)
 .debug_info    0x00010da4      0x6e5 common/libcommon.a(main.o)
 .debug_info    0x00011489      0x3fc common/libcommon.a(cmd_autoscript.o)
 .debug_info    0x00011885      0x368 common/libcommon.a(cmd_bdinfo.o)
 .debug_info    0x00011bed      0x1c8 common/libcommon.a(cmd_boot.o)
 .debug_info    0x00011db5     0x1180 common/libcommon.a(cmd_bootm.o)
 .debug_info    0x00012f35      0x218 common/libcommon.a(cmd_cache.o)
 .debug_info    0x0001314d      0x37d common/libcommon.a(cmd_console.o)
 .debug_info    0x000134ca      0x4fb common/libcommon.a(cmd_date.o)
 .debug_info    0x000139c5      0x506 common/libcommon.a(cmd_elf.o)
 .debug_info    0x00013ecb      0x9bb common/libcommon.a(cmd_flash.o)
 .debug_info    0x00014886      0x42a common/libcommon.a(cmd_itest.o)
 .debug_info    0x00014cb0     0x201d common/libcommon.a(cmd_jffs2.o)
 .debug_info    0x00016ccd      0xe3d common/libcommon.a(cmd_load.o)
 .debug_info    0x00017b0a      0xa16 common/libcommon.a(cmd_mem.o)
 .debug_info    0x00018520      0x1aa common/libcommon.a(cmd_misc.o)
 .debug_info    0x000186ca     0x1861 common/libcommon.a(cmd_nand.o)
 .debug_info    0x00019f2b      0x4d1 common/libcommon.a(cmd_net.o)
 .debug_info    0x0001a3fc      0x827 common/libcommon.a(cmd_nvedit.o)
 .debug_info    0x0001ac23      0x24b common/libcommon.a(cmd_usbslave.o)
 .debug_info    0x0001ae6e      0x4aa common/libcommon.a(cmd_menu.o)
 .debug_info    0x0001b318      0x3f4 common/libcommon.a(command.o)
 .debug_info    0x0001b70c      0x855 common/libcommon.a(console.o)
 .debug_info    0x0001bf61      0x485 common/libcommon.a(devices.o)
 .debug_info    0x0001c3e6      0xb59 common/libcommon.a(dlmalloc.o)
 .debug_info    0x0001cf3f      0x378 common/libcommon.a(env_common.o)
 .debug_info    0x0001d2b7      0xa33 common/libcommon.a(env_nand.o)
 .debug_info    0x0001dcea      0x255 common/libcommon.a(exports.o)
 .debug_info    0x0001df3f      0x2f4 common/libcommon.a(flash.o)
 .debug_info    0x0001e233      0x4df common/libcommon.a(lists.o)
 .debug_info    0x0001e712      0x17a common/libcommon.a(s_record.o)
 .debug_info    0x0001e88c      0x625 common/libcommon.a(xyzModem.o)
 .debug_info    0x0001eeb1      0x10f common/libcommon.a(crc16.o)
 .debug_info    0x0001efc0      0x16d lib_generic/libgeneric.a(crc32.o)
 .debug_info    0x0001f12d       0x56 lib_generic/libgeneric.a(ctype.o)
 .debug_info    0x0001f183      0x120 lib_generic/libgeneric.a(display_options.o)
 .debug_info    0x0001f2a3      0x828 lib_generic/libgeneric.a(string.o)
 .debug_info    0x0001facb      0x477 lib_generic/libgeneric.a(vsprintf.o)
 .debug_info    0x0001ff42     0x16ca lib_generic/libgeneric.a(zlib.o)
 .debug_info    0x0002160c      0x5c2 board/EmbedSky/libEmbedSky.a(EmbedSky.o)
 .debug_info    0x00021bce      0x3e4 board/EmbedSky/libEmbedSky.a(flash.o)
 .debug_info    0x00021fb2      0x4b5 cpu/arm920t/libarm920t.a(cpu.o)
 .debug_info    0x00022467      0x555 cpu/arm920t/s3c24x0/libs3c24x0.a(serial.o)
 .debug_info    0x000229bc     0x10b1 cpu/arm920t/s3c24x0/libs3c24x0.a(nand_flash.o)
 .debug_info    0x00023a6d       0x5e lib_arm/libarm.a(_ashldi3.o)
 .debug_info    0x00023acb       0x5e lib_arm/libarm.a(_ashrdi3.o)
 .debug_info    0x00023b29       0x5d lib_arm/libarm.a(_divsi3.o)
 .debug_info    0x00023b86       0x5d lib_arm/libarm.a(_modsi3.o)
 .debug_info    0x00023be3       0x5e lib_arm/libarm.a(_umodsi3.o)
 .debug_info    0x00023c41      0xa94 lib_arm/libarm.a(armlinux.o)
 .debug_info    0x000246d5       0xa8 lib_arm/libarm.a(cache.o)
 .debug_info    0x0002477d      0x770 fs/cramfs/libcramfs.a(cramfs.o)
 .debug_info    0x00024eed      0x35c fs/cramfs/libcramfs.a(uncompress.o)
 .debug_info    0x00025249     0x260f fs/jffs2/libjffs2.a(jffs2_1pass.o)
 .debug_info    0x00027858      0x139 fs/jffs2/libjffs2.a(compr_rtime.o)
 .debug_info    0x00027991      0x1e8 fs/jffs2/libjffs2.a(compr_rubin.o)
 .debug_info    0x00027b79       0xd7 fs/jffs2/libjffs2.a(compr_zlib.o)
 .debug_info    0x00027c50      0xc25 fs/jffs2/libjffs2.a(mini_inflate.o)
 .debug_info    0x00028875      0x253 rtc/librtc.a(date.o)
 .debug_info    0x00028ac8      0x6ac rtc/librtc.a(s3c24x0_rtc.o)
 .debug_info    0x00029174     0x13af drivers/nand/libnand.a(nand_util.o)
 .debug_info    0x0002a523       0xe2 /opt/EmbedSky/crosstools_3.4.5_softfloat/gcc-3.4.5-glibc-2.3.6/arm-linux/lib/gcc/arm-linux/3.4.5/libgcc.a(_addsubdf3.oS)
 .debug_info    0x0002a605       0xe2 /opt/EmbedSky/crosstools_3.4.5_softfloat/gcc-3.4.5-glibc-2.3.6/arm-linux/lib/gcc/arm-linux/3.4.5/libgcc.a(_muldivdf3.oS)
 .debug_info    0x0002a6e7       0xe2 /opt/EmbedSky/crosstools_3.4.5_softfloat/gcc-3.4.5-glibc-2.3.6/arm-linux/lib/gcc/arm-linux/3.4.5/libgcc.a(_fixdfsi.oS)

.debug_abbrev   0x00000000     0x85a5
 .debug_abbrev  0x00000000       0x14 cpu/arm920t/start.o
 .debug_abbrev  0x00000014      0x274 board/EmbedSky/boot_init.o
 .debug_abbrev  0x00000288       0x14 board/EmbedSky/lowlevel_init.o
 .debug_abbrev  0x0000029c       0xf1 cpu/arm920t/libarm920t.a(interrupts.o)
 .debug_abbrev  0x0000038d      0x250 cpu/arm920t/s3c24x0/libs3c24x0.a(interrupts.o)
 .debug_abbrev  0x000005dd      0x147 cpu/arm920t/s3c24x0/libs3c24x0.a(speed.o)
 .debug_abbrev  0x00000724       0x14 lib_arm/libarm.a(_udivsi3.o)
 .debug_abbrev  0x00000738      0x202 lib_arm/libarm.a(board.o)
 .debug_abbrev  0x0000093a      0x25b lib_arm/libarm.a(boot_zImage.o)
 .debug_abbrev  0x00000b95       0x3a lib_arm/libarm.a(div0.o)
 .debug_abbrev  0x00000bcf      0x2fc net/libnet.a(net.o)
 .debug_abbrev  0x00000ecb      0x19e net/libnet.a(tftp.o)
 .debug_abbrev  0x00001069      0x261 net/libnet.a(bootp.o)
 .debug_abbrev  0x000012ca      0x108 net/libnet.a(rarp.o)
 .debug_abbrev  0x000013d2       0xac net/libnet.a(eth.o)
 .debug_abbrev  0x0000147e      0x21d drivers/libdrivers.a(dm9000x.o)
 .debug_abbrev  0x0000169b      0x18a drivers/nand/libnand.a(nand.o)
 .debug_abbrev  0x00001825      0x32a drivers/nand/libnand.a(nand_base.o)
 .debug_abbrev  0x00001b4f       0x83 drivers/nand/libnand.a(nand_ids.o)
 .debug_abbrev  0x00001bd2      0x171 drivers/nand/libnand.a(nand_ecc.o)
 .debug_abbrev  0x00001d43      0x2b1 drivers/nand/libnand.a(nand_bbt.o)
 .debug_abbrev  0x00001ff4      0x27c drivers/lcd/liblcd.a(embedsky_lcd.o)
 .debug_abbrev  0x00002270      0x159 modules/usb.module(usbmain.o)
 .debug_abbrev  0x000023c9      0x167 modules/usb.module(usbout.o)
 .debug_abbrev  0x00002530      0x17e modules/usb.module(usbsetup.o)
 .debug_abbrev  0x000026ae      0x1e6 modules/usb.module(usbinit.o)
 .debug_abbrev  0x00002894      0x13a modules/usb.module(usbin.o)
 .debug_abbrev  0x000029ce      0x140 modules/usb.module(usblib.o)
 .debug_abbrev  0x00002b0e      0x239 modules/wince.module(wince_cmds.o)
 .debug_abbrev  0x00002d47      0x24b modules/wince.module(ebootloader.o)
 .debug_abbrev  0x00002f92      0x21a modules/wince.module(extract_wince_image.o)
 .debug_abbrev  0x000031ac      0x24b common/libcommon.a(main.o)
 .debug_abbrev  0x000033f7      0x141 common/libcommon.a(cmd_autoscript.o)
 .debug_abbrev  0x00003538      0x119 common/libcommon.a(cmd_bdinfo.o)
 .debug_abbrev  0x00003651       0xd6 common/libcommon.a(cmd_boot.o)
 .debug_abbrev  0x00003727      0x29f common/libcommon.a(cmd_bootm.o)
 .debug_abbrev  0x000039c6       0xe5 common/libcommon.a(cmd_cache.o)
 .debug_abbrev  0x00003aab      0x134 common/libcommon.a(cmd_console.o)
 .debug_abbrev  0x00003bdf      0x15a common/libcommon.a(cmd_date.o)
 .debug_abbrev  0x00003d39      0x178 common/libcommon.a(cmd_elf.o)
 .debug_abbrev  0x00003eb1      0x1b8 common/libcommon.a(cmd_flash.o)
 .debug_abbrev  0x00004069      0x17f common/libcommon.a(cmd_itest.o)
 .debug_abbrev  0x000041e8      0x342 common/libcommon.a(cmd_jffs2.o)
 .debug_abbrev  0x0000452a      0x30a common/libcommon.a(cmd_load.o)
 .debug_abbrev  0x00004834      0x1c0 common/libcommon.a(cmd_mem.o)
 .debug_abbrev  0x000049f4       0xc7 common/libcommon.a(cmd_misc.o)
 .debug_abbrev  0x00004abb      0x2d3 common/libcommon.a(cmd_nand.o)
 .debug_abbrev  0x00004d8e      0x17b common/libcommon.a(cmd_net.o)
 .debug_abbrev  0x00004f09      0x22e common/libcommon.a(cmd_nvedit.o)
 .debug_abbrev  0x00005137       0xfe common/libcommon.a(cmd_usbslave.o)
 .debug_abbrev  0x00005235      0x1a1 common/libcommon.a(cmd_menu.o)
 .debug_abbrev  0x000053d6      0x18b common/libcommon.a(command.o)
 .debug_abbrev  0x00005561      0x23a common/libcommon.a(console.o)
 .debug_abbrev  0x0000579b      0x15b common/libcommon.a(devices.o)
 .debug_abbrev  0x000058f6      0x1d6 common/libcommon.a(dlmalloc.o)
 .debug_abbrev  0x00005acc      0x149 common/libcommon.a(env_common.o)
 .debug_abbrev  0x00005c15      0x22a common/libcommon.a(env_nand.o)
 .debug_abbrev  0x00005e3f       0xf3 common/libcommon.a(exports.o)
 .debug_abbrev  0x00005f32      0x116 common/libcommon.a(flash.o)
 .debug_abbrev  0x00006048      0x18e common/libcommon.a(lists.o)
 .debug_abbrev  0x000061d6       0xac common/libcommon.a(s_record.o)
 .debug_abbrev  0x00006282      0x214 common/libcommon.a(xyzModem.o)
 .debug_abbrev  0x00006496       0x9f common/libcommon.a(crc16.o)
 .debug_abbrev  0x00006535       0x90 lib_generic/libgeneric.a(crc32.o)
 .debug_abbrev  0x000065c5       0x42 lib_generic/libgeneric.a(ctype.o)
 .debug_abbrev  0x00006607       0xc3 lib_generic/libgeneric.a(display_options.o)
 .debug_abbrev  0x000066ca      0x136 lib_generic/libgeneric.a(string.o)
 .debug_abbrev  0x00006800      0x1c5 lib_generic/libgeneric.a(vsprintf.o)
 .debug_abbrev  0x000069c5      0x271 lib_generic/libgeneric.a(zlib.o)
 .debug_abbrev  0x00006c36      0x13b board/EmbedSky/libEmbedSky.a(EmbedSky.o)
 .debug_abbrev  0x00006d71      0x18e board/EmbedSky/libEmbedSky.a(flash.o)
 .debug_abbrev  0x00006eff      0x164 cpu/arm920t/libarm920t.a(cpu.o)
 .debug_abbrev  0x00007063      0x19c cpu/arm920t/s3c24x0/libs3c24x0.a(serial.o)
 .debug_abbrev  0x000071ff      0x1ef cpu/arm920t/s3c24x0/libs3c24x0.a(nand_flash.o)
 .debug_abbrev  0x000073ee       0x14 lib_arm/libarm.a(_ashldi3.o)
 .debug_abbrev  0x00007402       0x14 lib_arm/libarm.a(_ashrdi3.o)
 .debug_abbrev  0x00007416       0x14 lib_arm/libarm.a(_divsi3.o)
 .debug_abbrev  0x0000742a       0x14 lib_arm/libarm.a(_modsi3.o)
 .debug_abbrev  0x0000743e       0x14 lib_arm/libarm.a(_umodsi3.o)
 .debug_abbrev  0x00007452      0x1f7 lib_arm/libarm.a(armlinux.o)
 .debug_abbrev  0x00007649       0x4e lib_arm/libarm.a(cache.o)
 .debug_abbrev  0x00007697      0x1ac fs/cramfs/libcramfs.a(cramfs.o)
 .debug_abbrev  0x00007843      0x150 fs/cramfs/libcramfs.a(uncompress.o)
 .debug_abbrev  0x00007993      0x31a fs/jffs2/libjffs2.a(jffs2_1pass.o)
 .debug_abbrev  0x00007cad       0x9d fs/jffs2/libjffs2.a(compr_rtime.o)
 .debug_abbrev  0x00007d4a       0xc4 fs/jffs2/libjffs2.a(compr_rubin.o)
 .debug_abbrev  0x00007e0e       0x66 fs/jffs2/libjffs2.a(compr_zlib.o)
 .debug_abbrev  0x00007e74      0x253 fs/jffs2/libjffs2.a(mini_inflate.o)
 .debug_abbrev  0x000080c7       0xdc rtc/librtc.a(date.o)
 .debug_abbrev  0x000081a3      0x1c0 rtc/librtc.a(s3c24x0_rtc.o)
 .debug_abbrev  0x00008363      0x206 drivers/nand/libnand.a(nand_util.o)
 .debug_abbrev  0x00008569       0x14 /opt/EmbedSky/crosstools_3.4.5_softfloat/gcc-3.4.5-glibc-2.3.6/arm-linux/lib/gcc/arm-linux/3.4.5/libgcc.a(_addsubdf3.oS)
 .debug_abbrev  0x0000857d       0x14 /opt/EmbedSky/crosstools_3.4.5_softfloat/gcc-3.4.5-glibc-2.3.6/arm-linux/lib/gcc/arm-linux/3.4.5/libgcc.a(_muldivdf3.oS)
 .debug_abbrev  0x00008591       0x14 /opt/EmbedSky/crosstools_3.4.5_softfloat/gcc-3.4.5-glibc-2.3.6/arm-linux/lib/gcc/arm-linux/3.4.5/libgcc.a(_fixdfsi.oS)

.debug_aranges  0x00000000      0xb80
 .debug_aranges
                0x00000000       0x20 cpu/arm920t/start.o
 .debug_aranges
                0x00000020       0x20 board/EmbedSky/boot_init.o
 .debug_aranges
                0x00000040       0x20 board/EmbedSky/lowlevel_init.o
 .debug_aranges
                0x00000060       0x20 cpu/arm920t/libarm920t.a(interrupts.o)
 .debug_aranges
                0x00000080       0x20 cpu/arm920t/s3c24x0/libs3c24x0.a(interrupts.o)
 .debug_aranges
                0x000000a0       0x20 cpu/arm920t/s3c24x0/libs3c24x0.a(speed.o)
 .debug_aranges
                0x000000c0       0x20 lib_arm/libarm.a(_udivsi3.o)
 .debug_aranges
                0x000000e0       0x20 lib_arm/libarm.a(board.o)
 .debug_aranges
                0x00000100       0x20 lib_arm/libarm.a(boot_zImage.o)
 .debug_aranges
                0x00000120       0x20 lib_arm/libarm.a(div0.o)
 .debug_aranges
                0x00000140       0x20 net/libnet.a(net.o)
 .debug_aranges
                0x00000160       0x20 net/libnet.a(tftp.o)
 .debug_aranges
                0x00000180       0x20 net/libnet.a(bootp.o)
 .debug_aranges
                0x000001a0       0x20 net/libnet.a(rarp.o)
 .debug_aranges
                0x000001c0       0x20 net/libnet.a(eth.o)
 .debug_aranges
                0x000001e0       0x20 drivers/libdrivers.a(dm9000x.o)
 .debug_aranges
                0x00000200       0x20 drivers/nand/libnand.a(nand.o)
 .debug_aranges
                0x00000220       0x20 drivers/nand/libnand.a(nand_base.o)
 .debug_aranges
                0x00000240       0x20 drivers/nand/libnand.a(nand_ecc.o)
 .debug_aranges
                0x00000260       0x20 drivers/nand/libnand.a(nand_bbt.o)
 .debug_aranges
                0x00000280       0x20 drivers/lcd/liblcd.a(embedsky_lcd.o)
 .debug_aranges
                0x000002a0       0x20 modules/usb.module(usbmain.o)
 .debug_aranges
                0x000002c0       0x20 modules/usb.module(usbout.o)
 .debug_aranges
                0x000002e0       0x20 modules/usb.module(usbsetup.o)
 .debug_aranges
                0x00000300       0x20 modules/usb.module(usbinit.o)
 .debug_aranges
                0x00000320       0x20 modules/usb.module(usbin.o)
 .debug_aranges
                0x00000340       0x20 modules/usb.module(usblib.o)
 .debug_aranges
                0x00000360       0x20 modules/wince.module(wince_cmds.o)
 .debug_aranges
                0x00000380       0x20 modules/wince.module(ebootloader.o)
 .debug_aranges
                0x000003a0       0x20 modules/wince.module(extract_wince_image.o)
 .debug_aranges
                0x000003c0       0x20 common/libcommon.a(main.o)
 .debug_aranges
                0x000003e0       0x20 common/libcommon.a(cmd_autoscript.o)
 .debug_aranges
                0x00000400       0x20 common/libcommon.a(cmd_bdinfo.o)
 .debug_aranges
                0x00000420       0x20 common/libcommon.a(cmd_boot.o)
 .debug_aranges
                0x00000440       0x20 common/libcommon.a(cmd_bootm.o)
 .debug_aranges
                0x00000460       0x20 common/libcommon.a(cmd_cache.o)
 .debug_aranges
                0x00000480       0x20 common/libcommon.a(cmd_console.o)
 .debug_aranges
                0x000004a0       0x20 common/libcommon.a(cmd_date.o)
 .debug_aranges
                0x000004c0       0x20 common/libcommon.a(cmd_elf.o)
 .debug_aranges
                0x000004e0       0x20 common/libcommon.a(cmd_flash.o)
 .debug_aranges
                0x00000500       0x20 common/libcommon.a(cmd_itest.o)
 .debug_aranges
                0x00000520       0x20 common/libcommon.a(cmd_jffs2.o)
 .debug_aranges
                0x00000540       0x20 common/libcommon.a(cmd_load.o)
 .debug_aranges
                0x00000560       0x20 common/libcommon.a(cmd_mem.o)
 .debug_aranges
                0x00000580       0x20 common/libcommon.a(cmd_misc.o)
 .debug_aranges
                0x000005a0       0x20 common/libcommon.a(cmd_nand.o)
 .debug_aranges
                0x000005c0       0x20 common/libcommon.a(cmd_net.o)
 .debug_aranges
                0x000005e0       0x20 common/libcommon.a(cmd_nvedit.o)
 .debug_aranges
                0x00000600       0x20 common/libcommon.a(cmd_usbslave.o)
 .debug_aranges
                0x00000620       0x20 common/libcommon.a(cmd_menu.o)
 .debug_aranges
                0x00000640       0x20 common/libcommon.a(command.o)
 .debug_aranges
                0x00000660       0x20 common/libcommon.a(console.o)
 .debug_aranges
                0x00000680       0x20 common/libcommon.a(devices.o)
 .debug_aranges
                0x000006a0       0x20 common/libcommon.a(dlmalloc.o)
 .debug_aranges
                0x000006c0       0x20 common/libcommon.a(env_common.o)
 .debug_aranges
                0x000006e0       0x20 common/libcommon.a(env_nand.o)
 .debug_aranges
                0x00000700       0x20 common/libcommon.a(exports.o)
 .debug_aranges
                0x00000720       0x20 common/libcommon.a(flash.o)
 .debug_aranges
                0x00000740       0x20 common/libcommon.a(lists.o)
 .debug_aranges
                0x00000760       0x20 common/libcommon.a(s_record.o)
 .debug_aranges
                0x00000780       0x20 common/libcommon.a(xyzModem.o)
 .debug_aranges
                0x000007a0       0x20 common/libcommon.a(crc16.o)
 .debug_aranges
                0x000007c0       0x20 lib_generic/libgeneric.a(crc32.o)
 .debug_aranges
                0x000007e0       0x20 lib_generic/libgeneric.a(display_options.o)
 .debug_aranges
                0x00000800       0x20 lib_generic/libgeneric.a(string.o)
 .debug_aranges
                0x00000820       0x20 lib_generic/libgeneric.a(vsprintf.o)
 .debug_aranges
                0x00000840       0x20 lib_generic/libgeneric.a(zlib.o)
 .debug_aranges
                0x00000860       0x20 board/EmbedSky/libEmbedSky.a(EmbedSky.o)
 .debug_aranges
                0x00000880       0x20 board/EmbedSky/libEmbedSky.a(flash.o)
 .debug_aranges
                0x000008a0       0x20 cpu/arm920t/libarm920t.a(cpu.o)
 .debug_aranges
                0x000008c0       0x20 cpu/arm920t/s3c24x0/libs3c24x0.a(serial.o)
 .debug_aranges
                0x000008e0       0x20 cpu/arm920t/s3c24x0/libs3c24x0.a(nand_flash.o)
 .debug_aranges
                0x00000900       0x20 lib_arm/libarm.a(_ashldi3.o)
 .debug_aranges
                0x00000920       0x20 lib_arm/libarm.a(_ashrdi3.o)
 .debug_aranges
                0x00000940       0x20 lib_arm/libarm.a(_divsi3.o)
 .debug_aranges
                0x00000960       0x20 lib_arm/libarm.a(_modsi3.o)
 .debug_aranges
                0x00000980       0x20 lib_arm/libarm.a(_umodsi3.o)
 .debug_aranges
                0x000009a0       0x20 lib_arm/libarm.a(armlinux.o)
 .debug_aranges
                0x000009c0       0x20 lib_arm/libarm.a(cache.o)
 .debug_aranges
                0x000009e0       0x20 fs/cramfs/libcramfs.a(cramfs.o)
 .debug_aranges
                0x00000a00       0x20 fs/cramfs/libcramfs.a(uncompress.o)
 .debug_aranges
                0x00000a20       0x20 fs/jffs2/libjffs2.a(jffs2_1pass.o)
 .debug_aranges
                0x00000a40       0x20 fs/jffs2/libjffs2.a(compr_rtime.o)
 .debug_aranges
                0x00000a60       0x20 fs/jffs2/libjffs2.a(compr_rubin.o)
 .debug_aranges
                0x00000a80       0x20 fs/jffs2/libjffs2.a(compr_zlib.o)
 .debug_aranges
                0x00000aa0       0x20 fs/jffs2/libjffs2.a(mini_inflate.o)
 .debug_aranges
                0x00000ac0       0x20 rtc/librtc.a(date.o)
 .debug_aranges
                0x00000ae0       0x20 rtc/librtc.a(s3c24x0_rtc.o)
 .debug_aranges
                0x00000b00       0x20 drivers/nand/libnand.a(nand_util.o)
 .debug_aranges
                0x00000b20       0x20 /opt/EmbedSky/crosstools_3.4.5_softfloat/gcc-3.4.5-glibc-2.3.6/arm-linux/lib/gcc/arm-linux/3.4.5/libgcc.a(_addsubdf3.oS)
 .debug_aranges
                0x00000b40       0x20 /opt/EmbedSky/crosstools_3.4.5_softfloat/gcc-3.4.5-glibc-2.3.6/arm-linux/lib/gcc/arm-linux/3.4.5/libgcc.a(_muldivdf3.oS)
 .debug_aranges
                0x00000b60       0x20 /opt/EmbedSky/crosstools_3.4.5_softfloat/gcc-3.4.5-glibc-2.3.6/arm-linux/lib/gcc/arm-linux/3.4.5/libgcc.a(_fixdfsi.oS)

.debug_frame    0x00000000     0x4198
 .debug_frame   0x00000000      0x15c board/EmbedSky/boot_init.o
 .debug_frame   0x0000015c      0x110 cpu/arm920t/libarm920t.a(interrupts.o)
 .debug_frame   0x0000026c      0x1cc cpu/arm920t/s3c24x0/libs3c24x0.a(interrupts.o)
 .debug_frame   0x00000438       0x7c cpu/arm920t/s3c24x0/libs3c24x0.a(speed.o)
 .debug_frame   0x000004b4       0x8c lib_arm/libarm.a(board.o)
 .debug_frame   0x00000540      0x100 lib_arm/libarm.a(boot_zImage.o)
 .debug_frame   0x00000640       0x20 lib_arm/libarm.a(div0.o)
 .debug_frame   0x00000660      0x2c0 net/libnet.a(net.o)
 .debug_frame   0x00000920       0x8c net/libnet.a(tftp.o)
 .debug_frame   0x000009ac       0x8c net/libnet.a(bootp.o)
 .debug_frame   0x00000a38       0x60 net/libnet.a(rarp.o)
 .debug_frame   0x00000a98       0x20 net/libnet.a(eth.o)
 .debug_frame   0x00000ab8       0xf4 drivers/libdrivers.a(dm9000x.o)
 .debug_frame   0x00000bac       0x28 drivers/nand/libnand.a(nand.o)
 .debug_frame   0x00000bd4      0x460 drivers/nand/libnand.a(nand_base.o)
 .debug_frame   0x00001034       0x54 drivers/nand/libnand.a(nand_ecc.o)
 .debug_frame   0x00001088      0x1a0 drivers/nand/libnand.a(nand_bbt.o)
 .debug_frame   0x00001228      0x1ac drivers/lcd/liblcd.a(embedsky_lcd.o)
 .debug_frame   0x000013d4       0x70 modules/usb.module(usbmain.o)
 .debug_frame   0x00001444       0x80 modules/usb.module(usbout.o)
 .debug_frame   0x000014c4       0x70 modules/usb.module(usbsetup.o)
 .debug_frame   0x00001534      0x128 modules/usb.module(usbinit.o)
 .debug_frame   0x0000165c       0x48 modules/usb.module(usbin.o)
 .debug_frame   0x000016a4       0xd0 modules/usb.module(usblib.o)
 .debug_frame   0x00001774       0xb4 modules/wince.module(wince_cmds.o)
 .debug_frame   0x00001828       0xe8 modules/wince.module(ebootloader.o)
 .debug_frame   0x00001910       0xbc modules/wince.module(extract_wince_image.o)
 .debug_frame   0x000019cc       0xb8 common/libcommon.a(main.o)
 .debug_frame   0x00001a84       0x4c common/libcommon.a(cmd_autoscript.o)
 .debug_frame   0x00001ad0       0x3c common/libcommon.a(cmd_bdinfo.o)
 .debug_frame   0x00001b0c       0x2c common/libcommon.a(cmd_boot.o)
 .debug_frame   0x00001b38       0xf8 common/libcommon.a(cmd_bootm.o)
 .debug_frame   0x00001c30       0x58 common/libcommon.a(cmd_cache.o)
 .debug_frame   0x00001c88       0x30 common/libcommon.a(cmd_console.o)
 .debug_frame   0x00001cb8       0x64 common/libcommon.a(cmd_date.o)
 .debug_frame   0x00001d1c       0x88 common/libcommon.a(cmd_elf.o)
 .debug_frame   0x00001da4      0x124 common/libcommon.a(cmd_flash.o)
 .debug_frame   0x00001ec8       0x74 common/libcommon.a(cmd_itest.o)
 .debug_frame   0x00001f3c      0x2ac common/libcommon.a(cmd_jffs2.o)
 .debug_frame   0x000021e8      0x198 common/libcommon.a(cmd_load.o)
 .debug_frame   0x00002380      0x184 common/libcommon.a(cmd_mem.o)
 .debug_frame   0x00002504       0x30 common/libcommon.a(cmd_misc.o)
 .debug_frame   0x00002534       0xac common/libcommon.a(cmd_nand.o)
 .debug_frame   0x000025e0       0x80 common/libcommon.a(cmd_net.o)